../Core/Src/main.c:94:5:main	16	static
../Core/Src/main.c:223:6:SystemClock_Config	120	static
../Core/Src/main.c:282:13:MX_FDCAN1_Init	8	static
../Core/Src/main.c:335:13:MX_SPI4_Init	8	static
../Core/Src/main.c:383:13:MX_TIM13_Init	40	static
../Core/Src/main.c:429:13:MX_TIM14_Init	40	static
../Core/Src/main.c:475:13:MX_USART3_UART_Init	8	static
../Core/Src/main.c:523:13:MX_GPIO_Init	56	static
../Core/Src/main.c:641:6:StartDefaultTask	56	static
../Core/Src/main.c:787:6:HAL_TIM_PeriodElapsedCallback	16	static
../Core/Src/main.c:804:6:Error_Handler	4	static,ignoring_inline_asm
