../Core/Src/main.c:96:5:main	160	static
../Core/Src/main.c:227:6:SystemClock_Config	120	static
../Core/Src/main.c:286:13:MX_FDCAN1_Init	8	static
../Core/Src/main.c:339:13:MX_SPI1_Init	8	static
../Core/Src/main.c:387:13:MX_SPI4_Init	8	static
../Core/Src/main.c:435:13:MX_TIM13_Init	40	static
../Core/Src/main.c:481:13:MX_TIM14_Init	40	static
../Core/Src/main.c:527:13:MX_USART3_UART_Init	8	static
../Core/Src/main.c:575:13:MX_GPIO_Init	56	static
../Core/Src/main.c:694:6:StartDefaultTask	48	static
../Core/Src/main.c:841:6:HAL_TIM_PeriodElapsedCallback	16	static
../Core/Src/main.c:858:6:Error_Handler	4	static,ignoring_inline_asm
