Archive member included to satisfy reference by file (symbol)

c:/st/stm32cubeide_1.10.1/stm32cubeide/plugins/com.st.stm32cube.ide.mcu.externaltools.gnu-tools-for-stm32.10.3-2021.10.win32_1.0.0.202111181127/tools/bin/../lib/gcc/arm-none-eabi/10.3.1/../../../../arm-none-eabi/lib/thumb/v7e-m+fp/hard\libc_nano.a(lib_a-errno.o)
                              ./Core/Src/syscalls.o (__errno)
c:/st/stm32cubeide_1.10.1/stm32cubeide/plugins/com.st.stm32cube.ide.mcu.externaltools.gnu-tools-for-stm32.10.3-2021.10.win32_1.0.0.202111181127/tools/bin/../lib/gcc/arm-none-eabi/10.3.1/../../../../arm-none-eabi/lib/thumb/v7e-m+fp/hard\libc_nano.a(lib_a-exit.o)
                              c:/st/stm32cubeide_1.10.1/stm32cubeide/plugins/com.st.stm32cube.ide.mcu.externaltools.gnu-tools-for-stm32.10.3-2021.10.win32_1.0.0.202111181127/tools/bin/../lib/gcc/arm-none-eabi/10.3.1/../../../../arm-none-eabi/lib/thumb/v7e-m+fp/hard/crt0.o (exit)
c:/st/stm32cubeide_1.10.1/stm32cubeide/plugins/com.st.stm32cube.ide.mcu.externaltools.gnu-tools-for-stm32.10.3-2021.10.win32_1.0.0.202111181127/tools/bin/../lib/gcc/arm-none-eabi/10.3.1/../../../../arm-none-eabi/lib/thumb/v7e-m+fp/hard\libc_nano.a(lib_a-findfp.o)
                              ./Middlewares/Third_Party/FreeRTOS/tasks.o (__sf_fake_stderr)
c:/st/stm32cubeide_1.10.1/stm32cubeide/plugins/com.st.stm32cube.ide.mcu.externaltools.gnu-tools-for-stm32.10.3-2021.10.win32_1.0.0.202111181127/tools/bin/../lib/gcc/arm-none-eabi/10.3.1/../../../../arm-none-eabi/lib/thumb/v7e-m+fp/hard\libc_nano.a(lib_a-fwalk.o)
                              c:/st/stm32cubeide_1.10.1/stm32cubeide/plugins/com.st.stm32cube.ide.mcu.externaltools.gnu-tools-for-stm32.10.3-2021.10.win32_1.0.0.202111181127/tools/bin/../lib/gcc/arm-none-eabi/10.3.1/../../../../arm-none-eabi/lib/thumb/v7e-m+fp/hard\libc_nano.a(lib_a-findfp.o) (_fwalk)
c:/st/stm32cubeide_1.10.1/stm32cubeide/plugins/com.st.stm32cube.ide.mcu.externaltools.gnu-tools-for-stm32.10.3-2021.10.win32_1.0.0.202111181127/tools/bin/../lib/gcc/arm-none-eabi/10.3.1/../../../../arm-none-eabi/lib/thumb/v7e-m+fp/hard\libc_nano.a(lib_a-impure.o)
                              c:/st/stm32cubeide_1.10.1/stm32cubeide/plugins/com.st.stm32cube.ide.mcu.externaltools.gnu-tools-for-stm32.10.3-2021.10.win32_1.0.0.202111181127/tools/bin/../lib/gcc/arm-none-eabi/10.3.1/../../../../arm-none-eabi/lib/thumb/v7e-m+fp/hard\libc_nano.a(lib_a-exit.o) (_global_impure_ptr)
c:/st/stm32cubeide_1.10.1/stm32cubeide/plugins/com.st.stm32cube.ide.mcu.externaltools.gnu-tools-for-stm32.10.3-2021.10.win32_1.0.0.202111181127/tools/bin/../lib/gcc/arm-none-eabi/10.3.1/../../../../arm-none-eabi/lib/thumb/v7e-m+fp/hard\libc_nano.a(lib_a-init.o)
                              c:/st/stm32cubeide_1.10.1/stm32cubeide/plugins/com.st.stm32cube.ide.mcu.externaltools.gnu-tools-for-stm32.10.3-2021.10.win32_1.0.0.202111181127/tools/bin/../lib/gcc/arm-none-eabi/10.3.1/../../../../arm-none-eabi/lib/thumb/v7e-m+fp/hard/crt0.o (__libc_init_array)
c:/st/stm32cubeide_1.10.1/stm32cubeide/plugins/com.st.stm32cube.ide.mcu.externaltools.gnu-tools-for-stm32.10.3-2021.10.win32_1.0.0.202111181127/tools/bin/../lib/gcc/arm-none-eabi/10.3.1/../../../../arm-none-eabi/lib/thumb/v7e-m+fp/hard\libc_nano.a(lib_a-lock.o)
                              c:/st/stm32cubeide_1.10.1/stm32cubeide/plugins/com.st.stm32cube.ide.mcu.externaltools.gnu-tools-for-stm32.10.3-2021.10.win32_1.0.0.202111181127/tools/bin/../lib/gcc/arm-none-eabi/10.3.1/../../../../arm-none-eabi/lib/thumb/v7e-m+fp/hard\libc_nano.a(lib_a-findfp.o) (__retarget_lock_init_recursive)
c:/st/stm32cubeide_1.10.1/stm32cubeide/plugins/com.st.stm32cube.ide.mcu.externaltools.gnu-tools-for-stm32.10.3-2021.10.win32_1.0.0.202111181127/tools/bin/../lib/gcc/arm-none-eabi/10.3.1/../../../../arm-none-eabi/lib/thumb/v7e-m+fp/hard\libc_nano.a(lib_a-memcpy-stub.o)
                              ./Drivers/STM32H7xx_HAL_Driver/stm32h7xx_hal_fdcan.o (memcpy)
c:/st/stm32cubeide_1.10.1/stm32cubeide/plugins/com.st.stm32cube.ide.mcu.externaltools.gnu-tools-for-stm32.10.3-2021.10.win32_1.0.0.202111181127/tools/bin/../lib/gcc/arm-none-eabi/10.3.1/../../../../arm-none-eabi/lib/thumb/v7e-m+fp/hard\libc_nano.a(lib_a-memset.o)
                              c:/st/stm32cubeide_1.10.1/stm32cubeide/plugins/com.st.stm32cube.ide.mcu.externaltools.gnu-tools-for-stm32.10.3-2021.10.win32_1.0.0.202111181127/tools/bin/../lib/gcc/arm-none-eabi/10.3.1/../../../../arm-none-eabi/lib/thumb/v7e-m+fp/hard/crt0.o (memset)
c:/st/stm32cubeide_1.10.1/stm32cubeide/plugins/com.st.stm32cube.ide.mcu.externaltools.gnu-tools-for-stm32.10.3-2021.10.win32_1.0.0.202111181127/tools/bin/../lib/gcc/arm-none-eabi/10.3.1/../../../../arm-none-eabi/lib/thumb/v7e-m+fp/hard\libc_nano.a(lib_a-nano-mallocr.o)
[...]
Memory Configuration

Name             Origin             Length             Attributes
FLASH            0x0000000008100000 0x0000000000100000 xr
RAM              0x0000000010000000 0x0000000000048000 xrw
*default*        0x0000000000000000 0xffffffffffffffff

Linker script and memory map

LOAD c:/st/stm32cubeide_1.10.1/stm32cubeide/plugins/com.st.stm32cube.ide.mcu.externaltools.gnu-tools-for-stm32.10.3-2021.10.win32_1.0.0.202111181127/tools/bin/../lib/gcc/arm-none-eabi/10.3.1/thumb/v7e-m+fp/hard/crti.o
LOAD c:/st/stm32cubeide_1.10.1/stm32cubeide/plugins/com.st.stm32cube.ide.mcu.externaltools.gnu-tools-for-stm32.10.3-2021.10.win32_1.0.0.202111181127/tools/bin/../lib/gcc/arm-none-eabi/10.3.1/thumb/v7e-m+fp/hard/crtbegin.o
LOAD c:/st/stm32cubeide_1.10.1/stm32cubeide/plugins/com.st.stm32cube.ide.mcu.externaltools.gnu-tools-for-stm32.10.3-2021.10.win32_1.0.0.202111181127/tools/bin/../lib/gcc/arm-none-eabi/10.3.1/../../../../arm-none-eabi/lib/thumb/v7e-m+fp/hard/crt0.o
LOAD ./Common/Src/system_stm32h7xx_dualcore_boot_cm4_cm7.o
LOAD ./Core/Src/freertos.o
LOAD ./Core/Src/main.o
LOAD ./Core/Src/stm32h7xx_hal_msp.o
LOAD ./Core/Src/stm32h7xx_hal_timebase_tim.o
LOAD ./Core/Src/stm32h7xx_it.o
LOAD ./Core/Src/syscalls.o
LOAD ./Core/Src/sysmem.o
LOAD ./Core/Startup/startup_stm32h745zitx.o
LOAD ./Drivers/STM32H7xx_HAL_Driver/stm32h7xx_hal.o
LOAD ./Drivers/STM32H7xx_HAL_Driver/stm32h7xx_hal_cortex.o
LOAD ./Drivers/STM32H7xx_HAL_Driver/stm32h7xx_hal_dma.o
LOAD ./Drivers/STM32H7xx_HAL_Driver/stm32h7xx_hal_dma_ex.o
LOAD ./Drivers/STM32H7xx_HAL_Driver/stm32h7xx_hal_exti.o
LOAD ./Drivers/STM32H7xx_HAL_Driver/stm32h7xx_hal_fdcan.o
LOAD ./Drivers/STM32H7xx_HAL_Driver/stm32h7xx_hal_flash.o
LOAD ./Drivers/STM32H7xx_HAL_Driver/stm32h7xx_hal_flash_ex.o
LOAD ./Drivers/STM32H7xx_HAL_Driver/stm32h7xx_hal_gpio.o
LOAD ./Drivers/STM32H7xx_HAL_Driver/stm32h7xx_hal_hsem.o
LOAD ./Drivers/STM32H7xx_HAL_Driver/stm32h7xx_hal_i2c.o
LOAD ./Drivers/STM32H7xx_HAL_Driver/stm32h7xx_hal_i2c_ex.o
LOAD ./Drivers/STM32H7xx_HAL_Driver/stm32h7xx_hal_mdma.o
LOAD ./Drivers/STM32H7xx_HAL_Driver/stm32h7xx_hal_pwr.o
LOAD ./Drivers/STM32H7xx_HAL_Driver/stm32h7xx_hal_pwr_ex.o
LOAD ./Drivers/STM32H7xx_HAL_Driver/stm32h7xx_hal_rcc.o
LOAD ./Drivers/STM32H7xx_HAL_Driver/stm32h7xx_hal_rcc_ex.o
LOAD ./Drivers/STM32H7xx_HAL_Driver/stm32h7xx_hal_spi.o
LOAD ./Drivers/STM32H7xx_HAL_Driver/stm32h7xx_hal_spi_ex.o
LOAD ./Drivers/STM32H7xx_HAL_Driver/stm32h7xx_hal_tim.o
LOAD ./Drivers/STM32H7xx_HAL_Driver/stm32h7xx_hal_tim_ex.o
LOAD ./Drivers/STM32H7xx_HAL_Driver/stm32h7xx_hal_uart.o
LOAD ./Drivers/STM32H7xx_HAL_Driver/stm32h7xx_hal_uart_ex.o
LOAD ./Middlewares/Third_Party/FreeRTOS/cmsis_os2.o
LOAD ./Middlewares/Third_Party/FreeRTOS/croutine.o
LOAD ./Middlewares/Third_Party/FreeRTOS/event_groups.o
LOAD ./Middlewares/Third_Party/FreeRTOS/heap_4.o
LOAD ./Middlewares/Third_Party/FreeRTOS/list.o
LOAD ./Middlewares/Third_Party/FreeRTOS/port.o
LOAD ./Middlewares/Third_Party/FreeRTOS/queue.o
LOAD ./Middlewares/Third_Party/FreeRTOS/stream_buffer.o
LOAD ./Middlewares/Third_Party/FreeRTOS/tasks.o
LOAD ./Middlewares/Third_Party/FreeRTOS/timers.o
START GROUP
LOAD c:/st/stm32cubeide_1.10.1/stm32cubeide/plugins/com.st.stm32cube.ide.mcu.externaltools.gnu-tools-for-stm32.10.3-2021.10.win32_1.0.0.202111181127/tools/bin/../lib/gcc/arm-none-eabi/10.3.1/../../../../arm-none-eabi/lib/thumb/v7e-m+fp/hard\libc_nano.a
LOAD c:/st/stm32cubeide_1.10.1/stm32cubeide/plugins/com.st.stm32cube.ide.mcu.externaltools.gnu-tools-for-stm32.10.3-2021.10.win32_1.0.0.202111181127/tools/bin/../lib/gcc/arm-none-eabi/10.3.1/../../../../arm-none-eabi/lib/thumb/v7e-m+fp/hard\libm.a
END GROUP
START GROUP
LOAD c:/st/stm32cubeide_1.10.1/stm32cubeide/plugins/com.st.stm32cube.ide.mcu.externaltools.gnu-tools-for-stm32.10.3-2021.10.win32_1.0.0.202111181127/tools/bin/../lib/gcc/arm-none-eabi/10.3.1/thumb/v7e-m+fp/hard\libgcc.a
LOAD c:/st/stm32cubeide_1.10.1/stm32cubeide/plugins/com.st.stm32cube.ide.mcu.externaltools.gnu-tools-for-stm32.10.3-2021.10.win32_1.0.0.202111181127/tools/bin/../lib/gcc/arm-none-eabi/10.3.1/../../../../arm-none-eabi/lib/thumb/v7e-m+fp/hard\libc_nano.a
END GROUP
START GROUP
LOAD c:/st/stm32cubeide_1.10.1/stm32cubeide/plugins/com.st.stm32cube.ide.mcu.externaltools.gnu-tools-for-stm32.10.3-2021.10.win32_1.0.0.202111181127/tools/bin/../lib/gcc/arm-none-eabi/10.3.1/thumb/v7e-m+fp/hard\libgcc.a
LOAD c:/st/stm32cubeide_1.10.1/stm32cubeide/plugins/com.st.stm32cube.ide.mcu.externaltools.gnu-tools-for-stm32.10.3-2021.10.win32_1.0.0.202111181127/tools/bin/../lib/gcc/arm-none-eabi/10.3.1/../../../../arm-none-eabi/lib/thumb/v7e-m+fp/hard\libc_nano.a
LOAD c:/st/stm32cubeide_1.10.1/stm32cubeide/plugins/com.st.stm32cube.ide.mcu.externaltools.gnu-tools-for-stm32.10.3-2021.10.win32_1.0.0.202111181127/tools/bin/../lib/gcc/arm-none-eabi/10.3.1/../../../../arm-none-eabi/lib/thumb/v7e-m+fp/hard\libnosys.a
END GROUP
START GROUP
LOAD c:/st/stm32cubeide_1.10.1/stm32cubeide/plugins/com.st.stm32cube.ide.mcu.externaltools.gnu-tools-for-stm32.10.3-2021.10.win32_1.0.0.202111181127/tools/bin/../lib/gcc/arm-none-eabi/10.3.1/thumb/v7e-m+fp/hard\libgcc.a
LOAD c:/st/stm32cubeide_1.10.1/stm32cubeide/plugins/com.st.stm32cube.ide.mcu.externaltools.gnu-tools-for-stm32.10.3-2021.10.win32_1.0.0.202111181127/tools/bin/../lib/gcc/arm-none-eabi/10.3.1/../../../../arm-none-eabi/lib/thumb/v7e-m+fp/hard\libc_nano.a
LOAD c:/st/stm32cubeide_1.10.1/stm32cubeide/plugins/com.st.stm32cube.ide.mcu.externaltools.gnu-tools-for-stm32.10.3-2021.10.win32_1.0.0.202111181127/tools/bin/../lib/gcc/arm-none-eabi/10.3.1/../../../../arm-none-eabi/lib/thumb/v7e-m+fp/hard\libnosys.a
END GROUP
LOAD c:/st/stm32cubeide_1.10.1/stm32cubeide/plugins/com.st.stm32cube.ide.mcu.externaltools.gnu-tools-for-stm32.10.3-2021.10.win32_1.0.0.202111181127/tools/bin/../lib/gcc/arm-none-eabi/10.3.1/thumb/v7e-m+fp/hard/crtend.o
LOAD c:/st/stm32cubeide_1.10.1/stm32cubeide/plugins/com.st.stm32cube.ide.mcu.externaltools.gnu-tools-for-stm32.10.3-2021.10.win32_1.0.0.202111181127/tools/bin/../lib/gcc/arm-none-eabi/10.3.1/thumb/v7e-m+fp/hard/crtn.o
                0x0000000010048000                _estack = (ORIGIN (RAM) + LENGTH (RAM))
                0x0000000000000200                _Min_Heap_Size = 0x200
                0x0000000000000400                _Min_Stack_Size = 0x400

.isr_vector     0x0000000008100000      0x298
                0x0000000008100000                . = ALIGN (0x4)
 *(.isr_vector)
 .isr_vector    0x0000000008100000      0x298 ./Core/Startup/startup_stm32h745zitx.o
                0x0000000008100000                g_pfnVectors
                0x0000000008100298                . = ALIGN (0x4)

.text           0x00000000081002a0     0x4240
                0x00000000081002a0                . = ALIGN (0x4)
 *(.text)
 .text          0x00000000081002a0       0x40 c:/st/stm32cubeide_1.10.1/stm32cubeide/plugins/com.st.stm32cube.ide.mcu.externaltools.gnu-tools-for-stm32.10.3-2021.10.win32_1.0.0.202111181127/tools/bin/../lib/gcc/arm-none-eabi/10.3.1/thumb/v7e-m+fp/hard/crtbegin.o
 *(.text*)
 .text.SystemInit
                0x00000000081002e0       0x30 ./Common/Src/system_stm32h7xx_dualcore_boot_cm4_cm7.o
                0x00000000081002e0                SystemInit
 .text.main     0x0000000008100310       0xa4 ./Core/Src/main.o
                0x0000000008100310                main
 .text.MX_GPIO_Init
                0x00000000081003b4       0x68 ./Core/Src/main.o
 .text.StartDefaultTask
                0x000000000810041c       0x10 ./Core/Src/main.o
                0x000000000810041c                StartDefaultTask
 .text.HAL_TIM_PeriodElapsedCallback
                0x000000000810042c       0x24 ./Core/Src/main.o
                0x000000000810042c                HAL_TIM_PeriodElapsedCallback
 .text.HAL_MspInit
                0x0000000008100450       0x3c ./Core/Src/stm32h7xx_hal_msp.o
                0x0000000008100450                HAL_MspInit
 .text.HAL_InitTick
                0x000000000810048c       0xd8 ./Core/Src/stm32h7xx_hal_timebase_tim.o
                0x000000000810048c                HAL_InitTick
 .text.NMI_Handler
                0x0000000008100564        0x6 ./Core/Src/stm32h7xx_it.o
                0x0000000008100564                NMI_Handler
 .text.HardFault_Handler
                0x000000000810056a        0x6 ./Core/Src/stm32h7xx_it.o
                0x000000000810056a                HardFault_Handler
 .text.MemManage_Handler
                0x0000000008100570        0x6 ./Core/Src/stm32h7xx_it.o
                0x0000000008100570                MemManage_Handler
 .text.BusFault_Handler
                0x0000000008100576        0x6 ./Core/Src/stm32h7xx_it.o
                0x0000000008100576                BusFault_Handler
 .text.UsageFault_Handler
                0x000000000810057c        0x6 ./Core/Src/stm32h7xx_it.o
                0x000000000810057c                UsageFault_Handler
 .text.DebugMon_Handler
                0x0000000008100582        0xe ./Core/Src/stm32h7xx_it.o
                0x0000000008100582                DebugMon_Handler
 .text.TIM6_DAC_IRQHandler
                0x0000000008100590       0x14 ./Core/Src/stm32h7xx_it.o
                0x0000000008100590                TIM6_DAC_IRQHandler
 .text.Reset_Handler
                0x00000000081005a4       0x50 ./Core/Startup/startup_stm32h745zitx.o
                0x00000000081005a4                Reset_Handler
 .text.Default_Handler
                0x00000000081005f4        0x2 ./Core/Startup/startup_stm32h745zitx.o
                0x00000000081005f4                RTC_Alarm_IRQHandler
                0x00000000081005f4                EXTI2_IRQHandler
                0x00000000081005f4                TIM8_CC_IRQHandler
                0x00000000081005f4                HRTIM1_Master_IRQHandler
                0x00000000081005f4                UART8_IRQHandler
                0x00000000081005f4                SPI4_IRQHandler
                0x00000000081005f4                TIM1_CC_IRQHandler
                0x00000000081005f4                BDMA_Channel6_IRQHandler
                0x00000000081005f4                DMA2_Stream5_IRQHandler
                0x00000000081005f4                HRTIM1_FLT_IRQHandler
                0x00000000081005f4                JPEG_IRQHandler
                0x00000000081005f4                DMA1_Stream5_IRQHandler
                0x00000000081005f4                BDMA_Channel1_IRQHandler
                0x00000000081005f4                HRTIM1_TIMD_IRQHandler
                0x00000000081005f4                TAMP_STAMP_IRQHandler
                0x00000000081005f4                EXTI3_IRQHandler
                0x00000000081005f4                LPTIM4_IRQHandler
                0x00000000081005f4                TIM8_TRG_COM_TIM14_IRQHandler
                0x00000000081005f4                LPTIM2_IRQHandler
                0x00000000081005f4                DFSDM1_FLT1_IRQHandler
                0x00000000081005f4                DMAMUX2_OVR_IRQHandler
                0x00000000081005f4                TIM8_UP_TIM13_IRQHandler
                0x00000000081005f4                I2C3_ER_IRQHandler
                0x00000000081005f4                DFSDM1_FLT2_IRQHandler
                0x00000000081005f4                MDMA_IRQHandler
                0x00000000081005f4                LPTIM3_IRQHandler
                0x00000000081005f4                HSEM1_IRQHandler
                0x00000000081005f4                EXTI0_IRQHandler
                0x00000000081005f4                I2C2_EV_IRQHandler
                0x00000000081005f4                DMA1_Stream2_IRQHandler
                0x00000000081005f4                FPU_IRQHandler
                0x00000000081005f4                OTG_HS_WKUP_IRQHandler
                0x00000000081005f4                FDCAN1_IT1_IRQHandler
                0x00000000081005f4                LTDC_ER_IRQHandler
                0x00000000081005f4                DMA2_Stream2_IRQHandler
                0x00000000081005f4                HRTIM1_TIME_IRQHandler
                0x00000000081005f4                SPI1_IRQHandler
                0x00000000081005f4                DCMI_IRQHandler
                0x00000000081005f4                HRTIM1_TIMC_IRQHandler
                0x00000000081005f4                DMA2_Stream3_IRQHandler
                0x00000000081005f4                SAI2_IRQHandler
                0x00000000081005f4                DFSDM1_FLT3_IRQHandler
                0x00000000081005f4                USART6_IRQHandler
                0x00000000081005f4                TIM17_IRQHandler
                0x00000000081005f4                USART3_IRQHandler
                0x00000000081005f4                BDMA_Channel7_IRQHandler
                0x00000000081005f4                LPTIM5_IRQHandler
                0x00000000081005f4                UART5_IRQHandler
                0x00000000081005f4                ADC3_IRQHandler
                0x00000000081005f4                DMA2_Stream0_IRQHandler
                0x00000000081005f4                TIM4_IRQHandler
                0x00000000081005f4                BDMA_Channel2_IRQHandler
                0x00000000081005f4                QUADSPI_IRQHandler
                0x00000000081005f4                I2C1_EV_IRQHandler
                0x00000000081005f4                DMA1_Stream6_IRQHandler
                0x00000000081005f4                DMAMUX1_OVR_IRQHandler
                0x00000000081005f4                DMA1_Stream1_IRQHandler
                0x00000000081005f4                TIM16_IRQHandler
                0x00000000081005f4                UART4_IRQHandler
                0x00000000081005f4                BDMA_Channel5_IRQHandler
                0x00000000081005f4                TIM3_IRQHandler
                0x00000000081005f4                RCC_IRQHandler
                0x00000000081005f4                TIM8_BRK_TIM12_IRQHandler
                0x00000000081005f4                TIM1_TRG_COM_IRQHandler
                0x00000000081005f4                Default_Handler
                0x00000000081005f4                ECC_IRQHandler
                0x00000000081005f4                CEC_IRQHandler
                0x00000000081005f4                EXTI15_10_IRQHandler
                0x00000000081005f4                BDMA_Channel0_IRQHandler
                0x00000000081005f4                ADC_IRQHandler
                0x00000000081005f4                DMA1_Stream7_IRQHandler
                0x00000000081005f4                HRTIM1_TIMA_IRQHandler
                0x00000000081005f4                SPI5_IRQHandler
                0x00000000081005f4                TIM7_IRQHandler
                0x00000000081005f4                SDMMC1_IRQHandler
                0x00000000081005f4                TIM5_IRQHandler
                0x00000000081005f4                DMA2_Stream7_IRQHandler
                0x00000000081005f4                TIM15_IRQHandler
                0x00000000081005f4                PVD_AVD_IRQHandler
                0x00000000081005f4                I2C3_EV_IRQHandler
                0x00000000081005f4                EXTI9_5_IRQHandler
                0x00000000081005f4                RTC_WKUP_IRQHandler
                0x00000000081005f4                LTDC_IRQHandler
                0x00000000081005f4                SAI3_IRQHandler
                0x00000000081005f4                ETH_WKUP_IRQHandler
                0x00000000081005f4                SPDIF_RX_IRQHandler
                0x00000000081005f4                SPI2_IRQHandler
                0x00000000081005f4                OTG_HS_EP1_IN_IRQHandler
                0x00000000081005f4                DMA1_Stream0_IRQHandler
                0x00000000081005f4                CRS_IRQHandler
                0x00000000081005f4                CM7_SEV_IRQHandler
                0x00000000081005f4                EXTI4_IRQHandler
                0x00000000081005f4                RNG_IRQHandler
                0x00000000081005f4                CM4_SEV_IRQHandler
                0x00000000081005f4                HRTIM1_TIMB_IRQHandler
                0x00000000081005f4                FDCAN2_IT1_IRQHandler
                0x00000000081005f4                ETH_IRQHandler
                0x00000000081005f4                TIM1_UP_IRQHandler
                0x00000000081005f4                WWDG_RST_IRQHandler
                0x00000000081005f4                BDMA_Channel4_IRQHandler
                0x00000000081005f4                OTG_HS_EP1_OUT_IRQHandler
                0x00000000081005f4                WWDG_IRQHandler
                0x00000000081005f4                SPI6_IRQHandler
                0x00000000081005f4                MDIOS_IRQHandler
                0x00000000081005f4                I2C4_EV_IRQHandler
                0x00000000081005f4                FDCAN2_IT0_IRQHandler
                0x00000000081005f4                LPUART1_IRQHandler
                0x00000000081005f4                FDCAN1_IT0_IRQHandler
                0x00000000081005f4                TIM2_IRQHandler
                0x00000000081005f4                OTG_FS_WKUP_IRQHandler
                0x00000000081005f4                OTG_HS_IRQHandler
                0x00000000081005f4                HSEM2_IRQHandler
                0x00000000081005f4                DMA2D_IRQHandler
                0x00000000081005f4                TIM1_BRK_IRQHandler
                0x00000000081005f4                EXTI1_IRQHandler
                0x00000000081005f4                SDMMC2_IRQHandler
                0x00000000081005f4                OTG_FS_EP1_OUT_IRQHandler
                0x00000000081005f4                BDMA_Channel3_IRQHandler
                0x00000000081005f4                HOLD_CORE_IRQHandler
                0x00000000081005f4                UART7_IRQHandler
                0x00000000081005f4                MDIOS_WKUP_IRQHandler
                0x00000000081005f4                USART2_IRQHandler
                0x00000000081005f4                DFSDM1_FLT0_IRQHandler
                0x00000000081005f4                SAI4_IRQHandler
                0x00000000081005f4                I2C2_ER_IRQHandler
                0x00000000081005f4                DMA2_Stream1_IRQHandler
                0x00000000081005f4                FLASH_IRQHandler
                0x00000000081005f4                DMA2_Stream4_IRQHandler
                0x00000000081005f4                USART1_IRQHandler
                0x00000000081005f4                OTG_FS_IRQHandler
                0x00000000081005f4                SPI3_IRQHandler
                0x00000000081005f4                WAKEUP_PIN_IRQHandler
                0x00000000081005f4                DMA1_Stream4_IRQHandler
                0x00000000081005f4                OTG_FS_EP1_IN_IRQHandler
                0x00000000081005f4                I2C1_ER_IRQHandler
                0x00000000081005f4                FMC_IRQHandler
                0x00000000081005f4                FDCAN_CAL_IRQHandler
                0x00000000081005f4                SWPMI1_IRQHandler
                0x00000000081005f4                COMP1_IRQHandler
                0x00000000081005f4                LPTIM1_IRQHandler
                0x00000000081005f4                I2C4_ER_IRQHandler
                0x00000000081005f4                DMA2_Stream6_IRQHandler
                0x00000000081005f4                SAI1_IRQHandler
                0x00000000081005f4                DMA1_Stream3_IRQHandler
 *fill*         0x00000000081005f6        0x2 
 .text.HAL_Init
                0x00000000081005f8       0xbc ./Drivers/STM32H7xx_HAL_Driver/stm32h7xx_hal.o
                0x00000000081005f8                HAL_Init
 .text.HAL_IncTick
                0x00000000081006b4       0x28 ./Drivers/STM32H7xx_HAL_Driver/stm32h7xx_hal.o
                0x00000000081006b4                HAL_IncTick
 .text.__NVIC_SetPriorityGrouping
                0x00000000081006dc       0x48 ./Drivers/STM32H7xx_HAL_Driver/stm32h7xx_hal_cortex.o
 .text.__NVIC_GetPriorityGrouping
                0x0000000008100724       0x1c ./Drivers/STM32H7xx_HAL_Driver/stm32h7xx_hal_cortex.o
 .text.__NVIC_EnableIRQ
                0x0000000008100740       0x3c ./Drivers/STM32H7xx_HAL_Driver/stm32h7xx_hal_cortex.o
 .text.__NVIC_SetPriority
                0x000000000810077c       0x54 ./Drivers/STM32H7xx_HAL_Driver/stm32h7xx_hal_cortex.o
 .text.NVIC_EncodePriority
                0x00000000081007d0       0x66 ./Drivers/STM32H7xx_HAL_Driver/stm32h7xx_hal_cortex.o
 .text.HAL_NVIC_SetPriorityGrouping
                0x0000000008100836       0x16 ./Drivers/STM32H7xx_HAL_Driver/stm32h7xx_hal_cortex.o
                0x0000000008100836                HAL_NVIC_SetPriorityGrouping
 .text.HAL_NVIC_SetPriority
                0x000000000810084c       0x34 ./Drivers/STM32H7xx_HAL_Driver/stm32h7xx_hal_cortex.o
                0x000000000810084c                HAL_NVIC_SetPriority
 .text.HAL_NVIC_EnableIRQ
                0x0000000008100880       0x1c ./Drivers/STM32H7xx_HAL_Driver/stm32h7xx_hal_cortex.o
                0x0000000008100880                HAL_NVIC_EnableIRQ
 .text.HAL_GetCurrentCPUID
                0x000000000810089c       0x28 ./Drivers/STM32H7xx_HAL_Driver/stm32h7xx_hal_cortex.o
                0x000000000810089c                HAL_GetCurrentCPUID
 .text.HAL_GPIO_Init
                0x00000000081008c4      0x360 ./Drivers/STM32H7xx_HAL_Driver/stm32h7xx_hal_gpio.o
                0x00000000081008c4                HAL_GPIO_Init
 .text.HAL_GPIO_WritePin
                0x0000000008100c24       0x32 ./Drivers/STM32H7xx_HAL_Driver/stm32h7xx_hal_gpio.o
                0x0000000008100c24                HAL_GPIO_WritePin
 *fill*         0x0000000008100c56        0x2 
 .text.HAL_HSEM_ActivateNotification
                0x0000000008100c58       0x24 ./Drivers/STM32H7xx_HAL_Driver/stm32h7xx_hal_hsem.o
                0x0000000008100c58                HAL_HSEM_ActivateNotification
 .text.HAL_PWREx_EnterSTOPMode
                0x0000000008100c7c       0xf4 ./Drivers/STM32H7xx_HAL_Driver/stm32h7xx_hal_pwr_ex.o
                0x0000000008100c7c                HAL_PWREx_EnterSTOPMode
 .text.HAL_PWREx_ClearPendingEvent
                0x0000000008100d70       0x1a ./Drivers/STM32H7xx_HAL_Driver/stm32h7xx_hal_pwr_ex.o
                0x0000000008100d70                HAL_PWREx_ClearPendingEvent
 *fill*         0x0000000008100d8a        0x2 
 .text.HAL_RCC_GetSysClockFreq
                0x0000000008100d8c      0x2f4 ./Drivers/STM32H7xx_HAL_Driver/stm32h7xx_hal_rcc.o
                0x0000000008100d8c                HAL_RCC_GetSysClockFreq
 .text.HAL_RCC_GetHCLKFreq
                0x0000000008101080       0x64 ./Drivers/STM32H7xx_HAL_Driver/stm32h7xx_hal_rcc.o
                0x0000000008101080                HAL_RCC_GetHCLKFreq
 .text.HAL_RCC_GetPCLK1Freq
                0x00000000081010e4       0x2c ./Drivers/STM32H7xx_HAL_Driver/stm32h7xx_hal_rcc.o
                0x00000000081010e4                HAL_RCC_GetPCLK1Freq
 .text.HAL_RCC_GetClockConfig
                0x0000000008101110       0x84 ./Drivers/STM32H7xx_HAL_Driver/stm32h7xx_hal_rcc.o
                0x0000000008101110                HAL_RCC_GetClockConfig
 .text.HAL_TIM_Base_Init
                0x0000000008101194       0xae ./Drivers/STM32H7xx_HAL_Driver/stm32h7xx_hal_tim.o
                0x0000000008101194                HAL_TIM_Base_Init
 .text.HAL_TIM_Base_MspInit
                0x0000000008101242       0x14 ./Drivers/STM32H7xx_HAL_Driver/stm32h7xx_hal_tim.o
                0x0000000008101242                HAL_TIM_Base_MspInit
 *fill*         0x0000000008101256        0x2 
 .text.HAL_TIM_Base_Start_IT
                0x0000000008101258       0xf0 ./Drivers/STM32H7xx_HAL_Driver/stm32h7xx_hal_tim.o
                0x0000000008101258                HAL_TIM_Base_Start_IT
 .text.HAL_TIM_IRQHandler
                0x0000000008101348      0x23e ./Drivers/STM32H7xx_HAL_Driver/stm32h7xx_hal_tim.o
                0x0000000008101348                HAL_TIM_IRQHandler
 .text.HAL_TIM_OC_DelayElapsedCallback
                0x0000000008101586       0x14 ./Drivers/STM32H7xx_HAL_Driver/stm32h7xx_hal_tim.o
                0x0000000008101586                HAL_TIM_OC_DelayElapsedCallback
 .text.HAL_TIM_IC_CaptureCallback
                0x000000000810159a       0x14 ./Drivers/STM32H7xx_HAL_Driver/stm32h7xx_hal_tim.o
                0x000000000810159a                HAL_TIM_IC_CaptureCallback
 .text.HAL_TIM_PWM_PulseFinishedCallback
                0x00000000081015ae       0x14 ./Drivers/STM32H7xx_HAL_Driver/stm32h7xx_hal_tim.o
                0x00000000081015ae                HAL_TIM_PWM_PulseFinishedCallback
 .text.HAL_TIM_TriggerCallback
                0x00000000081015c2       0x14 ./Drivers/STM32H7xx_HAL_Driver/stm32h7xx_hal_tim.o
                0x00000000081015c2                HAL_TIM_TriggerCallback
 *fill*         0x00000000081015d6        0x2 
 .text.TIM_Base_SetConfig
                0x00000000081015d8      0x134 ./Drivers/STM32H7xx_HAL_Driver/stm32h7xx_hal_tim.o
                0x00000000081015d8                TIM_Base_SetConfig
 .text.HAL_TIMEx_CommutCallback
                0x000000000810170c       0x14 ./Drivers/STM32H7xx_HAL_Driver/stm32h7xx_hal_tim_ex.o
                0x000000000810170c                HAL_TIMEx_CommutCallback
 .text.HAL_TIMEx_BreakCallback
                0x0000000008101720       0x14 ./Drivers/STM32H7xx_HAL_Driver/stm32h7xx_hal_tim_ex.o
                0x0000000008101720                HAL_TIMEx_BreakCallback
 .text.HAL_TIMEx_Break2Callback
                0x0000000008101734       0x14 ./Drivers/STM32H7xx_HAL_Driver/stm32h7xx_hal_tim_ex.o
                0x0000000008101734                HAL_TIMEx_Break2Callback
 .text.__NVIC_SetPriority
                0x0000000008101748       0x54 ./Middlewares/Third_Party/FreeRTOS/cmsis_os2.o
 .text.SysTick_Handler
                0x000000000810179c       0x20 ./Middlewares/Third_Party/FreeRTOS/cmsis_os2.o
                0x000000000810179c                SysTick_Handler
 .text.SVC_Setup
                0x00000000081017bc       0x12 ./Middlewares/Third_Party/FreeRTOS/cmsis_os2.o
 *fill*         0x00000000081017ce        0x2 
 .text.osKernelInitialize
                0x00000000081017d0       0x48 ./Middlewares/Third_Party/FreeRTOS/cmsis_os2.o
                0x00000000081017d0                osKernelInitialize
 .text.osKernelStart
                0x0000000008101818       0x4c ./Middlewares/Third_Party/FreeRTOS/cmsis_os2.o
                0x0000000008101818                osKernelStart
 .text.osThreadNew
                0x0000000008101864      0x124 ./Middlewares/Third_Party/FreeRTOS/cmsis_os2.o
                0x0000000008101864                osThreadNew
 .text.osDelay  0x0000000008101988       0x36 ./Middlewares/Third_Party/FreeRTOS/cmsis_os2.o
                0x0000000008101988                osDelay
 *fill*         0x00000000081019be        0x2 
 .text.vApplicationGetIdleTaskMemory
                0x00000000081019c0       0x34 ./Middlewares/Third_Party/FreeRTOS/cmsis_os2.o
                0x00000000081019c0                vApplicationGetIdleTaskMemory
 .text.vApplicationGetTimerTaskMemory
                0x00000000081019f4       0x34 ./Middlewares/Third_Party/FreeRTOS/cmsis_os2.o
                0x00000000081019f4                vApplicationGetTimerTaskMemory
 .text.pvPortMalloc
                0x0000000008101a28      0x198 ./Middlewares/Third_Party/FreeRTOS/heap_4.o
                0x0000000008101a28                pvPortMalloc
 .text.vPortFree
                0x0000000008101bc0       0xc4 ./Middlewares/Third_Party/FreeRTOS/heap_4.o
                0x0000000008101bc0                vPortFree
 .text.prvHeapInit
                0x0000000008101c84       0xc4 ./Middlewares/Third_Party/FreeRTOS/heap_4.o
 .text.prvInsertBlockIntoFreeList
                0x0000000008101d48       0xb4 ./Middlewares/Third_Party/FreeRTOS/heap_4.o
 .text.vListInitialise
                0x0000000008101dfc       0x40 ./Middlewares/Third_Party/FreeRTOS/list.o
                0x0000000008101dfc                vListInitialise
 .text.vListInitialiseItem
                0x0000000008101e3c       0x1a ./Middlewares/Third_Party/FreeRTOS/list.o
                0x0000000008101e3c                vListInitialiseItem
 .text.vListInsertEnd
                0x0000000008101e56       0x48 ./Middlewares/Third_Party/FreeRTOS/list.o
                0x0000000008101e56                vListInsertEnd
 .text.vListInsert
                0x0000000008101e9e       0x72 ./Middlewares/Third_Party/FreeRTOS/list.o
                0x0000000008101e9e                vListInsert
 .text.uxListRemove
                0x0000000008101f10       0x54 ./Middlewares/Third_Party/FreeRTOS/list.o
                0x0000000008101f10                uxListRemove
 .text.pxPortInitialiseStack
                0x0000000008101f64       0x68 ./Middlewares/Third_Party/FreeRTOS/port.o
                0x0000000008101f64                pxPortInitialiseStack
 .text.prvTaskExitError
                0x0000000008101fcc       0x58 ./Middlewares/Third_Party/FreeRTOS/port.o
 *fill*         0x0000000008102024        0xc 
 .text.SVC_Handler
                0x0000000008102030       0x28 ./Middlewares/Third_Party/FreeRTOS/port.o
                0x0000000008102030                SVC_Handler
 .text.prvPortStartFirstTask
                0x0000000008102058       0x28 ./Middlewares/Third_Party/FreeRTOS/port.o
 .text.xPortStartScheduler
                0x0000000008102080      0x144 ./Middlewares/Third_Party/FreeRTOS/port.o
                0x0000000008102080                xPortStartScheduler
 .text.vPortEnterCritical
                0x00000000081021c4       0x60 ./Middlewares/Third_Party/FreeRTOS/port.o
                0x00000000081021c4                vPortEnterCritical
 .text.vPortExitCritical
                0x0000000008102224       0x54 ./Middlewares/Third_Party/FreeRTOS/port.o
                0x0000000008102224                vPortExitCritical
 *fill*         0x0000000008102278        0x8 
 .text.PendSV_Handler
                0x0000000008102280       0x68 ./Middlewares/Third_Party/FreeRTOS/port.o
                0x0000000008102280                PendSV_Handler
 .text.xPortSysTickHandler
                0x00000000081022e8       0x44 ./Middlewares/Third_Party/FreeRTOS/port.o
                0x00000000081022e8                xPortSysTickHandler
 .text.vPortSetupTimerInterrupt
                0x000000000810232c       0x48 ./Middlewares/Third_Party/FreeRTOS/port.o
                0x000000000810232c                vPortSetupTimerInterrupt
 .text.vPortEnableVFP
                0x0000000008102374       0x14 ./Middlewares/Third_Party/FreeRTOS/port.o
 .text.vPortValidateInterruptPriority
                0x0000000008102388       0x80 ./Middlewares/Third_Party/FreeRTOS/port.o
                0x0000000008102388                vPortValidateInterruptPriority
 .text.xQueueGenericReset
                0x0000000008102408       0xd0 ./Middlewares/Third_Party/FreeRTOS/queue.o
                0x0000000008102408                xQueueGenericReset
 .text.xQueueGenericCreateStatic
                0x00000000081024d8       0xf0 ./Middlewares/Third_Party/FreeRTOS/queue.o
                0x00000000081024d8                xQueueGenericCreateStatic
 .text.prvInitialiseNewQueue
                0x00000000081025c8       0x46 ./Middlewares/Third_Party/FreeRTOS/queue.o
 *fill*         0x000000000810260e        0x2 
 .text.xQueueGenericSend
                0x0000000008102610      0x1fc ./Middlewares/Third_Party/FreeRTOS/queue.o
                0x0000000008102610                xQueueGenericSend
 .text.xQueueGenericSendFromISR
                0x000000000810280c      0x136 ./Middlewares/Third_Party/FreeRTOS/queue.o
                0x000000000810280c                xQueueGenericSendFromISR
 *fill*         0x0000000008102942        0x2 
 .text.xQueueReceive
                0x0000000008102944      0x1c0 ./Middlewares/Third_Party/FreeRTOS/queue.o
                0x0000000008102944                xQueueReceive
 .text.prvCopyDataToQueue
                0x0000000008102b04       0xd4 ./Middlewares/Third_Party/FreeRTOS/queue.o
 .text.prvCopyDataFromQueue
                0x0000000008102bd8       0x4c ./Middlewares/Third_Party/FreeRTOS/queue.o
 .text.prvUnlockQueue
                0x0000000008102c24       0xa4 ./Middlewares/Third_Party/FreeRTOS/queue.o
 .text.prvIsQueueEmpty
                0x0000000008102cc8       0x2c ./Middlewares/Third_Party/FreeRTOS/queue.o
 .text.prvIsQueueFull
                0x0000000008102cf4       0x30 ./Middlewares/Third_Party/FreeRTOS/queue.o
 .text.vQueueAddToRegistry
                0x0000000008102d24       0x54 ./Middlewares/Third_Party/FreeRTOS/queue.o
                0x0000000008102d24                vQueueAddToRegistry
 .text.vQueueWaitForMessageRestricted
                0x0000000008102d78       0x68 ./Middlewares/Third_Party/FreeRTOS/queue.o
                0x0000000008102d78                vQueueWaitForMessageRestricted
 .text.xTaskCreateStatic
                0x0000000008102de0       0xba ./Middlewares/Third_Party/FreeRTOS/tasks.o
                0x0000000008102de0                xTaskCreateStatic
 .text.xTaskCreate
                0x0000000008102e9a       0x8a ./Middlewares/Third_Party/FreeRTOS/tasks.o
                0x0000000008102e9a                xTaskCreate
 .text.prvInitialiseNewTask
                0x0000000008102f24      0x14c ./Middlewares/Third_Party/FreeRTOS/tasks.o
 .text.prvAddNewTaskToReadyList
                0x0000000008103070       0xe0 ./Middlewares/Third_Party/FreeRTOS/tasks.o
 .text.vTaskDelay
                0x0000000008103150       0x68 ./Middlewares/Third_Party/FreeRTOS/tasks.o
                0x0000000008103150                vTaskDelay
 .text.vTaskStartScheduler
                0x00000000081031b8       0xe0 ./Middlewares/Third_Party/FreeRTOS/tasks.o
                0x00000000081031b8                vTaskStartScheduler
 .text.vTaskSuspendAll
                0x0000000008103298       0x1c ./Middlewares/Third_Party/FreeRTOS/tasks.o
                0x0000000008103298                vTaskSuspendAll
 .text.xTaskResumeAll
                0x00000000081032b4      0x13c ./Middlewares/Third_Party/FreeRTOS/tasks.o
                0x00000000081032b4                xTaskResumeAll
 .text.xTaskGetTickCount
                0x00000000081033f0       0x20 ./Middlewares/Third_Party/FreeRTOS/tasks.o
                0x00000000081033f0                xTaskGetTickCount
 .text.xTaskIncrementTick
                0x0000000008103410      0x174 ./Middlewares/Third_Party/FreeRTOS/tasks.o
                0x0000000008103410                xTaskIncrementTick
 .text.vTaskSwitchContext
                0x0000000008103584       0xc8 ./Middlewares/Third_Party/FreeRTOS/tasks.o
                0x0000000008103584                vTaskSwitchContext
 .text.vTaskPlaceOnEventList
                0x000000000810364c       0x48 ./Middlewares/Third_Party/FreeRTOS/tasks.o
                0x000000000810364c                vTaskPlaceOnEventList
 .text.vTaskPlaceOnEventListRestricted
                0x0000000008103694       0x58 ./Middlewares/Third_Party/FreeRTOS/tasks.o
                0x0000000008103694                vTaskPlaceOnEventListRestricted
 .text.xTaskRemoveFromEventList
                0x00000000081036ec       0xc8 ./Middlewares/Third_Party/FreeRTOS/tasks.o
                0x00000000081036ec                xTaskRemoveFromEventList
 .text.vTaskInternalSetTimeOutState
                0x00000000081037b4       0x2c ./Middlewares/Third_Party/FreeRTOS/tasks.o
                0x00000000081037b4                vTaskInternalSetTimeOutState
 .text.xTaskCheckForTimeOut
                0x00000000081037e0       0xc4 ./Middlewares/Third_Party/FreeRTOS/tasks.o
                0x00000000081037e0                xTaskCheckForTimeOut
 .text.vTaskMissedYield
                0x00000000081038a4       0x18 ./Middlewares/Third_Party/FreeRTOS/tasks.o
                0x00000000081038a4                vTaskMissedYield
 .text.prvIdleTask
                0x00000000081038bc       0x30 ./Middlewares/Third_Party/FreeRTOS/tasks.o
 .text.prvInitialiseTaskLists
                0x00000000081038ec       0x80 ./Middlewares/Third_Party/FreeRTOS/tasks.o
 .text.prvCheckTasksWaitingTermination
                0x000000000810396c       0x5c ./Middlewares/Third_Party/FreeRTOS/tasks.o
 .text.prvDeleteTCB
                0x00000000081039c8       0x68 ./Middlewares/Third_Party/FreeRTOS/tasks.o
 .text.prvResetNextTaskUnblockTime
                0x0000000008103a30       0x40 ./Middlewares/Third_Party/FreeRTOS/tasks.o
 .text.xTaskGetSchedulerState
                0x0000000008103a70       0x3c ./Middlewares/Third_Party/FreeRTOS/tasks.o
                0x0000000008103a70                xTaskGetSchedulerState
 .text.xTaskPriorityDisinherit
                0x0000000008103aac       0xdc ./Middlewares/Third_Party/FreeRTOS/tasks.o
                0x0000000008103aac                xTaskPriorityDisinherit
 .text.prvAddCurrentTaskToDelayedList
                0x0000000008103b88       0xa8 ./Middlewares/Third_Party/FreeRTOS/tasks.o
 .text.xTimerCreateTimerTask
                0x0000000008103c30       0x90 ./Middlewares/Third_Party/FreeRTOS/timers.o
                0x0000000008103c30                xTimerCreateTimerTask
 .text.xTimerGenericCommand
                0x0000000008103cc0       0x9c ./Middlewares/Third_Party/FreeRTOS/timers.o
                0x0000000008103cc0                xTimerGenericCommand
 .text.prvProcessExpiredTimer
                0x0000000008103d5c       0x98 ./Middlewares/Third_Party/FreeRTOS/timers.o
 .text.prvTimerTask
                0x0000000008103df4       0x24 ./Middlewares/Third_Party/FreeRTOS/timers.o
 .text.prvProcessTimerOrBlockTask
                0x0000000008103e18       0x9c ./Middlewares/Third_Party/FreeRTOS/timers.o
 .text.prvGetNextExpireTime
                0x0000000008103eb4       0x48 ./Middlewares/Third_Party/FreeRTOS/timers.o
 .text.prvSampleTimeNow
                0x0000000008103efc       0x40 ./Middlewares/Third_Party/FreeRTOS/timers.o
 .text.prvInsertTimerInActiveList
                0x0000000008103f3c       0x84 ./Middlewares/Third_Party/FreeRTOS/timers.o
 .text.prvProcessReceivedCommands
                0x0000000008103fc0      0x1c4 ./Middlewares/Third_Party/FreeRTOS/timers.o
 .text.prvSwitchTimerLists
                0x0000000008104184       0xc8 ./Middlewares/Third_Party/FreeRTOS/timers.o
 .text.prvCheckForValidListAndQueue
                0x000000000810424c       0x80 ./Middlewares/Third_Party/FreeRTOS/timers.o
 .text.__libc_init_array
                0x00000000081042cc       0x48 c:/st/stm32cubeide_1.10.1/stm32cubeide/plugins/com.st.stm32cube.ide.mcu.externaltools.gnu-tools-for-stm32.10.3-2021.10.win32_1.0.0.202111181127/tools/bin/../lib/gcc/arm-none-eabi/10.3.1/../../../../arm-none-eabi/lib/thumb/v7e-m+fp/hard\libc_nano.a(lib_a-init.o)
                0x00000000081042cc                __libc_init_array
 .text.__retarget_lock_acquire_recursive
                0x0000000008104314        0x2 c:/st/stm32cubeide_1.10.1/stm32cubeide/plugins/com.st.stm32cube.ide.mcu.externaltools.gnu-tools-for-stm32.10.3-2021.10.win32_1.0.0.202111181127/tools/bin/../lib/gcc/arm-none-eabi/10.3.1/../../../../arm-none-eabi/lib/thumb/v7e-m+fp/hard\libc_nano.a(lib_a-lock.o)
                0x0000000008104314                __retarget_lock_acquire_recursive
 .text.__retarget_lock_release_recursive
                0x0000000008104316        0x2 c:/st/stm32cubeide_1.10.1/stm32cubeide/plugins/com.st.stm32cube.ide.mcu.externaltools.gnu-tools-for-stm32.10.3-2021.10.win32_1.0.0.202111181127/tools/bin/../lib/gcc/arm-none-eabi/10.3.1/../../../../arm-none-eabi/lib/thumb/v7e-m+fp/hard\libc_nano.a(lib_a-lock.o)
                0x0000000008104316                __retarget_lock_release_recursive
 .text.memcpy   0x0000000008104318       0x1c c:/st/stm32cubeide_1.10.1/stm32cubeide/plugins/com.st.stm32cube.ide.mcu.externaltools.gnu-tools-for-stm32.10.3-2021.10.win32_1.0.0.202111181127/tools/bin/../lib/gcc/arm-none-eabi/10.3.1/../../../../arm-none-eabi/lib/thumb/v7e-m+fp/hard\libc_nano.a(lib_a-memcpy-stub.o)
                0x0000000008104318                memcpy
 .text.memset   0x0000000008104334       0x10 c:/st/stm32cubeide_1.10.1/stm32cubeide/plugins/com.st.stm32cube.ide.mcu.externaltools.gnu-tools-for-stm32.10.3-2021.10.win32_1.0.0.202111181127/tools/bin/../lib/gcc/arm-none-eabi/10.3.1/../../../../arm-none-eabi/lib/thumb/v7e-m+fp/hard\libc_nano.a(lib_a-memset.o)
                0x0000000008104334                memset
 .text.cleanup_glue
                0x0000000008104344       0x1a c:/st/stm32cubeide_1.10.1/stm32cubeide/plugins/com.st.stm32cube.ide.mcu.externaltools.gnu-tools-for-stm32.10.3-2021.10.win32_1.0.0.202111181127/tools/bin/../lib/gcc/arm-none-eabi/10.3.1/../../../../arm-none-eabi/lib/thumb/v7e-m+fp/hard\libc_nano.a(lib_a-reent.o)
                0x0000000008104344                cleanup_glue
 *fill*         0x000000000810435e        0x2 
 .text._reclaim_reent
                0x0000000008104360       0xb8 c:/st/stm32cubeide_1.10.1/stm32cubeide/plugins/com.st.stm32cube.ide.mcu.externaltools.gnu-tools-for-stm32.10.3-2021.10.win32_1.0.0.202111181127/tools/bin/../lib/gcc/arm-none-eabi/10.3.1/../../../../arm-none-eabi/lib/thumb/v7e-m+fp/hard\libc_nano.a(lib_a-reent.o)
                0x0000000008104360                _reclaim_reent
 .text.__malloc_lock
                0x0000000008104418        0xc c:/st/stm32cubeide_1.10.1/stm32cubeide/plugins/com.st.stm32cube.ide.mcu.externaltools.gnu-tools-for-stm32.10.3-2021.10.win32_1.0.0.202111181127/tools/bin/../lib/gcc/arm-none-eabi/10.3.1/../../../../arm-none-eabi/lib/thumb/v7e-m+fp/hard\libc_nano.a(lib_a-mlock.o)
                0x0000000008104418                __malloc_lock
 .text.__malloc_unlock
                0x0000000008104424        0xc c:/st/stm32cubeide_1.10.1/stm32cubeide/plugins/com.st.stm32cube.ide.mcu.externaltools.gnu-tools-for-stm32.10.3-2021.10.win32_1.0.0.202111181127/tools/bin/../lib/gcc/arm-none-eabi/10.3.1/../../../../arm-none-eabi/lib/thumb/v7e-m+fp/hard\libc_nano.a(lib_a-mlock.o)
                0x0000000008104424                __malloc_unlock
 .text._free_r  0x0000000008104430       0x98 c:/st/stm32cubeide_1.10.1/stm32cubeide/plugins/com.st.stm32cube.ide.mcu.externaltools.gnu-tools-for-stm32.10.3-2021.10.win32_1.0.0.202111181127/tools/bin/../lib/gcc/arm-none-eabi/10.3.1/../../../../arm-none-eabi/lib/thumb/v7e-m+fp/hard\libc_nano.a(lib_a-nano-freer.o)
                0x0000000008104430                _free_r
 *(.glue_7)
 .glue_7        0x00000000081044c8        0x0 linker stubs
 *(.glue_7t)
 .glue_7t       0x00000000081044c8        0x0 linker stubs
 *(.eh_frame)
 .eh_frame      0x00000000081044c8        0x0 c:/st/stm32cubeide_1.10.1/stm32cubeide/plugins/com.st.stm32cube.ide.mcu.externaltools.gnu-tools-for-stm32.10.3-2021.10.win32_1.0.0.202111181127/tools/bin/../lib/gcc/arm-none-eabi/10.3.1/thumb/v7e-m+fp/hard/crtbegin.o
 *(.init)
 .init          0x00000000081044c8        0x4 c:/st/stm32cubeide_1.10.1/stm32cubeide/plugins/com.st.stm32cube.ide.mcu.externaltools.gnu-tools-for-stm32.10.3-2021.10.win32_1.0.0.202111181127/tools/bin/../lib/gcc/arm-none-eabi/10.3.1/thumb/v7e-m+fp/hard/crti.o
                0x00000000081044c8                _init
 .init          0x00000000081044cc        0x8 c:/st/stm32cubeide_1.10.1/stm32cubeide/plugins/com.st.stm32cube.ide.mcu.externaltools.gnu-tools-for-stm32.10.3-2021.10.win32_1.0.0.202111181127/tools/bin/../lib/gcc/arm-none-eabi/10.3.1/thumb/v7e-m+fp/hard/crtn.o
 *(.fini)
 .fini          0x00000000081044d4        0x4 c:/st/stm32cubeide_1.10.1/stm32cubeide/plugins/com.st.stm32cube.ide.mcu.externaltools.gnu-tools-for-stm32.10.3-2021.10.win32_1.0.0.202111181127/tools/bin/../lib/gcc/arm-none-eabi/10.3.1/thumb/v7e-m+fp/hard/crti.o
                0x00000000081044d4                _fini
 .fini          0x00000000081044d8        0x8 c:/st/stm32cubeide_1.10.1/stm32cubeide/plugins/com.st.stm32cube.ide.mcu.externaltools.gnu-tools-for-stm32.10.3-2021.10.win32_1.0.0.202111181127/tools/bin/../lib/gcc/arm-none-eabi/10.3.1/thumb/v7e-m+fp/hard/crtn.o
                0x00000000081044e0                . = ALIGN (0x4)
                0x00000000081044e0                _etext = .

.vfp11_veneer   0x00000000081044e0        0x0
 .vfp11_veneer  0x00000000081044e0        0x0 linker stubs

.v4_bx          0x00000000081044e0        0x0
 .v4_bx         0x00000000081044e0        0x0 linker stubs

.iplt           0x00000000081044e0        0x0
 .iplt          0x00000000081044e0        0x0 c:/st/stm32cubeide_1.10.1/stm32cubeide/plugins/com.st.stm32cube.ide.mcu.externaltools.gnu-tools-for-stm32.10.3-2021.10.win32_1.0.0.202111181127/tools/bin/../lib/gcc/arm-none-eabi/10.3.1/thumb/v7e-m+fp/hard/crtbegin.o

.rodata         0x00000000081044e0       0xb8
                0x00000000081044e0                . = ALIGN (0x4)
 *(.rodata)
 .rodata        0x00000000081044e0        0xc ./Core/Src/main.o
 .rodata        0x00000000081044ec        0x5 ./Middlewares/Third_Party/FreeRTOS/tasks.o
 *fill*         0x00000000081044f1        0x3 
 .rodata        0x00000000081044f4        0xd ./Middlewares/Third_Party/FreeRTOS/timers.o
 *(.rodata*)
 *fill*         0x0000000008104501        0x3 
 .rodata.D1CorePrescTable
                0x0000000008104504       0x10 ./Common/Src/system_stm32h7xx_dualcore_boot_cm4_cm7.o
                0x0000000008104504                D1CorePrescTable
 .rodata.defaultTask_attributes
                0x0000000008104514       0x24 ./Core/Src/main.o
                0x0000000008104514                defaultTask_attributes
 .rodata.__sf_fake_stderr
                0x0000000008104538       0x20 c:/st/stm32cubeide_1.10.1/stm32cubeide/plugins/com.st.stm32cube.ide.mcu.externaltools.gnu-tools-for-stm32.10.3-2021.10.win32_1.0.0.202111181127/tools/bin/../lib/gcc/arm-none-eabi/10.3.1/../../../../arm-none-eabi/lib/thumb/v7e-m+fp/hard\libc_nano.a(lib_a-findfp.o)
                0x0000000008104538                __sf_fake_stderr
 .rodata.__sf_fake_stdin
                0x0000000008104558       0x20 c:/st/stm32cubeide_1.10.1/stm32cubeide/plugins/com.st.stm32cube.ide.mcu.externaltools.gnu-tools-for-stm32.10.3-2021.10.win32_1.0.0.202111181127/tools/bin/../lib/gcc/arm-none-eabi/10.3.1/../../../../arm-none-eabi/lib/thumb/v7e-m+fp/hard\libc_nano.a(lib_a-findfp.o)
                0x0000000008104558                __sf_fake_stdin
 .rodata.__sf_fake_stdout
                0x0000000008104578       0x20 c:/st/stm32cubeide_1.10.1/stm32cubeide/plugins/com.st.stm32cube.ide.mcu.externaltools.gnu-tools-for-stm32.10.3-2021.10.win32_1.0.0.202111181127/tools/bin/../lib/gcc/arm-none-eabi/10.3.1/../../../../arm-none-eabi/lib/thumb/v7e-m+fp/hard\libc_nano.a(lib_a-findfp.o)
                0x0000000008104578                __sf_fake_stdout
                0x0000000008104598                . = ALIGN (0x4)

.rel.dyn        0x0000000008104598        0x0
 .rel.iplt      0x0000000008104598        0x0 c:/st/stm32cubeide_1.10.1/stm32cubeide/plugins/com.st.stm32cube.ide.mcu.externaltools.gnu-tools-for-stm32.10.3-2021.10.win32_1.0.0.202111181127/tools/bin/../lib/gcc/arm-none-eabi/10.3.1/thumb/v7e-m+fp/hard/crtbegin.o

.ARM.extab
 *(.ARM.extab* .gnu.linkonce.armextab.*)

.ARM            0x0000000008104598        0x0
                0x0000000008104598                __exidx_start = .
 *(.ARM.exidx*)
                0x0000000008104598                __exidx_end = .

.preinit_array  0x0000000008104598        0x0
                0x0000000008104598                PROVIDE (__preinit_array_start = .)
 *(.preinit_array*)
                0x0000000008104598                PROVIDE (__preinit_array_end = .)

.init_array     0x0000000008104598        0x4
                0x0000000008104598                PROVIDE (__init_array_start = .)
 *(SORT_BY_NAME(.init_array.*))
 *(.init_array*)
 .init_array    0x0000000008104598        0x4 c:/st/stm32cubeide_1.10.1/stm32cubeide/plugins/com.st.stm32cube.ide.mcu.externaltools.gnu-tools-for-stm32.10.3-2021.10.win32_1.0.0.202111181127/tools/bin/../lib/gcc/arm-none-eabi/10.3.1/thumb/v7e-m+fp/hard/crtbegin.o
                0x000000000810459c                PROVIDE (__init_array_end = .)

.fini_array     0x000000000810459c        0x4
                [!provide]                        PROVIDE (__fini_array_start = .)
 *(SORT_BY_NAME(.fini_array.*))
 *(.fini_array*)
 .fini_array    0x000000000810459c        0x4 c:/st/stm32cubeide_1.10.1/stm32cubeide/plugins/com.st.stm32cube.ide.mcu.externaltools.gnu-tools-for-stm32.10.3-2021.10.win32_1.0.0.202111181127/tools/bin/../lib/gcc/arm-none-eabi/10.3.1/thumb/v7e-m+fp/hard/crtbegin.o
                [!provide]                        PROVIDE (__fini_array_end = .)
                0x00000000081045a0                _sidata = LOADADDR (.data)

.data           0x0000000010000000       0x78 load address 0x00000000081045a0
                0x0000000010000000                . = ALIGN (0x4)
                0x0000000010000000                _sdata = .
 *(.data)
 *(.data*)
 .data.SystemCoreClock
                0x0000000010000000        0x4 ./Common/Src/system_stm32h7xx_dualcore_boot_cm4_cm7.o
                0x0000000010000000                SystemCoreClock
 .data.SystemD2Clock
                0x0000000010000004        0x4 ./Common/Src/system_stm32h7xx_dualcore_boot_cm4_cm7.o
                0x0000000010000004                SystemD2Clock
 .data.uwTickPrio
                0x0000000010000008        0x4 ./Drivers/STM32H7xx_HAL_Driver/stm32h7xx_hal.o
                0x0000000010000008                uwTickPrio
 .data.uwTickFreq
                0x000000001000000c        0x1 ./Drivers/STM32H7xx_HAL_Driver/stm32h7xx_hal.o
                0x000000001000000c                uwTickFreq
 *fill*         0x000000001000000d        0x3 
 .data.uxCriticalNesting
                0x0000000010000010        0x4 ./Middlewares/Third_Party/FreeRTOS/port.o
 .data._impure_ptr
                0x0000000010000014        0x4 c:/st/stm32cubeide_1.10.1/stm32cubeide/plugins/com.st.stm32cube.ide.mcu.externaltools.gnu-tools-for-stm32.10.3-2021.10.win32_1.0.0.202111181127/tools/bin/../lib/gcc/arm-none-eabi/10.3.1/../../../../arm-none-eabi/lib/thumb/v7e-m+fp/hard\libc_nano.a(lib_a-impure.o)
                0x0000000010000014                _impure_ptr
 .data.impure_data
                0x0000000010000018       0x60 c:/st/stm32cubeide_1.10.1/stm32cubeide/plugins/com.st.stm32cube.ide.mcu.externaltools.gnu-tools-for-stm32.10.3-2021.10.win32_1.0.0.202111181127/tools/bin/../lib/gcc/arm-none-eabi/10.3.1/../../../../arm-none-eabi/lib/thumb/v7e-m+fp/hard\libc_nano.a(lib_a-impure.o)
 *(.RamFunc)
 *(.RamFunc*)
                0x0000000010000078                . = ALIGN (0x4)
                0x0000000010000078                _edata = .

.igot.plt       0x0000000010000078        0x0 load address 0x0000000008104618
 .igot.plt      0x0000000010000078        0x0 c:/st/stm32cubeide_1.10.1/stm32cubeide/plugins/com.st.stm32cube.ide.mcu.externaltools.gnu-tools-for-stm32.10.3-2021.10.win32_1.0.0.202111181127/tools/bin/../lib/gcc/arm-none-eabi/10.3.1/thumb/v7e-m+fp/hard/crtbegin.o
                0x0000000010000078                . = ALIGN (0x4)

.bss            0x0000000010000078     0x4a88 load address 0x0000000008104618
                0x0000000010000078                _sbss = .
                0x0000000010000078                __bss_start__ = _sbss
 *(.bss)
 .bss           0x0000000010000078       0x1c c:/st/stm32cubeide_1.10.1/stm32cubeide/plugins/com.st.stm32cube.ide.mcu.externaltools.gnu-tools-for-stm32.10.3-2021.10.win32_1.0.0.202111181127/tools/bin/../lib/gcc/arm-none-eabi/10.3.1/thumb/v7e-m+fp/hard/crtbegin.o
 *(.bss*)
 .bss.defaultTaskHandle
                0x0000000010000094        0x4 ./Core/Src/main.o
                0x0000000010000094                defaultTaskHandle
 .bss.htim6     0x0000000010000098       0x4c ./Core/Src/stm32h7xx_hal_timebase_tim.o
                0x0000000010000098                htim6
 .bss.uwTick    0x00000000100000e4        0x4 ./Drivers/STM32H7xx_HAL_Driver/stm32h7xx_hal.o
                0x00000000100000e4                uwTick
 .bss.KernelState
                0x00000000100000e8        0x4 ./Middlewares/Third_Party/FreeRTOS/cmsis_os2.o
 .bss.Idle_TCB.3
                0x00000000100000ec       0xbc ./Middlewares/Third_Party/FreeRTOS/cmsis_os2.o
 .bss.Idle_Stack.2
                0x00000000100001a8      0x200 ./Middlewares/Third_Party/FreeRTOS/cmsis_os2.o
 .bss.Timer_TCB.1
                0x00000000100003a8       0xbc ./Middlewares/Third_Party/FreeRTOS/cmsis_os2.o
 .bss.Timer_Stack.0
                0x0000000010000464      0x400 ./Middlewares/Third_Party/FreeRTOS/cmsis_os2.o
 .bss.ucHeap    0x0000000010000864     0x3c00 ./Middlewares/Third_Party/FreeRTOS/heap_4.o
 .bss.xStart    0x0000000010004464        0x8 ./Middlewares/Third_Party/FreeRTOS/heap_4.o
 .bss.pxEnd     0x000000001000446c        0x4 ./Middlewares/Third_Party/FreeRTOS/heap_4.o
 .bss.xFreeBytesRemaining
                0x0000000010004470        0x4 ./Middlewares/Third_Party/FreeRTOS/heap_4.o
 .bss.xMinimumEverFreeBytesRemaining
                0x0000000010004474        0x4 ./Middlewares/Third_Party/FreeRTOS/heap_4.o
 .bss.xNumberOfSuccessfulAllocations
                0x0000000010004478        0x4 ./Middlewares/Third_Party/FreeRTOS/heap_4.o
 .bss.xNumberOfSuccessfulFrees
                0x000000001000447c        0x4 ./Middlewares/Third_Party/FreeRTOS/heap_4.o
 .bss.xBlockAllocatedBit
                0x0000000010004480        0x4 ./Middlewares/Third_Party/FreeRTOS/heap_4.o
 .bss.ucMaxSysCallPriority
                0x0000000010004484        0x1 ./Middlewares/Third_Party/FreeRTOS/port.o
 *fill*         0x0000000010004485        0x3 
 .bss.ulMaxPRIGROUPValue
                0x0000000010004488        0x4 ./Middlewares/Third_Party/FreeRTOS/port.o
 .bss.xQueueRegistry
                0x000000001000448c       0x40 ./Middlewares/Third_Party/FreeRTOS/queue.o
                0x000000001000448c                xQueueRegistry
 .bss.pxCurrentTCB
                0x00000000100044cc        0x4 ./Middlewares/Third_Party/FreeRTOS/tasks.o
                0x00000000100044cc                pxCurrentTCB
 .bss.pxReadyTasksLists
                0x00000000100044d0      0x460 ./Middlewares/Third_Party/FreeRTOS/tasks.o
 .bss.xDelayedTaskList1
                0x0000000010004930       0x14 ./Middlewares/Third_Party/FreeRTOS/tasks.o
 .bss.xDelayedTaskList2
                0x0000000010004944       0x14 ./Middlewares/Third_Party/FreeRTOS/tasks.o
 .bss.pxDelayedTaskList
                0x0000000010004958        0x4 ./Middlewares/Third_Party/FreeRTOS/tasks.o
 .bss.pxOverflowDelayedTaskList
                0x000000001000495c        0x4 ./Middlewares/Third_Party/FreeRTOS/tasks.o
 .bss.xPendingReadyList
                0x0000000010004960       0x14 ./Middlewares/Third_Party/FreeRTOS/tasks.o
 .bss.xTasksWaitingTermination
                0x0000000010004974       0x14 ./Middlewares/Third_Party/FreeRTOS/tasks.o
 .bss.uxDeletedTasksWaitingCleanUp
                0x0000000010004988        0x4 ./Middlewares/Third_Party/FreeRTOS/tasks.o
 .bss.xSuspendedTaskList
                0x000000001000498c       0x14 ./Middlewares/Third_Party/FreeRTOS/tasks.o
 .bss.uxCurrentNumberOfTasks
                0x00000000100049a0        0x4 ./Middlewares/Third_Party/FreeRTOS/tasks.o
 .bss.xTickCount
                0x00000000100049a4        0x4 ./Middlewares/Third_Party/FreeRTOS/tasks.o
 .bss.uxTopReadyPriority
                0x00000000100049a8        0x4 ./Middlewares/Third_Party/FreeRTOS/tasks.o
 .bss.xSchedulerRunning
                0x00000000100049ac        0x4 ./Middlewares/Third_Party/FreeRTOS/tasks.o
 .bss.xPendedTicks
                0x00000000100049b0        0x4 ./Middlewares/Third_Party/FreeRTOS/tasks.o
 .bss.xYieldPending
                0x00000000100049b4        0x4 ./Middlewares/Third_Party/FreeRTOS/tasks.o
 .bss.xNumOfOverflows
                0x00000000100049b8        0x4 ./Middlewares/Third_Party/FreeRTOS/tasks.o
 .bss.uxTaskNumber
                0x00000000100049bc        0x4 ./Middlewares/Third_Party/FreeRTOS/tasks.o
 .bss.xNextTaskUnblockTime
                0x00000000100049c0        0x4 ./Middlewares/Third_Party/FreeRTOS/tasks.o
 .bss.xIdleTaskHandle
                0x00000000100049c4        0x4 ./Middlewares/Third_Party/FreeRTOS/tasks.o
 .bss.uxSchedulerSuspended
                0x00000000100049c8        0x4 ./Middlewares/Third_Party/FreeRTOS/tasks.o
 .bss.xActiveTimerList1
                0x00000000100049cc       0x14 ./Middlewares/Third_Party/FreeRTOS/timers.o
 .bss.xActiveTimerList2
                0x00000000100049e0       0x14 ./Middlewares/Third_Party/FreeRTOS/timers.o
 .bss.pxCurrentTimerList
                0x00000000100049f4        0x4 ./Middlewares/Third_Party/FreeRTOS/timers.o
 .bss.pxOverflowTimerList
                0x00000000100049f8        0x4 ./Middlewares/Third_Party/FreeRTOS/timers.o
 .bss.xTimerQueue
                0x00000000100049fc        0x4 ./Middlewares/Third_Party/FreeRTOS/timers.o
 .bss.xTimerTaskHandle
                0x0000000010004a00        0x4 ./Middlewares/Third_Party/FreeRTOS/timers.o
 .bss.xLastTime.2
                0x0000000010004a04        0x4 ./Middlewares/Third_Party/FreeRTOS/timers.o
 .bss.ucStaticTimerQueueStorage.1
                0x0000000010004a08       0xa0 ./Middlewares/Third_Party/FreeRTOS/timers.o
 .bss.xStaticTimerQueue.0
                0x0000000010004aa8       0x50 ./Middlewares/Third_Party/FreeRTOS/timers.o
 .bss.__lock___malloc_recursive_mutex
                0x0000000010004af8        0x1 c:/st/stm32cubeide_1.10.1/stm32cubeide/plugins/com.st.stm32cube.ide.mcu.externaltools.gnu-tools-for-stm32.10.3-2021.10.win32_1.0.0.202111181127/tools/bin/../lib/gcc/arm-none-eabi/10.3.1/../../../../arm-none-eabi/lib/thumb/v7e-m+fp/hard\libc_nano.a(lib_a-lock.o)
                0x0000000010004af8                __lock___malloc_recursive_mutex
 *fill*         0x0000000010004af9        0x3 
 .bss.__malloc_free_list
                0x0000000010004afc        0x4 c:/st/stm32cubeide_1.10.1/stm32cubeide/plugins/com.st.stm32cube.ide.mcu.externaltools.gnu-tools-for-stm32.10.3-2021.10.win32_1.0.0.202111181127/tools/bin/../lib/gcc/arm-none-eabi/10.3.1/../../../../arm-none-eabi/lib/thumb/v7e-m+fp/hard\libc_nano.a(lib_a-nano-mallocr.o)
                0x0000000010004afc                __malloc_free_list
 *(COMMON)
                0x0000000010004b00                . = ALIGN (0x4)
                0x0000000010004b00                _ebss = .
                0x0000000010004b00                __bss_end__ = _ebss

._user_heap_stack
                0x0000000010004b00      0x600 load address 0x0000000008104618
                0x0000000010004b00                . = ALIGN (0x8)
                [!provide]                        PROVIDE (end = .)
                0x0000000010004b00                PROVIDE (_end = .)
                0x0000000010004d00                . = (. + _Min_Heap_Size)
 *fill*         0x0000000010004b00      0x200 
                0x0000000010005100                . = (. + _Min_Stack_Size)
 *fill*         0x0000000010004d00      0x400 
                0x0000000010005100                . = ALIGN (0x8)

/DISCARD/
 libc.a(*)
 libm.a(*)
 libgcc.a(*)

.ARM.attributes
                0x0000000000000000       0x30
 *(.ARM.attributes)
 .ARM.attributes
                0x0000000000000000       0x1e c:/st/stm32cubeide_1.10.1/stm32cubeide/plugins/com.st.stm32cube.ide.mcu.externaltools.gnu-tools-for-stm32.10.3-2021.10.win32_1.0.0.202111181127/tools/bin/../lib/gcc/arm-none-eabi/10.3.1/thumb/v7e-m+fp/hard/crti.o
 .ARM.attributes
                0x000000000000001e       0x34 c:/st/stm32cubeide_1.10.1/stm32cubeide/plugins/com.st.stm32cube.ide.mcu.externaltools.gnu-tools-for-stm32.10.3-2021.10.win32_1.0.0.202111181127/tools/bin/../lib/gcc/arm-none-eabi/10.3.1/thumb/v7e-m+fp/hard/crtbegin.o
 .ARM.attributes
                0x0000000000000052       0x34 ./Common/Src/system_stm32h7xx_dualcore_boot_cm4_cm7.o
 .ARM.attributes
                0x0000000000000086       0x34 ./Core/Src/main.o
 .ARM.attributes
                0x00000000000000ba       0x34 ./Core/Src/stm32h7xx_hal_msp.o
 .ARM.attributes
                0x00000000000000ee       0x34 ./Core/Src/stm32h7xx_hal_timebase_tim.o
 .ARM.attributes
                0x0000000000000122       0x34 ./Core/Src/stm32h7xx_it.o
 .ARM.attributes
                0x0000000000000156       0x21 ./Core/Startup/startup_stm32h745zitx.o
 .ARM.attributes
                0x0000000000000177       0x34 ./Drivers/STM32H7xx_HAL_Driver/stm32h7xx_hal.o
 .ARM.attributes
                0x00000000000001ab       0x34 ./Drivers/STM32H7xx_HAL_Driver/stm32h7xx_hal_cortex.o
 .ARM.attributes
                0x00000000000001df       0x34 ./Drivers/STM32H7xx_HAL_Driver/stm32h7xx_hal_gpio.o
 .ARM.attributes
                0x0000000000000213       0x34 ./Drivers/STM32H7xx_HAL_Driver/stm32h7xx_hal_hsem.o
 .ARM.attributes
                0x0000000000000247       0x34 ./Drivers/STM32H7xx_HAL_Driver/stm32h7xx_hal_pwr_ex.o
 .ARM.attributes
                0x000000000000027b       0x34 ./Drivers/STM32H7xx_HAL_Driver/stm32h7xx_hal_rcc.o
 .ARM.attributes
                0x00000000000002af       0x34 ./Drivers/STM32H7xx_HAL_Driver/stm32h7xx_hal_tim.o
 .ARM.attributes
                0x00000000000002e3       0x34 ./Drivers/STM32H7xx_HAL_Driver/stm32h7xx_hal_tim_ex.o
 .ARM.attributes
                0x0000000000000317       0x34 ./Middlewares/Third_Party/FreeRTOS/cmsis_os2.o
 .ARM.attributes
                0x000000000000034b       0x34 ./Middlewares/Third_Party/FreeRTOS/heap_4.o
 .ARM.attributes
                0x000000000000037f       0x34 ./Middlewares/Third_Party/FreeRTOS/list.o
 .ARM.attributes
                0x00000000000003b3       0x34 ./Middlewares/Third_Party/FreeRTOS/port.o
 .ARM.attributes
                0x00000000000003e7       0x34 ./Middlewares/Third_Party/FreeRTOS/queue.o
 .ARM.attributes
                0x000000000000041b       0x34 ./Middlewares/Third_Party/FreeRTOS/tasks.o
 .ARM.attributes
                0x000000000000044f       0x34 ./Middlewares/Third_Party/FreeRTOS/timers.o
 .ARM.attributes
                0x0000000000000483       0x34 c:/st/stm32cubeide_1.10.1/stm32cubeide/plugins/com.st.stm32cube.ide.mcu.externaltools.gnu-tools-for-stm32.10.3-2021.10.win32_1.0.0.202111181127/tools/bin/../lib/gcc/arm-none-eabi/10.3.1/../../../../arm-none-eabi/lib/thumb/v7e-m+fp/hard\libc_nano.a(lib_a-findfp.o)
 .ARM.attributes
                0x00000000000004b7       0x34 c:/st/stm32cubeide_1.10.1/stm32cubeide/plugins/com.st.stm32cube.ide.mcu.externaltools.gnu-tools-for-stm32.10.3-2021.10.win32_1.0.0.202111181127/tools/bin/../lib/gcc/arm-none-eabi/10.3.1/../../../../arm-none-eabi/lib/thumb/v7e-m+fp/hard\libc_nano.a(lib_a-impure.o)
 .ARM.attributes
                0x00000000000004eb       0x34 c:/st/stm32cubeide_1.10.1/stm32cubeide/plugins/com.st.stm32cube.ide.mcu.externaltools.gnu-tools-for-stm32.10.3-2021.10.win32_1.0.0.202111181127/tools/bin/../lib/gcc/arm-none-eabi/10.3.1/../../../../arm-none-eabi/lib/thumb/v7e-m+fp/hard\libc_nano.a(lib_a-init.o)
 .ARM.attributes
                0x000000000000051f       0x34 c:/st/stm32cubeide_1.10.1/stm32cubeide/plugins/com.st.stm32cube.ide.mcu.externaltools.gnu-tools-for-stm32.10.3-2021.10.win32_1.0.0.202111181127/tools/bin/../lib/gcc/arm-none-eabi/10.3.1/../../../../arm-none-eabi/lib/thumb/v7e-m+fp/hard\libc_nano.a(lib_a-lock.o)
 .ARM.attributes
                0x0000000000000553       0x34 c:/st/stm32cubeide_1.10.1/stm32cubeide/plugins/com.st.stm32cube.ide.mcu.externaltools.gnu-tools-for-stm32.10.3-2021.10.win32_1.0.0.202111181127/tools/bin/../lib/gcc/arm-none-eabi/10.3.1/../../../../arm-none-eabi/lib/thumb/v7e-m+fp/hard\libc_nano.a(lib_a-memcpy-stub.o)
 .ARM.attributes
                0x0000000000000587       0x34 c:/st/stm32cubeide_1.10.1/stm32cubeide/plugins/com.st.stm32cube.ide.mcu.externaltools.gnu-tools-for-stm32.10.3-2021.10.win32_1.0.0.202111181127/tools/bin/../lib/gcc/arm-none-eabi/10.3.1/../../../../arm-none-eabi/lib/thumb/v7e-m+fp/hard\libc_nano.a(lib_a-memset.o)
 .ARM.attributes
                0x00000000000005bb       0x34 c:/st/stm32cubeide_1.10.1/stm32cubeide/plugins/com.st.stm32cube.ide.mcu.externaltools.gnu-tools-for-stm32.10.3-2021.10.win32_1.0.0.202111181127/tools/bin/../lib/gcc/arm-none-eabi/10.3.1/../../../../arm-none-eabi/lib/thumb/v7e-m+fp/hard\libc_nano.a(lib_a-nano-mallocr.o)
 .ARM.attributes
                0x00000000000005ef       0x34 c:/st/stm32cubeide_1.10.1/stm32cubeide/plugins/com.st.stm32cube.ide.mcu.externaltools.gnu-tools-for-stm32.10.3-2021.10.win32_1.0.0.202111181127/tools/bin/../lib/gcc/arm-none-eabi/10.3.1/../../../../arm-none-eabi/lib/thumb/v7e-m+fp/hard\libc_nano.a(lib_a-reent.o)
 .ARM.attributes
                0x0000000000000623       0x34 c:/st/stm32cubeide_1.10.1/stm32cubeide/plugins/com.st.stm32cube.ide.mcu.externaltools.gnu-tools-for-stm32.10.3-2021.10.win32_1.0.0.202111181127/tools/bin/../lib/gcc/arm-none-eabi/10.3.1/../../../../arm-none-eabi/lib/thumb/v7e-m+fp/hard\libc_nano.a(lib_a-mlock.o)
 .ARM.attributes
                0x0000000000000657       0x34 c:/st/stm32cubeide_1.10.1/stm32cubeide/plugins/com.st.stm32cube.ide.mcu.externaltools.gnu-tools-for-stm32.10.3-2021.10.win32_1.0.0.202111181127/tools/bin/../lib/gcc/arm-none-eabi/10.3.1/../../../../arm-none-eabi/lib/thumb/v7e-m+fp/hard\libc_nano.a(lib_a-nano-freer.o)
 .ARM.attributes
                0x000000000000068b       0x1e c:/st/stm32cubeide_1.10.1/stm32cubeide/plugins/com.st.stm32cube.ide.mcu.externaltools.gnu-tools-for-stm32.10.3-2021.10.win32_1.0.0.202111181127/tools/bin/../lib/gcc/arm-none-eabi/10.3.1/thumb/v7e-m+fp/hard/crtn.o
OUTPUT(tractorDeere_CM4.elf elf32-littlearm)
LOAD linker stubs
LOAD c:/st/stm32cubeide_1.10.1/stm32cubeide/plugins/com.st.stm32cube.ide.mcu.externaltools.gnu-tools-for-stm32.10.3-2021.10.win32_1.0.0.202111181127/tools/bin/../lib/gcc/arm-none-eabi/10.3.1/../../../../arm-none-eabi/lib/thumb/v7e-m+fp/hard\libc.a
LOAD c:/st/stm32cubeide_1.10.1/stm32cubeide/plugins/com.st.stm32cube.ide.mcu.externaltools.gnu-tools-for-stm32.10.3-2021.10.win32_1.0.0.202111181127/tools/bin/../lib/gcc/arm-none-eabi/10.3.1/../../../../arm-none-eabi/lib/thumb/v7e-m+fp/hard\libm.a
LOAD c:/st/stm32cubeide_1.10.1/stm32cubeide/plugins/com.st.stm32cube.ide.mcu.externaltools.gnu-tools-for-stm32.10.3-2021.10.win32_1.0.0.202111181127/tools/bin/../lib/gcc/arm-none-eabi/10.3.1/thumb/v7e-m+fp/hard\libgcc.a

.debug_info     0x0000000000000000    0x1ba74
 .debug_info    0x0000000000000000      0x779 ./Common/Src/system_stm32h7xx_dualcore_boot_cm4_cm7.o
 .debug_info    0x0000000000000779     0x23a6 ./Core/Src/main.o
 .debug_info    0x0000000000002b1f     0x1eec ./Core/Src/stm32h7xx_hal_msp.o
 .debug_info    0x0000000000004a0b     0x1117 ./Core/Src/stm32h7xx_hal_timebase_tim.o
 .debug_info    0x0000000000005b22      0x826 ./Core/Src/stm32h7xx_it.o
 .debug_info    0x0000000000006348       0x22 ./Core/Startup/startup_stm32h745zitx.o
 .debug_info    0x000000000000636a     0x1865 ./Drivers/STM32H7xx_HAL_Driver/stm32h7xx_hal.o
 .debug_info    0x0000000000007bcf      0xfac ./Drivers/STM32H7xx_HAL_Driver/stm32h7xx_hal_cortex.o
 .debug_info    0x0000000000008b7b      0xde0 ./Drivers/STM32H7xx_HAL_Driver/stm32h7xx_hal_gpio.o
 .debug_info    0x000000000000995b      0x3fd ./Drivers/STM32H7xx_HAL_Driver/stm32h7xx_hal_hsem.o
 .debug_info    0x0000000000009d58     0x10d3 ./Drivers/STM32H7xx_HAL_Driver/stm32h7xx_hal_pwr_ex.o
 .debug_info    0x000000000000ae2b      0xf48 ./Drivers/STM32H7xx_HAL_Driver/stm32h7xx_hal_rcc.o
 .debug_info    0x000000000000bd73     0x2dd1 ./Drivers/STM32H7xx_HAL_Driver/stm32h7xx_hal_tim.o
 .debug_info    0x000000000000eb44     0x18f4 ./Drivers/STM32H7xx_HAL_Driver/stm32h7xx_hal_tim_ex.o
 .debug_info    0x0000000000010438     0x44d1 ./Middlewares/Third_Party/FreeRTOS/cmsis_os2.o
 .debug_info    0x0000000000014909      0x50b ./Middlewares/Third_Party/FreeRTOS/heap_4.o
 .debug_info    0x0000000000014e14      0x2d1 ./Middlewares/Third_Party/FreeRTOS/list.o
 .debug_info    0x00000000000150e5      0x507 ./Middlewares/Third_Party/FreeRTOS/port.o
 .debug_info    0x00000000000155ec     0x1cbf ./Middlewares/Third_Party/FreeRTOS/queue.o
 .debug_info    0x00000000000172ab     0x2b40 ./Middlewares/Third_Party/FreeRTOS/tasks.o
 .debug_info    0x0000000000019deb     0x1c89 ./Middlewares/Third_Party/FreeRTOS/timers.o

.debug_abbrev   0x0000000000000000     0x32ea
 .debug_abbrev  0x0000000000000000      0x136 ./Common/Src/system_stm32h7xx_dualcore_boot_cm4_cm7.o
 .debug_abbrev  0x0000000000000136      0x305 ./Core/Src/main.o
 .debug_abbrev  0x000000000000043b      0x1ff ./Core/Src/stm32h7xx_hal_msp.o
 .debug_abbrev  0x000000000000063a      0x206 ./Core/Src/stm32h7xx_hal_timebase_tim.o
 .debug_abbrev  0x0000000000000840      0x171 ./Core/Src/stm32h7xx_it.o
 .debug_abbrev  0x00000000000009b1       0x12 ./Core/Startup/startup_stm32h745zitx.o
 .debug_abbrev  0x00000000000009c3      0x292 ./Drivers/STM32H7xx_HAL_Driver/stm32h7xx_hal.o
 .debug_abbrev  0x0000000000000c55      0x329 ./Drivers/STM32H7xx_HAL_Driver/stm32h7xx_hal_cortex.o
 .debug_abbrev  0x0000000000000f7e      0x1ec ./Drivers/STM32H7xx_HAL_Driver/stm32h7xx_hal_gpio.o
 .debug_abbrev  0x000000000000116a      0x1d0 ./Drivers/STM32H7xx_HAL_Driver/stm32h7xx_hal_hsem.o
 .debug_abbrev  0x000000000000133a      0x2bc ./Drivers/STM32H7xx_HAL_Driver/stm32h7xx_hal_pwr_ex.o
 .debug_abbrev  0x00000000000015f6      0x2b8 ./Drivers/STM32H7xx_HAL_Driver/stm32h7xx_hal_rcc.o
 .debug_abbrev  0x00000000000018ae      0x25d ./Drivers/STM32H7xx_HAL_Driver/stm32h7xx_hal_tim.o
 .debug_abbrev  0x0000000000001b0b      0x265 ./Drivers/STM32H7xx_HAL_Driver/stm32h7xx_hal_tim_ex.o
 .debug_abbrev  0x0000000000001d70      0x529 ./Middlewares/Third_Party/FreeRTOS/cmsis_os2.o
 .debug_abbrev  0x0000000000002299      0x212 ./Middlewares/Third_Party/FreeRTOS/heap_4.o
 .debug_abbrev  0x00000000000024ab       0xf2 ./Middlewares/Third_Party/FreeRTOS/list.o
 .debug_abbrev  0x000000000000259d      0x259 ./Middlewares/Third_Party/FreeRTOS/port.o
 .debug_abbrev  0x00000000000027f6      0x3a1 ./Middlewares/Third_Party/FreeRTOS/queue.o
 .debug_abbrev  0x0000000000002b97      0x3f3 ./Middlewares/Third_Party/FreeRTOS/tasks.o
 .debug_abbrev  0x0000000000002f8a      0x360 ./Middlewares/Third_Party/FreeRTOS/timers.o

.debug_aranges  0x0000000000000000     0x14d8
 .debug_aranges
                0x0000000000000000       0x28 ./Common/Src/system_stm32h7xx_dualcore_boot_cm4_cm7.o
 .debug_aranges
                0x0000000000000028       0x58 ./Core/Src/main.o
 .debug_aranges
                0x0000000000000080       0x50 ./Core/Src/stm32h7xx_hal_msp.o
 .debug_aranges
                0x00000000000000d0       0x30 ./Core/Src/stm32h7xx_hal_timebase_tim.o
 .debug_aranges
                0x0000000000000100       0x50 ./Core/Src/stm32h7xx_it.o
 .debug_aranges
                0x0000000000000150       0x28 ./Core/Startup/startup_stm32h745zitx.o
 .debug_aranges
                0x0000000000000178      0x200 ./Drivers/STM32H7xx_HAL_Driver/stm32h7xx_hal.o
 .debug_aranges
                0x0000000000000378      0x120 ./Drivers/STM32H7xx_HAL_Driver/stm32h7xx_hal_cortex.o
 .debug_aranges
                0x0000000000000498       0x58 ./Drivers/STM32H7xx_HAL_Driver/stm32h7xx_hal_gpio.o
 .debug_aranges
                0x00000000000004f0       0x70 ./Drivers/STM32H7xx_HAL_Driver/stm32h7xx_hal_hsem.o
 .debug_aranges
                0x0000000000000560      0x170 ./Drivers/STM32H7xx_HAL_Driver/stm32h7xx_hal_pwr_ex.o
 .debug_aranges
                0x00000000000006d0       0x88 ./Drivers/STM32H7xx_HAL_Driver/stm32h7xx_hal_rcc.o
 .debug_aranges
                0x0000000000000758      0x3e0 ./Drivers/STM32H7xx_HAL_Driver/stm32h7xx_hal_tim.o
 .debug_aranges
                0x0000000000000b38      0x188 ./Drivers/STM32H7xx_HAL_Driver/stm32h7xx_hal_tim_ex.o
 .debug_aranges
                0x0000000000000cc0      0x2b0 ./Middlewares/Third_Party/FreeRTOS/cmsis_os2.o
 .debug_aranges
                0x0000000000000f70       0x58 ./Middlewares/Third_Party/FreeRTOS/heap_4.o
 .debug_aranges
                0x0000000000000fc8       0x40 ./Middlewares/Third_Party/FreeRTOS/list.o
 .debug_aranges
                0x0000000000001008       0x80 ./Middlewares/Third_Party/FreeRTOS/port.o
 .debug_aranges
                0x0000000000001088      0x158 ./Middlewares/Third_Party/FreeRTOS/queue.o
 .debug_aranges
                0x00000000000011e0      0x208 ./Middlewares/Third_Party/FreeRTOS/tasks.o
 .debug_aranges
                0x00000000000013e8       0xf0 ./Middlewares/Third_Party/FreeRTOS/timers.o

.debug_ranges   0x0000000000000000     0x1390
 .debug_ranges  0x0000000000000000       0x18 ./Common/Src/system_stm32h7xx_dualcore_boot_cm4_cm7.o
 .debug_ranges  0x0000000000000018       0x48 ./Core/Src/main.o
 .debug_ranges  0x0000000000000060       0x40 ./Core/Src/stm32h7xx_hal_msp.o
 .debug_ranges  0x00000000000000a0       0x20 ./Core/Src/stm32h7xx_hal_timebase_tim.o
 .debug_ranges  0x00000000000000c0       0x40 ./Core/Src/stm32h7xx_it.o
 .debug_ranges  0x0000000000000100       0x20 ./Core/Startup/startup_stm32h745zitx.o
 .debug_ranges  0x0000000000000120      0x1f0 ./Drivers/STM32H7xx_HAL_Driver/stm32h7xx_hal.o
 .debug_ranges  0x0000000000000310      0x110 ./Drivers/STM32H7xx_HAL_Driver/stm32h7xx_hal_cortex.o
 .debug_ranges  0x0000000000000420       0x48 ./Drivers/STM32H7xx_HAL_Driver/stm32h7xx_hal_gpio.o
 .debug_ranges  0x0000000000000468       0x60 ./Drivers/STM32H7xx_HAL_Driver/stm32h7xx_hal_hsem.o
 .debug_ranges  0x00000000000004c8      0x160 ./Drivers/STM32H7xx_HAL_Driver/stm32h7xx_hal_pwr_ex.o
 .debug_ranges  0x0000000000000628       0x78 ./Drivers/STM32H7xx_HAL_Driver/stm32h7xx_hal_rcc.o
 .debug_ranges  0x00000000000006a0      0x3d0 ./Drivers/STM32H7xx_HAL_Driver/stm32h7xx_hal_tim.o
 .debug_ranges  0x0000000000000a70      0x178 ./Drivers/STM32H7xx_HAL_Driver/stm32h7xx_hal_tim_ex.o
 .debug_ranges  0x0000000000000be8      0x2a0 ./Middlewares/Third_Party/FreeRTOS/cmsis_os2.o
 .debug_ranges  0x0000000000000e88       0x48 ./Middlewares/Third_Party/FreeRTOS/heap_4.o
 .debug_ranges  0x0000000000000ed0       0x30 ./Middlewares/Third_Party/FreeRTOS/list.o
 .debug_ranges  0x0000000000000f00       0x70 ./Middlewares/Third_Party/FreeRTOS/port.o
 .debug_ranges  0x0000000000000f70      0x148 ./Middlewares/Third_Party/FreeRTOS/queue.o
 .debug_ranges  0x00000000000010b8      0x1f8 ./Middlewares/Third_Party/FreeRTOS/tasks.o
 .debug_ranges  0x00000000000012b0       0xe0 ./Middlewares/Third_Party/FreeRTOS/timers.o

.debug_macro    0x0000000000000000    0x3bef6
 .debug_macro   0x0000000000000000      0x2ce ./Common/Src/system_stm32h7xx_dualcore_boot_cm4_cm7.o
 .debug_macro   0x00000000000002ce      0xa7e ./Common/Src/system_stm32h7xx_dualcore_boot_cm4_cm7.o
 .debug_macro   0x0000000000000d4c       0x2e ./Common/Src/system_stm32h7xx_dualcore_boot_cm4_cm7.o
 .debug_macro   0x0000000000000d7a       0x3b ./Common/Src/system_stm32h7xx_dualcore_boot_cm4_cm7.o
 .debug_macro   0x0000000000000db5       0x22 ./Common/Src/system_stm32h7xx_dualcore_boot_cm4_cm7.o
 .debug_macro   0x0000000000000dd7       0x8e ./Common/Src/system_stm32h7xx_dualcore_boot_cm4_cm7.o
 .debug_macro   0x0000000000000e65       0x51 ./Common/Src/system_stm32h7xx_dualcore_boot_cm4_cm7.o
 .debug_macro   0x0000000000000eb6      0x103 ./Common/Src/system_stm32h7xx_dualcore_boot_cm4_cm7.o
 .debug_macro   0x0000000000000fb9       0x6a ./Common/Src/system_stm32h7xx_dualcore_boot_cm4_cm7.o
 .debug_macro   0x0000000000001023      0x1df ./Common/Src/system_stm32h7xx_dualcore_boot_cm4_cm7.o
 .debug_macro   0x0000000000001202       0x1c ./Common/Src/system_stm32h7xx_dualcore_boot_cm4_cm7.o
 .debug_macro   0x000000000000121e       0x22 ./Common/Src/system_stm32h7xx_dualcore_boot_cm4_cm7.o
 .debug_macro   0x0000000000001240       0xfb ./Common/Src/system_stm32h7xx_dualcore_boot_cm4_cm7.o
 .debug_macro   0x000000000000133b     0x1011 ./Common/Src/system_stm32h7xx_dualcore_boot_cm4_cm7.o
 .debug_macro   0x000000000000234c      0x11f ./Common/Src/system_stm32h7xx_dualcore_boot_cm4_cm7.o
 .debug_macro   0x000000000000246b    0x26d3b ./Common/Src/system_stm32h7xx_dualcore_boot_cm4_cm7.o
 .debug_macro   0x00000000000291a6       0x6d ./Common/Src/system_stm32h7xx_dualcore_boot_cm4_cm7.o
 .debug_macro   0x0000000000029213      0x244 ./Common/Src/system_stm32h7xx_dualcore_boot_cm4_cm7.o
 .debug_macro   0x0000000000029457     0x3d22 ./Common/Src/system_stm32h7xx_dualcore_boot_cm4_cm7.o
 .debug_macro   0x000000000002d179      0x174 ./Common/Src/system_stm32h7xx_dualcore_boot_cm4_cm7.o
 .debug_macro   0x000000000002d2ed       0x52 ./Common/Src/system_stm32h7xx_dualcore_boot_cm4_cm7.o
 .debug_macro   0x000000000002d33f       0x1e ./Common/Src/system_stm32h7xx_dualcore_boot_cm4_cm7.o
 .debug_macro   0x000000000002d35d       0x3c ./Common/Src/system_stm32h7xx_dualcore_boot_cm4_cm7.o
 .debug_macro   0x000000000002d399       0x34 ./Common/Src/system_stm32h7xx_dualcore_boot_cm4_cm7.o
 .debug_macro   0x000000000002d3cd       0x16 ./Common/Src/system_stm32h7xx_dualcore_boot_cm4_cm7.o
 .debug_macro   0x000000000002d3e3       0x43 ./Common/Src/system_stm32h7xx_dualcore_boot_cm4_cm7.o
 .debug_macro   0x000000000002d426       0x34 ./Common/Src/system_stm32h7xx_dualcore_boot_cm4_cm7.o
 .debug_macro   0x000000000002d45a       0x10 ./Common/Src/system_stm32h7xx_dualcore_boot_cm4_cm7.o
 .debug_macro   0x000000000002d46a       0x58 ./Common/Src/system_stm32h7xx_dualcore_boot_cm4_cm7.o
 .debug_macro   0x000000000002d4c2       0x71 ./Common/Src/system_stm32h7xx_dualcore_boot_cm4_cm7.o
 .debug_macro   0x000000000002d533       0x1c ./Common/Src/system_stm32h7xx_dualcore_boot_cm4_cm7.o
 .debug_macro   0x000000000002d54f      0x12a ./Common/Src/system_stm32h7xx_dualcore_boot_cm4_cm7.o
 .debug_macro   0x000000000002d679      0x341 ./Common/Src/system_stm32h7xx_dualcore_boot_cm4_cm7.o
 .debug_macro   0x000000000002d9ba      0x19b ./Common/Src/system_stm32h7xx_dualcore_boot_cm4_cm7.o
 .debug_macro   0x000000000002db55       0x5d ./Common/Src/system_stm32h7xx_dualcore_boot_cm4_cm7.o
 .debug_macro   0x000000000002dbb2     0x3a9d ./Common/Src/system_stm32h7xx_dualcore_boot_cm4_cm7.o
 .debug_macro   0x000000000003164f     0x1048 ./Common/Src/system_stm32h7xx_dualcore_boot_cm4_cm7.o
 .debug_macro   0x0000000000032697      0x14d ./Common/Src/system_stm32h7xx_dualcore_boot_cm4_cm7.o
 .debug_macro   0x00000000000327e4      0x130 ./Common/Src/system_stm32h7xx_dualcore_boot_cm4_cm7.o
 .debug_macro   0x0000000000032914      0x3be ./Common/Src/system_stm32h7xx_dualcore_boot_cm4_cm7.o
 .debug_macro   0x0000000000032cd2       0xac ./Common/Src/system_stm32h7xx_dualcore_boot_cm4_cm7.o
 .debug_macro   0x0000000000032d7e      0x72d ./Common/Src/system_stm32h7xx_dualcore_boot_cm4_cm7.o
 .debug_macro   0x00000000000334ab      0x228 ./Common/Src/system_stm32h7xx_dualcore_boot_cm4_cm7.o
 .debug_macro   0x00000000000336d3       0x66 ./Common/Src/system_stm32h7xx_dualcore_boot_cm4_cm7.o
 .debug_macro   0x0000000000033739      0x3bb ./Common/Src/system_stm32h7xx_dualcore_boot_cm4_cm7.o
 .debug_macro   0x0000000000033af4      0x407 ./Common/Src/system_stm32h7xx_dualcore_boot_cm4_cm7.o
 .debug_macro   0x0000000000033efb      0x244 ./Common/Src/system_stm32h7xx_dualcore_boot_cm4_cm7.o
 .debug_macro   0x000000000003413f      0xe42 ./Common/Src/system_stm32h7xx_dualcore_boot_cm4_cm7.o
 .debug_macro   0x0000000000034f81      0x3ca ./Common/Src/system_stm32h7xx_dualcore_boot_cm4_cm7.o
 .debug_macro   0x000000000003534b      0x4a2 ./Common/Src/system_stm32h7xx_dualcore_boot_cm4_cm7.o
 .debug_macro   0x00000000000357ed       0x51 ./Common/Src/system_stm32h7xx_dualcore_boot_cm4_cm7.o
 .debug_macro   0x000000000003583e       0x4a ./Common/Src/system_stm32h7xx_dualcore_boot_cm4_cm7.o
 .debug_macro   0x0000000000035888      0x22c ./Common/Src/system_stm32h7xx_dualcore_boot_cm4_cm7.o
 .debug_macro   0x0000000000035ab4       0x67 ./Common/Src/system_stm32h7xx_dualcore_boot_cm4_cm7.o
 .debug_macro   0x0000000000035b1b       0xa5 ./Common/Src/system_stm32h7xx_dualcore_boot_cm4_cm7.o
 .debug_macro   0x0000000000035bc0      0x218 ./Common/Src/system_stm32h7xx_dualcore_boot_cm4_cm7.o
 .debug_macro   0x0000000000035dd8      0x2ea ./Common/Src/system_stm32h7xx_dualcore_boot_cm4_cm7.o
 .debug_macro   0x00000000000360c2       0x35 ./Common/Src/system_stm32h7xx_dualcore_boot_cm4_cm7.o
 .debug_macro   0x00000000000360f7      0x5e4 ./Common/Src/system_stm32h7xx_dualcore_boot_cm4_cm7.o
 .debug_macro   0x00000000000366db       0x9e ./Common/Src/system_stm32h7xx_dualcore_boot_cm4_cm7.o
 .debug_macro   0x0000000000036779      0xaec ./Common/Src/system_stm32h7xx_dualcore_boot_cm4_cm7.o
 .debug_macro   0x0000000000037265      0x29f ./Common/Src/system_stm32h7xx_dualcore_boot_cm4_cm7.o
 .debug_macro   0x0000000000037504      0x67e ./Common/Src/system_stm32h7xx_dualcore_boot_cm4_cm7.o
 .debug_macro   0x0000000000037b82       0xa6 ./Common/Src/system_stm32h7xx_dualcore_boot_cm4_cm7.o
 .debug_macro   0x0000000000037c28      0x798 ./Common/Src/system_stm32h7xx_dualcore_boot_cm4_cm7.o
 .debug_macro   0x00000000000383c0      0x385 ./Core/Src/main.o
 .debug_macro   0x0000000000038745      0x16f ./Core/Src/main.o
 .debug_macro   0x00000000000388b4       0x16 ./Core/Src/main.o
 .debug_macro   0x00000000000388ca       0x66 ./Core/Src/main.o
 .debug_macro   0x0000000000038930       0x74 ./Core/Src/main.o
 .debug_macro   0x00000000000389a4       0xdd ./Core/Src/main.o
 .debug_macro   0x0000000000038a81      0x2dd ./Core/Src/stm32h7xx_hal_msp.o
 .debug_macro   0x0000000000038d5e      0x2ce ./Core/Src/stm32h7xx_hal_timebase_tim.o
 .debug_macro   0x000000000003902c      0x2e7 ./Core/Src/stm32h7xx_it.o
 .debug_macro   0x0000000000039313      0x2f8 ./Drivers/STM32H7xx_HAL_Driver/stm32h7xx_hal.o
 .debug_macro   0x000000000003960b      0x2ce ./Drivers/STM32H7xx_HAL_Driver/stm32h7xx_hal_cortex.o
 .debug_macro   0x00000000000398d9      0x2e2 ./Drivers/STM32H7xx_HAL_Driver/stm32h7xx_hal_gpio.o
 .debug_macro   0x0000000000039bbb      0x2e0 ./Drivers/STM32H7xx_HAL_Driver/stm32h7xx_hal_hsem.o
 .debug_macro   0x0000000000039e9b      0x307 ./Drivers/STM32H7xx_HAL_Driver/stm32h7xx_hal_pwr_ex.o
 .debug_macro   0x000000000003a1a2      0x2f2 ./Drivers/STM32H7xx_HAL_Driver/stm32h7xx_hal_rcc.o
 .debug_macro   0x000000000003a494      0x2cf ./Drivers/STM32H7xx_HAL_Driver/stm32h7xx_hal_tim.o
 .debug_macro   0x000000000003a763      0x2ce ./Drivers/STM32H7xx_HAL_Driver/stm32h7xx_hal_tim_ex.o
 .debug_macro   0x000000000003aa31      0x43f ./Middlewares/Third_Party/FreeRTOS/cmsis_os2.o
 .debug_macro   0x000000000003ae70       0x10 ./Middlewares/Third_Party/FreeRTOS/cmsis_os2.o
 .debug_macro   0x000000000003ae80       0x20 ./Middlewares/Third_Party/FreeRTOS/cmsis_os2.o
 .debug_macro   0x000000000003aea0       0x10 ./Middlewares/Third_Party/FreeRTOS/cmsis_os2.o
 .debug_macro   0x000000000003aeb0       0xf5 ./Middlewares/Third_Party/FreeRTOS/cmsis_os2.o
 .debug_macro   0x000000000003afa5       0x91 ./Middlewares/Third_Party/FreeRTOS/cmsis_os2.o
 .debug_macro   0x000000000003b036       0x8d ./Middlewares/Third_Party/FreeRTOS/cmsis_os2.o
 .debug_macro   0x000000000003b0c3       0x9a ./Middlewares/Third_Party/FreeRTOS/cmsis_os2.o
 .debug_macro   0x000000000003b15d       0x22 ./Middlewares/Third_Party/FreeRTOS/cmsis_os2.o
 .debug_macro   0x000000000003b17f      0x1c0 ./Middlewares/Third_Party/FreeRTOS/heap_4.o
 .debug_macro   0x000000000003b33f      0x199 ./Middlewares/Third_Party/FreeRTOS/list.o
 .debug_macro   0x000000000003b4d8      0x233 ./Middlewares/Third_Party/FreeRTOS/port.o
 .debug_macro   0x000000000003b70b      0x228 ./Middlewares/Third_Party/FreeRTOS/queue.o
 .debug_macro   0x000000000003b933       0x16 ./Middlewares/Third_Party/FreeRTOS/queue.o
 .debug_macro   0x000000000003b949       0x87 ./Middlewares/Third_Party/FreeRTOS/queue.o
 .debug_macro   0x000000000003b9d0      0x291 ./Middlewares/Third_Party/FreeRTOS/tasks.o
 .debug_macro   0x000000000003bc61       0x10 ./Middlewares/Third_Party/FreeRTOS/tasks.o
 .debug_macro   0x000000000003bc71      0x1ee ./Middlewares/Third_Party/FreeRTOS/timers.o
 .debug_macro   0x000000000003be5f       0x97 ./Middlewares/Third_Party/FreeRTOS/timers.o

.debug_line     0x0000000000000000    0x16bc7
 .debug_line    0x0000000000000000      0xa25 ./Common/Src/system_stm32h7xx_dualcore_boot_cm4_cm7.o
 .debug_line    0x0000000000000a25      0xbd0 ./Core/Src/main.o
 .debug_line    0x00000000000015f5      0x985 ./Core/Src/stm32h7xx_hal_msp.o
 .debug_line    0x0000000000001f7a      0x915 ./Core/Src/stm32h7xx_hal_timebase_tim.o
 .debug_line    0x000000000000288f      0x93e ./Core/Src/stm32h7xx_it.o
 .debug_line    0x00000000000031cd       0x88 ./Core/Startup/startup_stm32h745zitx.o
 .debug_line    0x0000000000003255      0xfe6 ./Drivers/STM32H7xx_HAL_Driver/stm32h7xx_hal.o
 .debug_line    0x000000000000423b      0xe96 ./Drivers/STM32H7xx_HAL_Driver/stm32h7xx_hal_cortex.o
 .debug_line    0x00000000000050d1      0xd49 ./Drivers/STM32H7xx_HAL_Driver/stm32h7xx_hal_gpio.o
 .debug_line    0x0000000000005e1a      0xa46 ./Drivers/STM32H7xx_HAL_Driver/stm32h7xx_hal_hsem.o
 .debug_line    0x0000000000006860     0x10b1 ./Drivers/STM32H7xx_HAL_Driver/stm32h7xx_hal_pwr_ex.o
 .debug_line    0x0000000000007911     0x13f2 ./Drivers/STM32H7xx_HAL_Driver/stm32h7xx_hal_rcc.o
 .debug_line    0x0000000000008d03     0x3f4e ./Drivers/STM32H7xx_HAL_Driver/stm32h7xx_hal_tim.o
 .debug_line    0x000000000000cc51     0x1e2a ./Drivers/STM32H7xx_HAL_Driver/stm32h7xx_hal_tim_ex.o
 .debug_line    0x000000000000ea7b     0x24b6 ./Middlewares/Third_Party/FreeRTOS/cmsis_os2.o
 .debug_line    0x0000000000010f31      0x96d ./Middlewares/Third_Party/FreeRTOS/heap_4.o
 .debug_line    0x000000000001189e      0x743 ./Middlewares/Third_Party/FreeRTOS/list.o
 .debug_line    0x0000000000011fe1      0x94b ./Middlewares/Third_Party/FreeRTOS/port.o
 .debug_line    0x000000000001292c     0x170d ./Middlewares/Third_Party/FreeRTOS/queue.o
 .debug_line    0x0000000000014039     0x1deb ./Middlewares/Third_Party/FreeRTOS/tasks.o
 .debug_line    0x0000000000015e24      0xda3 ./Middlewares/Third_Party/FreeRTOS/timers.o

.debug_str      0x0000000000000000   0x197c02
 .debug_str     0x0000000000000000   0x187b6e ./Common/Src/system_stm32h7xx_dualcore_boot_cm4_cm7.o
                                     0x187fc7 (size before relaxing)
 .debug_str     0x0000000000187b6e     0x600f ./Core/Src/main.o
                                     0x18e043 (size before relaxing)
 .debug_str     0x000000000018db7d      0xbd2 ./Core/Src/stm32h7xx_hal_msp.o
                                     0x1897f7 (size before relaxing)
 .debug_str     0x000000000018e74f      0x19c ./Core/Src/stm32h7xx_hal_timebase_tim.o
                                     0x188ed7 (size before relaxing)
 .debug_str     0x000000000018e8eb       0xb9 ./Core/Src/stm32h7xx_it.o
                                     0x1883bb (size before relaxing)
 .debug_str     0x000000000018e9a4       0x36 ./Core/Startup/startup_stm32h745zitx.o
                                         0x78 (size before relaxing)
 .debug_str     0x000000000018e9da      0xa50 ./Drivers/STM32H7xx_HAL_Driver/stm32h7xx_hal.o
                                     0x18932e (size before relaxing)
 .debug_str     0x000000000018f42a      0x371 ./Drivers/STM32H7xx_HAL_Driver/stm32h7xx_hal_cortex.o
                                     0x188a7c (size before relaxing)
 .debug_str     0x000000000018f79b      0x166 ./Drivers/STM32H7xx_HAL_Driver/stm32h7xx_hal_gpio.o
                                     0x18821c (size before relaxing)
 .debug_str     0x000000000018f901      0x1d8 ./Drivers/STM32H7xx_HAL_Driver/stm32h7xx_hal_hsem.o
                                     0x187ea7 (size before relaxing)
 .debug_str     0x000000000018fad9      0x6d0 ./Drivers/STM32H7xx_HAL_Driver/stm32h7xx_hal_pwr_ex.o
                                     0x188672 (size before relaxing)
 .debug_str     0x00000000001901a9      0x483 ./Drivers/STM32H7xx_HAL_Driver/stm32h7xx_hal_rcc.o
                                     0x18859d (size before relaxing)
 .debug_str     0x000000000019062c      0xecc ./Drivers/STM32H7xx_HAL_Driver/stm32h7xx_hal_tim.o
                                     0x189319 (size before relaxing)
 .debug_str     0x00000000001914f8      0x64a ./Drivers/STM32H7xx_HAL_Driver/stm32h7xx_hal_tim_ex.o
                                     0x188c51 (size before relaxing)
 .debug_str     0x0000000000191b42     0x33cc ./Middlewares/Third_Party/FreeRTOS/cmsis_os2.o
                                     0x190079 (size before relaxing)
 .debug_str     0x0000000000194f0e      0x4aa ./Middlewares/Third_Party/FreeRTOS/heap_4.o
                                       0xb009 (size before relaxing)
 .debug_str     0x00000000001953b8      0x157 ./Middlewares/Third_Party/FreeRTOS/list.o
                                       0xa6c7 (size before relaxing)
 .debug_str     0x000000000019550f      0x853 ./Middlewares/Third_Party/FreeRTOS/port.o
                                       0x9fe3 (size before relaxing)
 .debug_str     0x0000000000195d62      0x84d ./Middlewares/Third_Party/FreeRTOS/queue.o
                                       0xc207 (size before relaxing)
 .debug_str     0x00000000001965af     0x1078 ./Middlewares/Third_Party/FreeRTOS/tasks.o
                                       0xd08a (size before relaxing)
 .debug_str     0x0000000000197627      0x5db ./Middlewares/Third_Party/FreeRTOS/timers.o
                                       0xca97 (size before relaxing)

.comment        0x0000000000000000       0x50
 .comment       0x0000000000000000       0x50 ./Common/Src/system_stm32h7xx_dualcore_boot_cm4_cm7.o
                                         0x51 (size before relaxing)
 .comment       0x0000000000000050       0x51 ./Core/Src/main.o
 .comment       0x0000000000000050       0x51 ./Core/Src/stm32h7xx_hal_msp.o
 .comment       0x0000000000000050       0x51 ./Core/Src/stm32h7xx_hal_timebase_tim.o
 .comment       0x0000000000000050       0x51 ./Core/Src/stm32h7xx_it.o
 .comment       0x0000000000000050       0x51 ./Drivers/STM32H7xx_HAL_Driver/stm32h7xx_hal.o
 .comment       0x0000000000000050       0x51 ./Drivers/STM32H7xx_HAL_Driver/stm32h7xx_hal_cortex.o
 .comment       0x0000000000000050       0x51 ./Drivers/STM32H7xx_HAL_Driver/stm32h7xx_hal_gpio.o
 .comment       0x0000000000000050       0x51 ./Drivers/STM32H7xx_HAL_Driver/stm32h7xx_hal_hsem.o
 .comment       0x0000000000000050       0x51 ./Drivers/STM32H7xx_HAL_Driver/stm32h7xx_hal_pwr_ex.o
 .comment       0x0000000000000050       0x51 ./Drivers/STM32H7xx_HAL_Driver/stm32h7xx_hal_rcc.o
 .comment       0x0000000000000050       0x51 ./Drivers/STM32H7xx_HAL_Driver/stm32h7xx_hal_tim.o
 .comment       0x0000000000000050       0x51 ./Drivers/STM32H7xx_HAL_Driver/stm32h7xx_hal_tim_ex.o
 .comment       0x0000000000000050       0x51 ./Middlewares/Third_Party/FreeRTOS/cmsis_os2.o
 .comment       0x0000000000000050       0x51 ./Middlewares/Third_Party/FreeRTOS/heap_4.o
 .comment       0x0000000000000050       0x51 ./Middlewares/Third_Party/FreeRTOS/list.o
 .comment       0x0000000000000050       0x51 ./Middlewares/Third_Party/FreeRTOS/port.o
 .comment       0x0000000000000050       0x51 ./Middlewares/Third_Party/FreeRTOS/queue.o
 .comment       0x0000000000000050       0x51 ./Middlewares/Third_Party/FreeRTOS/tasks.o
 .comment       0x0000000000000050       0x51 ./Middlewares/Third_Party/FreeRTOS/timers.o

.debug_frame    0x0000000000000000     0x5a78
 .debug_frame   0x0000000000000000       0x58 ./Common/Src/system_stm32h7xx_dualcore_boot_cm4_cm7.o
 .debug_frame   0x0000000000000058      0x104 ./Core/Src/main.o
 .debug_frame   0x000000000000015c      0x118 ./Core/Src/stm32h7xx_hal_msp.o
 .debug_frame   0x0000000000000274       0x74 ./Core/Src/stm32h7xx_hal_timebase_tim.o
 .debug_frame   0x00000000000002e8       0xc4 ./Core/Src/stm32h7xx_it.o
 .debug_frame   0x00000000000003ac      0x848 ./Drivers/STM32H7xx_HAL_Driver/stm32h7xx_hal.o
 .debug_frame   0x0000000000000bf4      0x4b8 ./Drivers/STM32H7xx_HAL_Driver/stm32h7xx_hal_cortex.o
 .debug_frame   0x00000000000010ac      0x14c ./Drivers/STM32H7xx_HAL_Driver/stm32h7xx_hal_gpio.o
 .debug_frame   0x00000000000011f8      0x1bc ./Drivers/STM32H7xx_HAL_Driver/stm32h7xx_hal_hsem.o
 .debug_frame   0x00000000000013b4      0x5ec ./Drivers/STM32H7xx_HAL_Driver/stm32h7xx_hal_pwr_ex.o
 .debug_frame   0x00000000000019a0      0x1f8 ./Drivers/STM32H7xx_HAL_Driver/stm32h7xx_hal_rcc.o
 .debug_frame   0x0000000000001b98     0x121c ./Drivers/STM32H7xx_HAL_Driver/stm32h7xx_hal_tim.o
 .debug_frame   0x0000000000002db4      0x6d8 ./Drivers/STM32H7xx_HAL_Driver/stm32h7xx_hal_tim_ex.o
 .debug_frame   0x000000000000348c      0xbe4 ./Middlewares/Third_Party/FreeRTOS/cmsis_os2.o
 .debug_frame   0x0000000000004070      0x12c ./Middlewares/Third_Party/FreeRTOS/heap_4.o
 .debug_frame   0x000000000000419c       0xd8 ./Middlewares/Third_Party/FreeRTOS/list.o
 .debug_frame   0x0000000000004274      0x1a8 ./Middlewares/Third_Party/FreeRTOS/port.o
 .debug_frame   0x000000000000441c      0x5ec ./Middlewares/Third_Party/FreeRTOS/queue.o
 .debug_frame   0x0000000000004a08      0x8f0 ./Middlewares/Third_Party/FreeRTOS/tasks.o
 .debug_frame   0x00000000000052f8      0x400 ./Middlewares/Third_Party/FreeRTOS/timers.o
 .debug_frame   0x00000000000056f8      0x14c c:/st/stm32cubeide_1.10.1/stm32cubeide/plugins/com.st.stm32cube.ide.mcu.externaltools.gnu-tools-for-stm32.10.3-2021.10.win32_1.0.0.202111181127/tools/bin/../lib/gcc/arm-none-eabi/10.3.1/../../../../arm-none-eabi/lib/thumb/v7e-m+fp/hard\libc_nano.a(lib_a-findfp.o)
 .debug_frame   0x0000000000005844       0x2c c:/st/stm32cubeide_1.10.1/stm32cubeide/plugins/com.st.stm32cube.ide.mcu.externaltools.gnu-tools-for-stm32.10.3-2021.10.win32_1.0.0.202111181127/tools/bin/../lib/gcc/arm-none-eabi/10.3.1/../../../../arm-none-eabi/lib/thumb/v7e-m+fp/hard\libc_nano.a(lib_a-init.o)
 .debug_frame   0x0000000000005870       0xb0 c:/st/stm32cubeide_1.10.1/stm32cubeide/plugins/com.st.stm32cube.ide.mcu.externaltools.gnu-tools-for-stm32.10.3-2021.10.win32_1.0.0.202111181127/tools/bin/../lib/gcc/arm-none-eabi/10.3.1/../../../../arm-none-eabi/lib/thumb/v7e-m+fp/hard\libc_nano.a(lib_a-lock.o)
 .debug_frame   0x0000000000005920       0x28 c:/st/stm32cubeide_1.10.1/stm32cubeide/plugins/com.st.stm32cube.ide.mcu.externaltools.gnu-tools-for-stm32.10.3-2021.10.win32_1.0.0.202111181127/tools/bin/../lib/gcc/arm-none-eabi/10.3.1/../../../../arm-none-eabi/lib/thumb/v7e-m+fp/hard\libc_nano.a(lib_a-memcpy-stub.o)