Archive member included to satisfy reference by file (symbol)

c:/st/stm32cubeide_1.10.1/stm32cubeide/plugins/com.st.stm32cube.ide.mcu.externaltools.gnu-tools-for-stm32.10.3-2021.10.win32_1.0.0.202111181127/tools/bin/../lib/gcc/arm-none-eabi/10.3.1/../../../../arm-none-eabi/lib/thumb/v7e-m+dp/hard\libc_nano.a(lib_a-errno.o)
                              ./Core/Src/syscalls.o (__errno)
c:/st/stm32cubeide_1.10.1/stm32cubeide/plugins/com.st.stm32cube.ide.mcu.externaltools.gnu-tools-for-stm32.10.3-2021.10.win32_1.0.0.202111181127/tools/bin/../lib/gcc/arm-none-eabi/10.3.1/../../../../arm-none-eabi/lib/thumb/v7e-m+dp/hard\libc_nano.a(lib_a-exit.o)
                              c:/st/stm32cubeide_1.10.1/stm32cubeide/plugins/com.st.stm32cube.ide.mcu.externaltools.gnu-tools-for-stm32.10.3-2021.10.win32_1.0.0.202111181127/tools/bin/../lib/gcc/arm-none-eabi/10.3.1/../../../../arm-none-eabi/lib/thumb/v7e-m+dp/hard/crt0.o (exit)
c:/st/stm32cubeide_1.10.1/stm32cubeide/plugins/com.st.stm32cube.ide.mcu.externaltools.gnu-tools-for-stm32.10.3-2021.10.win32_1.0.0.202111181127/tools/bin/../lib/gcc/arm-none-eabi/10.3.1/../../../../arm-none-eabi/lib/thumb/v7e-m+dp/hard\libc_nano.a(lib_a-findfp.o)
                              ./Middlewares/Third_Party/FreeRTOS/tasks.o (__sf_fake_stderr)
c:/st/stm32cubeide_1.10.1/stm32cubeide/plugins/com.st.stm32cube.ide.mcu.externaltools.gnu-tools-for-stm32.10.3-2021.10.win32_1.0.0.202111181127/tools/bin/../lib/gcc/arm-none-eabi/10.3.1/../../../../arm-none-eabi/lib/thumb/v7e-m+dp/hard\libc_nano.a(lib_a-fwalk.o)
                              c:/st/stm32cubeide_1.10.1/stm32cubeide/plugins/com.st.stm32cube.ide.mcu.externaltools.gnu-tools-for-stm32.10.3-2021.10.win32_1.0.0.202111181127/tools/bin/../lib/gcc/arm-none-eabi/10.3.1/../../../../arm-none-eabi/lib/thumb/v7e-m+dp/hard\libc_nano.a(lib_a-findfp.o) (_fwalk)
c:/st/stm32cubeide_1.10.1/stm32cubeide/plugins/com.st.stm32cube.ide.mcu.externaltools.gnu-tools-for-stm32.10.3-2021.10.win32_1.0.0.202111181127/tools/bin/../lib/gcc/arm-none-eabi/10.3.1/../../../../arm-none-eabi/lib/thumb/v7e-m+dp/hard\libc_nano.a(lib_a-impure.o)
                              c:/st/stm32cubeide_1.10.1/stm32cubeide/plugins/com.st.stm32cube.ide.mcu.externaltools.gnu-tools-for-stm32.10.3-2021.10.win32_1.0.0.202111181127/tools/bin/../lib/gcc/arm-none-eabi/10.3.1/../../../../arm-none-eabi/lib/thumb/v7e-m+dp/hard\libc_nano.a(lib_a-exit.o) (_global_impure_ptr)
c:/st/stm32cubeide_1.10.1/stm32cubeide/plugins/com.st.stm32cube.ide.mcu.externaltools.gnu-tools-for-stm32.10.3-2021.10.win32_1.0.0.202111181127/tools/bin/../lib/gcc/arm-none-eabi/10.3.1/../../../../arm-none-eabi/lib/thumb/v7e-m+dp/hard\libc_nano.a(lib_a-init.o)
                              c:/st/stm32cubeide_1.10.1/stm32cubeide/plugins/com.st.stm32cube.ide.mcu.externaltools.gnu-tools-for-stm32.10.3-2021.10.win32_1.0.0.202111181127/tools/bin/../lib/gcc/arm-none-eabi/10.3.1/../../../../arm-none-eabi/lib/thumb/v7e-m+dp/hard/crt0.o (__libc_init_array)
c:/st/stm32cubeide_1.10.1/stm32cubeide/plugins/com.st.stm32cube.ide.mcu.externaltools.gnu-tools-for-stm32.10.3-2021.10.win32_1.0.0.202111181127/tools/bin/../lib/gcc/arm-none-eabi/10.3.1/../../../../arm-none-eabi/lib/thumb/v7e-m+dp/hard\libc_nano.a(lib_a-lock.o)
                              c:/st/stm32cubeide_1.10.1/stm32cubeide/plugins/com.st.stm32cube.ide.mcu.externaltools.gnu-tools-for-stm32.10.3-2021.10.win32_1.0.0.202111181127/tools/bin/../lib/gcc/arm-none-eabi/10.3.1/../../../../arm-none-eabi/lib/thumb/v7e-m+dp/hard\libc_nano.a(lib_a-findfp.o) (__retarget_lock_init_recursive)
c:/st/stm32cubeide_1.10.1/stm32cubeide/plugins/com.st.stm32cube.ide.mcu.externaltools.gnu-tools-for-stm32.10.3-2021.10.win32_1.0.0.202111181127/tools/bin/../lib/gcc/arm-none-eabi/10.3.1/../../../../arm-none-eabi/lib/thumb/v7e-m+dp/hard\libc_nano.a(lib_a-memcpy-stub.o)
                              ./Drivers/STM32H7xx_HAL_Driver/stm32h7xx_hal_fdcan.o (memcpy)
c:/st/stm32cubeide_1.10.1/stm32cubeide/plugins/com.st.stm32cube.ide.mcu.externaltools.gnu-tools-for-stm32.10.3-2021.10.win32_1.0.0.202111181127/tools/bin/../lib/gcc/arm-none-eabi/10.3.1/../../../../arm-none-eabi/lib/thumb/v7e-m+dp/hard\libc_nano.a(lib_a-memset.o)
                              c:/st/stm32cubeide_1.10.1/stm32cubeide/plugins/com.st.stm32cube.ide.mcu.externaltools.gnu-tools-for-stm32.10.3-2021.10.win32_1.0.0.202111181127/tools/bin/../lib/gcc/arm-none-eabi/10.3.1/../../../../arm-none-eabi/lib/thumb/v7e-m+dp/hard/crt0.o (memset)
c:/st/stm32cubeide_1.10.1/stm32cubeide/plugins/com.st.stm32cube.ide.mcu.externaltools.gnu-tools-for-stm32.10.3-2021.10.win32_1.0.0.202111181127/tools/bin/../lib/gcc/arm-none-eabi/10.3.1/../../../../arm-none-eabi/lib/thumb/v7e-m+dp/hard\libc_nano.a(lib_a-nano-mallocr.o)
[...]
Memory Configuration

Name             Origin             Length             Attributes
RAM_D1           0x0000000024000000 0x0000000000080000 xrw
FLASH            0x0000000008000000 0x0000000000100000 xr
DTCMRAM          0x0000000020000000 0x0000000000020000 xrw
RAM_D2           0x0000000030000000 0x0000000000048000 xrw
RAM_D3           0x0000000038000000 0x0000000000010000 xrw
ITCMRAM          0x0000000000000000 0x0000000000010000 xrw
*default*        0x0000000000000000 0xffffffffffffffff

Linker script and memory map

LOAD c:/st/stm32cubeide_1.10.1/stm32cubeide/plugins/com.st.stm32cube.ide.mcu.externaltools.gnu-tools-for-stm32.10.3-2021.10.win32_1.0.0.202111181127/tools/bin/../lib/gcc/arm-none-eabi/10.3.1/thumb/v7e-m+dp/hard/crti.o
LOAD c:/st/stm32cubeide_1.10.1/stm32cubeide/plugins/com.st.stm32cube.ide.mcu.externaltools.gnu-tools-for-stm32.10.3-2021.10.win32_1.0.0.202111181127/tools/bin/../lib/gcc/arm-none-eabi/10.3.1/thumb/v7e-m+dp/hard/crtbegin.o
LOAD c:/st/stm32cubeide_1.10.1/stm32cubeide/plugins/com.st.stm32cube.ide.mcu.externaltools.gnu-tools-for-stm32.10.3-2021.10.win32_1.0.0.202111181127/tools/bin/../lib/gcc/arm-none-eabi/10.3.1/../../../../arm-none-eabi/lib/thumb/v7e-m+dp/hard/crt0.o
LOAD ./Common/Src/system_stm32h7xx_dualcore_boot_cm4_cm7.o
LOAD ./Core/Src/freertos.o
LOAD ./Core/Src/main.o
LOAD ./Core/Src/myprintf.o
LOAD ./Core/Src/stm32h7xx_hal_msp.o
LOAD ./Core/Src/stm32h7xx_hal_timebase_tim.o
LOAD ./Core/Src/stm32h7xx_it.o
LOAD ./Core/Src/syscalls.o
LOAD ./Core/Src/sysmem.o
LOAD ./Core/Startup/startup_stm32h745zitx.o
LOAD ./Drivers/STM32H7xx_HAL_Driver/stm32h7xx_hal.o
LOAD ./Drivers/STM32H7xx_HAL_Driver/stm32h7xx_hal_cortex.o
LOAD ./Drivers/STM32H7xx_HAL_Driver/stm32h7xx_hal_dma.o
LOAD ./Drivers/STM32H7xx_HAL_Driver/stm32h7xx_hal_dma_ex.o
LOAD ./Drivers/STM32H7xx_HAL_Driver/stm32h7xx_hal_exti.o
LOAD ./Drivers/STM32H7xx_HAL_Driver/stm32h7xx_hal_fdcan.o
LOAD ./Drivers/STM32H7xx_HAL_Driver/stm32h7xx_hal_flash.o
LOAD ./Drivers/STM32H7xx_HAL_Driver/stm32h7xx_hal_flash_ex.o
LOAD ./Drivers/STM32H7xx_HAL_Driver/stm32h7xx_hal_gpio.o
LOAD ./Drivers/STM32H7xx_HAL_Driver/stm32h7xx_hal_hsem.o
LOAD ./Drivers/STM32H7xx_HAL_Driver/stm32h7xx_hal_i2c.o
LOAD ./Drivers/STM32H7xx_HAL_Driver/stm32h7xx_hal_i2c_ex.o
LOAD ./Drivers/STM32H7xx_HAL_Driver/stm32h7xx_hal_mdma.o
LOAD ./Drivers/STM32H7xx_HAL_Driver/stm32h7xx_hal_pwr.o
LOAD ./Drivers/STM32H7xx_HAL_Driver/stm32h7xx_hal_pwr_ex.o
LOAD ./Drivers/STM32H7xx_HAL_Driver/stm32h7xx_hal_rcc.o
LOAD ./Drivers/STM32H7xx_HAL_Driver/stm32h7xx_hal_rcc_ex.o
LOAD ./Drivers/STM32H7xx_HAL_Driver/stm32h7xx_hal_spi.o
LOAD ./Drivers/STM32H7xx_HAL_Driver/stm32h7xx_hal_spi_ex.o
LOAD ./Drivers/STM32H7xx_HAL_Driver/stm32h7xx_hal_tim.o
LOAD ./Drivers/STM32H7xx_HAL_Driver/stm32h7xx_hal_tim_ex.o
LOAD ./Drivers/STM32H7xx_HAL_Driver/stm32h7xx_hal_uart.o
LOAD ./Drivers/STM32H7xx_HAL_Driver/stm32h7xx_hal_uart_ex.o
LOAD ./Middlewares/Third_Party/FreeRTOS/cmsis_os2.o
LOAD ./Middlewares/Third_Party/FreeRTOS/croutine.o
LOAD ./Middlewares/Third_Party/FreeRTOS/event_groups.o
LOAD ./Middlewares/Third_Party/FreeRTOS/heap_4.o
LOAD ./Middlewares/Third_Party/FreeRTOS/list.o
LOAD ./Middlewares/Third_Party/FreeRTOS/port.o
LOAD ./Middlewares/Third_Party/FreeRTOS/queue.o
LOAD ./Middlewares/Third_Party/FreeRTOS/stream_buffer.o
LOAD ./Middlewares/Third_Party/FreeRTOS/tasks.o
LOAD ./Middlewares/Third_Party/FreeRTOS/timers.o
START GROUP
LOAD c:/st/stm32cubeide_1.10.1/stm32cubeide/plugins/com.st.stm32cube.ide.mcu.externaltools.gnu-tools-for-stm32.10.3-2021.10.win32_1.0.0.202111181127/tools/bin/../lib/gcc/arm-none-eabi/10.3.1/../../../../arm-none-eabi/lib/thumb/v7e-m+dp/hard\libc_nano.a
LOAD c:/st/stm32cubeide_1.10.1/stm32cubeide/plugins/com.st.stm32cube.ide.mcu.externaltools.gnu-tools-for-stm32.10.3-2021.10.win32_1.0.0.202111181127/tools/bin/../lib/gcc/arm-none-eabi/10.3.1/../../../../arm-none-eabi/lib/thumb/v7e-m+dp/hard\libm.a
END GROUP
START GROUP
LOAD c:/st/stm32cubeide_1.10.1/stm32cubeide/plugins/com.st.stm32cube.ide.mcu.externaltools.gnu-tools-for-stm32.10.3-2021.10.win32_1.0.0.202111181127/tools/bin/../lib/gcc/arm-none-eabi/10.3.1/thumb/v7e-m+dp/hard\libgcc.a
LOAD c:/st/stm32cubeide_1.10.1/stm32cubeide/plugins/com.st.stm32cube.ide.mcu.externaltools.gnu-tools-for-stm32.10.3-2021.10.win32_1.0.0.202111181127/tools/bin/../lib/gcc/arm-none-eabi/10.3.1/../../../../arm-none-eabi/lib/thumb/v7e-m+dp/hard\libc_nano.a
END GROUP
START GROUP
LOAD c:/st/stm32cubeide_1.10.1/stm32cubeide/plugins/com.st.stm32cube.ide.mcu.externaltools.gnu-tools-for-stm32.10.3-2021.10.win32_1.0.0.202111181127/tools/bin/../lib/gcc/arm-none-eabi/10.3.1/thumb/v7e-m+dp/hard\libgcc.a
LOAD c:/st/stm32cubeide_1.10.1/stm32cubeide/plugins/com.st.stm32cube.ide.mcu.externaltools.gnu-tools-for-stm32.10.3-2021.10.win32_1.0.0.202111181127/tools/bin/../lib/gcc/arm-none-eabi/10.3.1/../../../../arm-none-eabi/lib/thumb/v7e-m+dp/hard\libc_nano.a
LOAD c:/st/stm32cubeide_1.10.1/stm32cubeide/plugins/com.st.stm32cube.ide.mcu.externaltools.gnu-tools-for-stm32.10.3-2021.10.win32_1.0.0.202111181127/tools/bin/../lib/gcc/arm-none-eabi/10.3.1/../../../../arm-none-eabi/lib/thumb/v7e-m+dp/hard\libnosys.a
END GROUP
START GROUP
LOAD c:/st/stm32cubeide_1.10.1/stm32cubeide/plugins/com.st.stm32cube.ide.mcu.externaltools.gnu-tools-for-stm32.10.3-2021.10.win32_1.0.0.202111181127/tools/bin/../lib/gcc/arm-none-eabi/10.3.1/thumb/v7e-m+dp/hard\libgcc.a
LOAD c:/st/stm32cubeide_1.10.1/stm32cubeide/plugins/com.st.stm32cube.ide.mcu.externaltools.gnu-tools-for-stm32.10.3-2021.10.win32_1.0.0.202111181127/tools/bin/../lib/gcc/arm-none-eabi/10.3.1/../../../../arm-none-eabi/lib/thumb/v7e-m+dp/hard\libc_nano.a
LOAD c:/st/stm32cubeide_1.10.1/stm32cubeide/plugins/com.st.stm32cube.ide.mcu.externaltools.gnu-tools-for-stm32.10.3-2021.10.win32_1.0.0.202111181127/tools/bin/../lib/gcc/arm-none-eabi/10.3.1/../../../../arm-none-eabi/lib/thumb/v7e-m+dp/hard\libnosys.a
END GROUP
LOAD c:/st/stm32cubeide_1.10.1/stm32cubeide/plugins/com.st.stm32cube.ide.mcu.externaltools.gnu-tools-for-stm32.10.3-2021.10.win32_1.0.0.202111181127/tools/bin/../lib/gcc/arm-none-eabi/10.3.1/thumb/v7e-m+dp/hard/crtend.o
LOAD c:/st/stm32cubeide_1.10.1/stm32cubeide/plugins/com.st.stm32cube.ide.mcu.externaltools.gnu-tools-for-stm32.10.3-2021.10.win32_1.0.0.202111181127/tools/bin/../lib/gcc/arm-none-eabi/10.3.1/thumb/v7e-m+dp/hard/crtn.o
                0x0000000024080000                _estack = (ORIGIN (RAM_D1) + LENGTH (RAM_D1))
                0x0000000000000200                _Min_Heap_Size = 0x200
                0x0000000000000400                _Min_Stack_Size = 0x400

.isr_vector     0x0000000008000000      0x298
                0x0000000008000000                . = ALIGN (0x4)
 *(.isr_vector)
 .isr_vector    0x0000000008000000      0x298 ./Core/Startup/startup_stm32h745zitx.o
                0x0000000008000000                g_pfnVectors
                0x0000000008000298                . = ALIGN (0x4)

.text           0x00000000080002a0     0xb5e0
                0x00000000080002a0                . = ALIGN (0x4)
 *(.text)
 .text          0x00000000080002a0       0x40 c:/st/stm32cubeide_1.10.1/stm32cubeide/plugins/com.st.stm32cube.ide.mcu.externaltools.gnu-tools-for-stm32.10.3-2021.10.win32_1.0.0.202111181127/tools/bin/../lib/gcc/arm-none-eabi/10.3.1/thumb/v7e-m+dp/hard/crtbegin.o
 .text          0x00000000080002e0       0xa0 c:/st/stm32cubeide_1.10.1/stm32cubeide/plugins/com.st.stm32cube.ide.mcu.externaltools.gnu-tools-for-stm32.10.3-2021.10.win32_1.0.0.202111181127/tools/bin/../lib/gcc/arm-none-eabi/10.3.1/../../../../arm-none-eabi/lib/thumb/v7e-m+dp/hard\libc_nano.a(lib_a-memchr.o)
                0x00000000080002e0                memchr
 .text          0x0000000008000380       0x30 c:/st/stm32cubeide_1.10.1/stm32cubeide/plugins/com.st.stm32cube.ide.mcu.externaltools.gnu-tools-for-stm32.10.3-2021.10.win32_1.0.0.202111181127/tools/bin/../lib/gcc/arm-none-eabi/10.3.1/thumb/v7e-m+dp/hard\libgcc.a(_aeabi_uldivmod.o)
                0x0000000008000380                __aeabi_uldivmod
 .text          0x00000000080003b0      0x2d0 c:/st/stm32cubeide_1.10.1/stm32cubeide/plugins/com.st.stm32cube.ide.mcu.externaltools.gnu-tools-for-stm32.10.3-2021.10.win32_1.0.0.202111181127/tools/bin/../lib/gcc/arm-none-eabi/10.3.1/thumb/v7e-m+dp/hard\libgcc.a(_udivmoddi4.o)
                0x00000000080003b0                __udivmoddi4
 .text          0x0000000008000680        0x4 c:/st/stm32cubeide_1.10.1/stm32cubeide/plugins/com.st.stm32cube.ide.mcu.externaltools.gnu-tools-for-stm32.10.3-2021.10.win32_1.0.0.202111181127/tools/bin/../lib/gcc/arm-none-eabi/10.3.1/thumb/v7e-m+dp/hard\libgcc.a(_dvmd_tls.o)
                0x0000000008000680                __aeabi_idiv0
                0x0000000008000680                __aeabi_ldiv0
 *(.text*)
 .text.SystemInit
                0x0000000008000684      0x12c ./Common/Src/system_stm32h7xx_dualcore_boot_cm4_cm7.o
                0x0000000008000684                SystemInit
 .text.main     0x00000000080007b0       0xc8 ./Core/Src/main.o
                0x00000000080007b0                main
 .text.SystemClock_Config
                0x0000000008000878       0xfc ./Core/Src/main.o
                0x0000000008000878                SystemClock_Config
 .text.MX_FDCAN1_Init
                0x0000000008000974       0xc8 ./Core/Src/main.o
 .text.MX_SPI4_Init
                0x0000000008000a3c       0xb0 ./Core/Src/main.o
 .text.MX_TIM1_Init
                0x0000000008000aec      0x138 ./Core/Src/main.o
 .text.MX_USART3_UART_Init
                0x0000000008000c24       0x98 ./Core/Src/main.o
 .text.MX_GPIO_Init
                0x0000000008000cbc      0x130 ./Core/Src/main.o
 .text.mpu9250_write_reg.0
                0x0000000008000dec       0x50 ./Core/Src/main.o
 *fill*         0x0000000008000e3c        0x4 
 .text.StartDefaultTask
                0x0000000008000e40      0x1b8 ./Core/Src/main.o
                0x0000000008000e40                StartDefaultTask
 .text.mpu9250_read_reg.1
                0x0000000008000ff8       0x60 ./Core/Src/main.o
 .text.HAL_TIM_PeriodElapsedCallback
                0x0000000008001058       0x24 ./Core/Src/main.o
                0x0000000008001058                HAL_TIM_PeriodElapsedCallback
 .text.Error_Handler
                0x000000000800107c        0xa ./Core/Src/main.o
                0x000000000800107c                Error_Handler
 *fill*         0x0000000008001086        0x2 
 .text.__io_putchar
                0x0000000008001088       0x24 ./Core/Src/myprintf.o
                0x0000000008001088                __io_putchar
 .text.HAL_MspInit
                0x00000000080010ac       0x3c ./Core/Src/stm32h7xx_hal_msp.o
                0x00000000080010ac                HAL_MspInit
 .text.HAL_FDCAN_MspInit
                0x00000000080010e8       0xcc ./Core/Src/stm32h7xx_hal_msp.o
                0x00000000080010e8                HAL_FDCAN_MspInit
 .text.HAL_SPI_MspInit
                0x00000000080011b4       0xc8 ./Core/Src/stm32h7xx_hal_msp.o
                0x00000000080011b4                HAL_SPI_MspInit
 .text.HAL_TIM_PWM_MspInit
                0x000000000800127c       0x44 ./Core/Src/stm32h7xx_hal_msp.o
                0x000000000800127c                HAL_TIM_PWM_MspInit
 .text.HAL_TIM_MspPostInit
                0x00000000080012c0       0x78 ./Core/Src/stm32h7xx_hal_msp.o
                0x00000000080012c0                HAL_TIM_MspPostInit
 .text.HAL_UART_MspInit
                0x0000000008001338       0xcc ./Core/Src/stm32h7xx_hal_msp.o
                0x0000000008001338                HAL_UART_MspInit
 .text.HAL_InitTick
                0x0000000008001404       0xd8 ./Core/Src/stm32h7xx_hal_timebase_tim.o
                0x0000000008001404                HAL_InitTick
 .text.NMI_Handler
                0x00000000080014dc        0x6 ./Core/Src/stm32h7xx_it.o
                0x00000000080014dc                NMI_Handler
 .text.HardFault_Handler
                0x00000000080014e2        0x6 ./Core/Src/stm32h7xx_it.o
                0x00000000080014e2                HardFault_Handler
 .text.MemManage_Handler
                0x00000000080014e8        0x6 ./Core/Src/stm32h7xx_it.o
                0x00000000080014e8                MemManage_Handler
 .text.BusFault_Handler
                0x00000000080014ee        0x6 ./Core/Src/stm32h7xx_it.o
                0x00000000080014ee                BusFault_Handler
 .text.UsageFault_Handler
                0x00000000080014f4        0x6 ./Core/Src/stm32h7xx_it.o
                0x00000000080014f4                UsageFault_Handler
 .text.DebugMon_Handler
                0x00000000080014fa        0xe ./Core/Src/stm32h7xx_it.o
                0x00000000080014fa                DebugMon_Handler
 .text.TIM7_IRQHandler
                0x0000000008001508       0x14 ./Core/Src/stm32h7xx_it.o
                0x0000000008001508                TIM7_IRQHandler
 .text._read    0x000000000800151c       0x3a ./Core/Src/syscalls.o
                0x000000000800151c                _read
 .text._write   0x0000000008001556       0x38 ./Core/Src/syscalls.o
                0x0000000008001556                _write
 .text._close   0x000000000800158e       0x18 ./Core/Src/syscalls.o
                0x000000000800158e                _close
 .text._fstat   0x00000000080015a6       0x20 ./Core/Src/syscalls.o
                0x00000000080015a6                _fstat
 .text._isatty  0x00000000080015c6       0x16 ./Core/Src/syscalls.o
                0x00000000080015c6                _isatty
 .text._lseek   0x00000000080015dc       0x1a ./Core/Src/syscalls.o
                0x00000000080015dc                _lseek
 *fill*         0x00000000080015f6        0x2 
 .text._sbrk    0x00000000080015f8       0x6c ./Core/Src/sysmem.o
                0x00000000080015f8                _sbrk
 .text.Reset_Handler
                0x0000000008001664       0x50 ./Core/Startup/startup_stm32h745zitx.o
                0x0000000008001664                Reset_Handler
 .text.Default_Handler
                0x00000000080016b4        0x2 ./Core/Startup/startup_stm32h745zitx.o
                0x00000000080016b4                RTC_Alarm_IRQHandler
                0x00000000080016b4                EXTI2_IRQHandler
                0x00000000080016b4                TIM8_CC_IRQHandler
                0x00000000080016b4                HRTIM1_Master_IRQHandler
                0x00000000080016b4                UART8_IRQHandler
                0x00000000080016b4                SPI4_IRQHandler
                0x00000000080016b4                TIM1_CC_IRQHandler
                0x00000000080016b4                BDMA_Channel6_IRQHandler
                0x00000000080016b4                DMA2_Stream5_IRQHandler
                0x00000000080016b4                HRTIM1_FLT_IRQHandler
                0x00000000080016b4                JPEG_IRQHandler
                0x00000000080016b4                DMA1_Stream5_IRQHandler
                0x00000000080016b4                BDMA_Channel1_IRQHandler
                0x00000000080016b4                HRTIM1_TIMD_IRQHandler
                0x00000000080016b4                TAMP_STAMP_IRQHandler
                0x00000000080016b4                EXTI3_IRQHandler
                0x00000000080016b4                LPTIM4_IRQHandler
                0x00000000080016b4                TIM8_TRG_COM_TIM14_IRQHandler
                0x00000000080016b4                LPTIM2_IRQHandler
                0x00000000080016b4                DFSDM1_FLT1_IRQHandler
                0x00000000080016b4                DMAMUX2_OVR_IRQHandler
                0x00000000080016b4                TIM8_UP_TIM13_IRQHandler
                0x00000000080016b4                I2C3_ER_IRQHandler
                0x00000000080016b4                DFSDM1_FLT2_IRQHandler
                0x00000000080016b4                MDMA_IRQHandler
                0x00000000080016b4                LPTIM3_IRQHandler
                0x00000000080016b4                HSEM1_IRQHandler
                0x00000000080016b4                EXTI0_IRQHandler
                0x00000000080016b4                I2C2_EV_IRQHandler
                0x00000000080016b4                DMA1_Stream2_IRQHandler
                0x00000000080016b4                FPU_IRQHandler
                0x00000000080016b4                OTG_HS_WKUP_IRQHandler
                0x00000000080016b4                FDCAN1_IT1_IRQHandler
                0x00000000080016b4                LTDC_ER_IRQHandler
                0x00000000080016b4                DMA2_Stream2_IRQHandler
                0x00000000080016b4                HRTIM1_TIME_IRQHandler
                0x00000000080016b4                SPI1_IRQHandler
                0x00000000080016b4                TIM6_DAC_IRQHandler
                0x00000000080016b4                DCMI_IRQHandler
                0x00000000080016b4                HRTIM1_TIMC_IRQHandler
                0x00000000080016b4                DMA2_Stream3_IRQHandler
                0x00000000080016b4                SAI2_IRQHandler
                0x00000000080016b4                DFSDM1_FLT3_IRQHandler
                0x00000000080016b4                USART6_IRQHandler
                0x00000000080016b4                TIM17_IRQHandler
                0x00000000080016b4                USART3_IRQHandler
                0x00000000080016b4                BDMA_Channel7_IRQHandler
                0x00000000080016b4                LPTIM5_IRQHandler
                0x00000000080016b4                UART5_IRQHandler
                0x00000000080016b4                ADC3_IRQHandler
                0x00000000080016b4                DMA2_Stream0_IRQHandler
                0x00000000080016b4                TIM4_IRQHandler
                0x00000000080016b4                BDMA_Channel2_IRQHandler
                0x00000000080016b4                QUADSPI_IRQHandler
                0x00000000080016b4                I2C1_EV_IRQHandler
                0x00000000080016b4                DMA1_Stream6_IRQHandler
                0x00000000080016b4                DMAMUX1_OVR_IRQHandler
                0x00000000080016b4                DMA1_Stream1_IRQHandler
                0x00000000080016b4                TIM16_IRQHandler
                0x00000000080016b4                UART4_IRQHandler
                0x00000000080016b4                BDMA_Channel5_IRQHandler
                0x00000000080016b4                TIM3_IRQHandler
                0x00000000080016b4                RCC_IRQHandler
                0x00000000080016b4                TIM8_BRK_TIM12_IRQHandler
                0x00000000080016b4                TIM1_TRG_COM_IRQHandler
                0x00000000080016b4                Default_Handler
                0x00000000080016b4                ECC_IRQHandler
                0x00000000080016b4                CEC_IRQHandler
                0x00000000080016b4                EXTI15_10_IRQHandler
                0x00000000080016b4                BDMA_Channel0_IRQHandler
                0x00000000080016b4                ADC_IRQHandler
                0x00000000080016b4                DMA1_Stream7_IRQHandler
                0x00000000080016b4                HRTIM1_TIMA_IRQHandler
                0x00000000080016b4                SPI5_IRQHandler
                0x00000000080016b4                SDMMC1_IRQHandler
                0x00000000080016b4                TIM5_IRQHandler
                0x00000000080016b4                DMA2_Stream7_IRQHandler
                0x00000000080016b4                TIM15_IRQHandler
                0x00000000080016b4                PVD_AVD_IRQHandler
                0x00000000080016b4                I2C3_EV_IRQHandler
                0x00000000080016b4                EXTI9_5_IRQHandler
                0x00000000080016b4                RTC_WKUP_IRQHandler
                0x00000000080016b4                LTDC_IRQHandler
                0x00000000080016b4                SAI3_IRQHandler
                0x00000000080016b4                ETH_WKUP_IRQHandler
                0x00000000080016b4                SPDIF_RX_IRQHandler
                0x00000000080016b4                SPI2_IRQHandler
                0x00000000080016b4                OTG_HS_EP1_IN_IRQHandler
                0x00000000080016b4                DMA1_Stream0_IRQHandler
                0x00000000080016b4                CRS_IRQHandler
                0x00000000080016b4                CM7_SEV_IRQHandler
                0x00000000080016b4                EXTI4_IRQHandler
                0x00000000080016b4                RNG_IRQHandler
                0x00000000080016b4                CM4_SEV_IRQHandler
                0x00000000080016b4                HRTIM1_TIMB_IRQHandler
                0x00000000080016b4                FDCAN2_IT1_IRQHandler
                0x00000000080016b4                ETH_IRQHandler
                0x00000000080016b4                TIM1_UP_IRQHandler
                0x00000000080016b4                WWDG_RST_IRQHandler
                0x00000000080016b4                BDMA_Channel4_IRQHandler
                0x00000000080016b4                OTG_HS_EP1_OUT_IRQHandler
                0x00000000080016b4                WWDG_IRQHandler
                0x00000000080016b4                SPI6_IRQHandler
                0x00000000080016b4                MDIOS_IRQHandler
                0x00000000080016b4                I2C4_EV_IRQHandler
                0x00000000080016b4                FDCAN2_IT0_IRQHandler
                0x00000000080016b4                LPUART1_IRQHandler
                0x00000000080016b4                FDCAN1_IT0_IRQHandler
                0x00000000080016b4                TIM2_IRQHandler
                0x00000000080016b4                OTG_FS_WKUP_IRQHandler
                0x00000000080016b4                OTG_HS_IRQHandler
                0x00000000080016b4                HSEM2_IRQHandler
                0x00000000080016b4                DMA2D_IRQHandler
                0x00000000080016b4                TIM1_BRK_IRQHandler
                0x00000000080016b4                EXTI1_IRQHandler
                0x00000000080016b4                SDMMC2_IRQHandler
                0x00000000080016b4                OTG_FS_EP1_OUT_IRQHandler
                0x00000000080016b4                BDMA_Channel3_IRQHandler
                0x00000000080016b4                HOLD_CORE_IRQHandler
                0x00000000080016b4                UART7_IRQHandler
                0x00000000080016b4                MDIOS_WKUP_IRQHandler
                0x00000000080016b4                USART2_IRQHandler
                0x00000000080016b4                DFSDM1_FLT0_IRQHandler
                0x00000000080016b4                SAI4_IRQHandler
                0x00000000080016b4                I2C2_ER_IRQHandler
                0x00000000080016b4                DMA2_Stream1_IRQHandler
                0x00000000080016b4                FLASH_IRQHandler
                0x00000000080016b4                DMA2_Stream4_IRQHandler
                0x00000000080016b4                USART1_IRQHandler
                0x00000000080016b4                OTG_FS_IRQHandler
                0x00000000080016b4                SPI3_IRQHandler
                0x00000000080016b4                WAKEUP_PIN_IRQHandler
                0x00000000080016b4                DMA1_Stream4_IRQHandler
                0x00000000080016b4                OTG_FS_EP1_IN_IRQHandler
                0x00000000080016b4                I2C1_ER_IRQHandler
                0x00000000080016b4                FMC_IRQHandler
                0x00000000080016b4                FDCAN_CAL_IRQHandler
                0x00000000080016b4                SWPMI1_IRQHandler
                0x00000000080016b4                COMP1_IRQHandler
                0x00000000080016b4                LPTIM1_IRQHandler
                0x00000000080016b4                I2C4_ER_IRQHandler
                0x00000000080016b4                DMA2_Stream6_IRQHandler
                0x00000000080016b4                SAI1_IRQHandler
                0x00000000080016b4                DMA1_Stream3_IRQHandler
 *fill*         0x00000000080016b6        0x2 
 .text.HAL_Init
                0x00000000080016b8       0x78 ./Drivers/STM32H7xx_HAL_Driver/stm32h7xx_hal.o
                0x00000000080016b8                HAL_Init
 .text.HAL_IncTick
                0x0000000008001730       0x28 ./Drivers/STM32H7xx_HAL_Driver/stm32h7xx_hal.o
                0x0000000008001730                HAL_IncTick
 .text.HAL_GetTick
                0x0000000008001758       0x18 ./Drivers/STM32H7xx_HAL_Driver/stm32h7xx_hal.o
                0x0000000008001758                HAL_GetTick
 .text.HAL_GetREVID
                0x0000000008001770       0x18 ./Drivers/STM32H7xx_HAL_Driver/stm32h7xx_hal.o
                0x0000000008001770                HAL_GetREVID
 .text.__NVIC_SetPriorityGrouping
                0x0000000008001788       0x48 ./Drivers/STM32H7xx_HAL_Driver/stm32h7xx_hal_cortex.o
 .text.__NVIC_GetPriorityGrouping
                0x00000000080017d0       0x1c ./Drivers/STM32H7xx_HAL_Driver/stm32h7xx_hal_cortex.o
 .text.__NVIC_EnableIRQ
                0x00000000080017ec       0x3c ./Drivers/STM32H7xx_HAL_Driver/stm32h7xx_hal_cortex.o
 .text.__NVIC_SetPriority
                0x0000000008001828       0x54 ./Drivers/STM32H7xx_HAL_Driver/stm32h7xx_hal_cortex.o
 .text.NVIC_EncodePriority
                0x000000000800187c       0x66 ./Drivers/STM32H7xx_HAL_Driver/stm32h7xx_hal_cortex.o
 .text.HAL_NVIC_SetPriorityGrouping
                0x00000000080018e2       0x16 ./Drivers/STM32H7xx_HAL_Driver/stm32h7xx_hal_cortex.o
                0x00000000080018e2                HAL_NVIC_SetPriorityGrouping
 .text.HAL_NVIC_SetPriority
                0x00000000080018f8       0x34 ./Drivers/STM32H7xx_HAL_Driver/stm32h7xx_hal_cortex.o
                0x00000000080018f8                HAL_NVIC_SetPriority
 .text.HAL_NVIC_EnableIRQ
                0x000000000800192c       0x1c ./Drivers/STM32H7xx_HAL_Driver/stm32h7xx_hal_cortex.o
                0x000000000800192c                HAL_NVIC_EnableIRQ
 .text.HAL_FDCAN_Init
                0x0000000008001948      0x3bc ./Drivers/STM32H7xx_HAL_Driver/stm32h7xx_hal_fdcan.o
                0x0000000008001948                HAL_FDCAN_Init
 .text.FDCAN_CalcultateRamBlockAddresses
                0x0000000008001d04      0x30c ./Drivers/STM32H7xx_HAL_Driver/stm32h7xx_hal_fdcan.o
 .text.HAL_GPIO_Init
                0x0000000008002010      0x360 ./Drivers/STM32H7xx_HAL_Driver/stm32h7xx_hal_gpio.o
                0x0000000008002010                HAL_GPIO_Init
 .text.HAL_GPIO_WritePin
                0x0000000008002370       0x32 ./Drivers/STM32H7xx_HAL_Driver/stm32h7xx_hal_gpio.o
                0x0000000008002370                HAL_GPIO_WritePin
 *fill*         0x00000000080023a2        0x2 
 .text.HAL_HSEM_FastTake
                0x00000000080023a4       0x34 ./Drivers/STM32H7xx_HAL_Driver/stm32h7xx_hal_hsem.o
                0x00000000080023a4                HAL_HSEM_FastTake
 .text.HAL_HSEM_Release
                0x00000000080023d8       0x28 ./Drivers/STM32H7xx_HAL_Driver/stm32h7xx_hal_hsem.o
                0x00000000080023d8                HAL_HSEM_Release
 .text.HAL_PWREx_ConfigSupply
                0x0000000008002400       0xb4 ./Drivers/STM32H7xx_HAL_Driver/stm32h7xx_hal_pwr_ex.o
                0x0000000008002400                HAL_PWREx_ConfigSupply
 .text.HAL_RCC_OscConfig
                0x00000000080024b4      0x85c ./Drivers/STM32H7xx_HAL_Driver/stm32h7xx_hal_rcc.o
                0x00000000080024b4                HAL_RCC_OscConfig
 .text.HAL_RCC_ClockConfig
                0x0000000008002d10      0x36c ./Drivers/STM32H7xx_HAL_Driver/stm32h7xx_hal_rcc.o
                0x0000000008002d10                HAL_RCC_ClockConfig
 .text.HAL_RCC_GetSysClockFreq
                0x000000000800307c      0x2f4 ./Drivers/STM32H7xx_HAL_Driver/stm32h7xx_hal_rcc.o
                0x000000000800307c                HAL_RCC_GetSysClockFreq
 .text.HAL_RCC_GetHCLKFreq
                0x0000000008003370       0x60 ./Drivers/STM32H7xx_HAL_Driver/stm32h7xx_hal_rcc.o
                0x0000000008003370                HAL_RCC_GetHCLKFreq
 .text.HAL_RCC_GetPCLK1Freq
                0x00000000080033d0       0x2c ./Drivers/STM32H7xx_HAL_Driver/stm32h7xx_hal_rcc.o
                0x00000000080033d0                HAL_RCC_GetPCLK1Freq
 .text.HAL_RCC_GetPCLK2Freq
                0x00000000080033fc       0x2c ./Drivers/STM32H7xx_HAL_Driver/stm32h7xx_hal_rcc.o
                0x00000000080033fc                HAL_RCC_GetPCLK2Freq
 .text.HAL_RCC_GetClockConfig
                0x0000000008003428       0x84 ./Drivers/STM32H7xx_HAL_Driver/stm32h7xx_hal_rcc.o
                0x0000000008003428                HAL_RCC_GetClockConfig
 .text.HAL_RCCEx_PeriphCLKConfig
                0x00000000080034ac      0xe8c ./Drivers/STM32H7xx_HAL_Driver/stm32h7xx_hal_rcc_ex.o
                0x00000000080034ac                HAL_RCCEx_PeriphCLKConfig
 .text.HAL_RCCEx_GetD3PCLK1Freq
                0x0000000008004338       0x2c ./Drivers/STM32H7xx_HAL_Driver/stm32h7xx_hal_rcc_ex.o
                0x0000000008004338                HAL_RCCEx_GetD3PCLK1Freq
 .text.HAL_RCCEx_GetPLL2ClockFreq
                0x0000000008004364      0x2a8 ./Drivers/STM32H7xx_HAL_Driver/stm32h7xx_hal_rcc_ex.o
                0x0000000008004364                HAL_RCCEx_GetPLL2ClockFreq
 .text.HAL_RCCEx_GetPLL3ClockFreq
                0x000000000800460c      0x2a8 ./Drivers/STM32H7xx_HAL_Driver/stm32h7xx_hal_rcc_ex.o
                0x000000000800460c                HAL_RCCEx_GetPLL3ClockFreq
 .text.RCCEx_PLL2_Config
                0x00000000080048b4      0x164 ./Drivers/STM32H7xx_HAL_Driver/stm32h7xx_hal_rcc_ex.o
 .text.RCCEx_PLL3_Config
                0x0000000008004a18      0x164 ./Drivers/STM32H7xx_HAL_Driver/stm32h7xx_hal_rcc_ex.o
 .text.HAL_SPI_Init
                0x0000000008004b7c      0x20c ./Drivers/STM32H7xx_HAL_Driver/stm32h7xx_hal_spi.o
                0x0000000008004b7c                HAL_SPI_Init
 .text.HAL_SPI_Transmit
                0x0000000008004d88      0x3e4 ./Drivers/STM32H7xx_HAL_Driver/stm32h7xx_hal_spi.o
                0x0000000008004d88                HAL_SPI_Transmit
 .text.HAL_SPI_Receive
                0x000000000800516c      0x338 ./Drivers/STM32H7xx_HAL_Driver/stm32h7xx_hal_spi.o
                0x000000000800516c                HAL_SPI_Receive
 .text.HAL_SPI_TransmitReceive
                0x00000000080054a4      0x450 ./Drivers/STM32H7xx_HAL_Driver/stm32h7xx_hal_spi.o
                0x00000000080054a4                HAL_SPI_TransmitReceive
 .text.SPI_CloseTransfer
                0x00000000080058f4      0x140 ./Drivers/STM32H7xx_HAL_Driver/stm32h7xx_hal_spi.o
 .text.SPI_WaitOnFlagUntilTimeout
                0x0000000008005a34       0x5c ./Drivers/STM32H7xx_HAL_Driver/stm32h7xx_hal_spi.o
 .text.SPI_GetPacketSize
                0x0000000008005a90       0x36 ./Drivers/STM32H7xx_HAL_Driver/stm32h7xx_hal_spi.o
 .text.HAL_TIM_Base_Init
                0x0000000008005ac6       0xae ./Drivers/STM32H7xx_HAL_Driver/stm32h7xx_hal_tim.o
                0x0000000008005ac6                HAL_TIM_Base_Init
 .text.HAL_TIM_Base_MspInit
                0x0000000008005b74       0x14 ./Drivers/STM32H7xx_HAL_Driver/stm32h7xx_hal_tim.o
                0x0000000008005b74                HAL_TIM_Base_MspInit
 .text.HAL_TIM_Base_Start_IT
                0x0000000008005b88       0xf0 ./Drivers/STM32H7xx_HAL_Driver/stm32h7xx_hal_tim.o
                0x0000000008005b88                HAL_TIM_Base_Start_IT
 .text.HAL_TIM_PWM_Init
                0x0000000008005c78       0xae ./Drivers/STM32H7xx_HAL_Driver/stm32h7xx_hal_tim.o
                0x0000000008005c78                HAL_TIM_PWM_Init
 .text.HAL_TIM_IRQHandler
                0x0000000008005d26      0x23e ./Drivers/STM32H7xx_HAL_Driver/stm32h7xx_hal_tim.o
                0x0000000008005d26                HAL_TIM_IRQHandler
 .text.HAL_TIM_PWM_ConfigChannel
                0x0000000008005f64      0x228 ./Drivers/STM32H7xx_HAL_Driver/stm32h7xx_hal_tim.o
                0x0000000008005f64                HAL_TIM_PWM_ConfigChannel
 .text.HAL_TIM_OC_DelayElapsedCallback
                0x000000000800618c       0x14 ./Drivers/STM32H7xx_HAL_Driver/stm32h7xx_hal_tim.o
                0x000000000800618c                HAL_TIM_OC_DelayElapsedCallback
 .text.HAL_TIM_IC_CaptureCallback
                0x00000000080061a0       0x14 ./Drivers/STM32H7xx_HAL_Driver/stm32h7xx_hal_tim.o
                0x00000000080061a0                HAL_TIM_IC_CaptureCallback
 .text.HAL_TIM_PWM_PulseFinishedCallback
                0x00000000080061b4       0x14 ./Drivers/STM32H7xx_HAL_Driver/stm32h7xx_hal_tim.o
                0x00000000080061b4                HAL_TIM_PWM_PulseFinishedCallback
 .text.HAL_TIM_TriggerCallback
                0x00000000080061c8       0x14 ./Drivers/STM32H7xx_HAL_Driver/stm32h7xx_hal_tim.o
                0x00000000080061c8                HAL_TIM_TriggerCallback
 .text.TIM_Base_SetConfig
                0x00000000080061dc      0x134 ./Drivers/STM32H7xx_HAL_Driver/stm32h7xx_hal_tim.o
                0x00000000080061dc                TIM_Base_SetConfig
 .text.TIM_OC1_SetConfig
                0x0000000008006310      0x120 ./Drivers/STM32H7xx_HAL_Driver/stm32h7xx_hal_tim.o
 .text.TIM_OC2_SetConfig
                0x0000000008006430      0x114 ./Drivers/STM32H7xx_HAL_Driver/stm32h7xx_hal_tim.o
                0x0000000008006430                TIM_OC2_SetConfig
 .text.TIM_OC3_SetConfig
                0x0000000008006544      0x110 ./Drivers/STM32H7xx_HAL_Driver/stm32h7xx_hal_tim.o
 .text.TIM_OC4_SetConfig
                0x0000000008006654       0xd4 ./Drivers/STM32H7xx_HAL_Driver/stm32h7xx_hal_tim.o
 .text.TIM_OC5_SetConfig
                0x0000000008006728       0xc8 ./Drivers/STM32H7xx_HAL_Driver/stm32h7xx_hal_tim.o
 .text.TIM_OC6_SetConfig
                0x00000000080067f0       0xcc ./Drivers/STM32H7xx_HAL_Driver/stm32h7xx_hal_tim.o
 .text.HAL_TIMEx_MasterConfigSynchronization
                0x00000000080068bc      0x11c ./Drivers/STM32H7xx_HAL_Driver/stm32h7xx_hal_tim_ex.o
                0x00000000080068bc                HAL_TIMEx_MasterConfigSynchronization
 .text.HAL_TIMEx_ConfigBreakDeadTime
                0x00000000080069d8       0xfc ./Drivers/STM32H7xx_HAL_Driver/stm32h7xx_hal_tim_ex.o
                0x00000000080069d8                HAL_TIMEx_ConfigBreakDeadTime
 .text.HAL_TIMEx_CommutCallback
                0x0000000008006ad4       0x14 ./Drivers/STM32H7xx_HAL_Driver/stm32h7xx_hal_tim_ex.o
                0x0000000008006ad4                HAL_TIMEx_CommutCallback
 .text.HAL_TIMEx_BreakCallback
                0x0000000008006ae8       0x14 ./Drivers/STM32H7xx_HAL_Driver/stm32h7xx_hal_tim_ex.o
                0x0000000008006ae8                HAL_TIMEx_BreakCallback
 .text.HAL_TIMEx_Break2Callback
                0x0000000008006afc       0x14 ./Drivers/STM32H7xx_HAL_Driver/stm32h7xx_hal_tim_ex.o
                0x0000000008006afc                HAL_TIMEx_Break2Callback
 .text.HAL_UART_Init
                0x0000000008006b10       0xa0 ./Drivers/STM32H7xx_HAL_Driver/stm32h7xx_hal_uart.o
                0x0000000008006b10                HAL_UART_Init
 .text.HAL_UART_Transmit
                0x0000000008006bb0      0x12c ./Drivers/STM32H7xx_HAL_Driver/stm32h7xx_hal_uart.o
                0x0000000008006bb0                HAL_UART_Transmit
 .text.UART_SetConfig
                0x0000000008006cdc      0xad0 ./Drivers/STM32H7xx_HAL_Driver/stm32h7xx_hal_uart.o
                0x0000000008006cdc                UART_SetConfig
 .text.UART_AdvFeatureConfig
                0x00000000080077ac      0x144 ./Drivers/STM32H7xx_HAL_Driver/stm32h7xx_hal_uart.o
                0x00000000080077ac                UART_AdvFeatureConfig
 .text.UART_CheckIdleState
                0x00000000080078f0       0x96 ./Drivers/STM32H7xx_HAL_Driver/stm32h7xx_hal_uart.o
                0x00000000080078f0                UART_CheckIdleState
 .text.UART_WaitOnFlagUntilTimeout
                0x0000000008007986      0x190 ./Drivers/STM32H7xx_HAL_Driver/stm32h7xx_hal_uart.o
                0x0000000008007986                UART_WaitOnFlagUntilTimeout
 .text.HAL_UARTEx_DisableFifoMode
                0x0000000008007b16       0x72 ./Drivers/STM32H7xx_HAL_Driver/stm32h7xx_hal_uart_ex.o
                0x0000000008007b16                HAL_UARTEx_DisableFifoMode
 .text.HAL_UARTEx_SetTxFifoThreshold
                0x0000000008007b88       0x7c ./Drivers/STM32H7xx_HAL_Driver/stm32h7xx_hal_uart_ex.o
                0x0000000008007b88                HAL_UARTEx_SetTxFifoThreshold
 .text.HAL_UARTEx_SetRxFifoThreshold
                0x0000000008007c04       0x7c ./Drivers/STM32H7xx_HAL_Driver/stm32h7xx_hal_uart_ex.o
                0x0000000008007c04                HAL_UARTEx_SetRxFifoThreshold
 .text.UARTEx_SetNbDataToProcess
                0x0000000008007c80       0x9c ./Drivers/STM32H7xx_HAL_Driver/stm32h7xx_hal_uart_ex.o
 .text.__NVIC_SetPriority
                0x0000000008007d1c       0x54 ./Middlewares/Third_Party/FreeRTOS/cmsis_os2.o
 .text.SysTick_Handler
                0x0000000008007d70       0x20 ./Middlewares/Third_Party/FreeRTOS/cmsis_os2.o
                0x0000000008007d70                SysTick_Handler
 .text.SVC_Setup
                0x0000000008007d90       0x12 ./Middlewares/Third_Party/FreeRTOS/cmsis_os2.o
 *fill*         0x0000000008007da2        0x2 
 .text.osKernelInitialize
                0x0000000008007da4       0x48 ./Middlewares/Third_Party/FreeRTOS/cmsis_os2.o
                0x0000000008007da4                osKernelInitialize
 .text.osKernelStart
                0x0000000008007dec       0x4c ./Middlewares/Third_Party/FreeRTOS/cmsis_os2.o
                0x0000000008007dec                osKernelStart
 .text.osThreadNew
                0x0000000008007e38      0x124 ./Middlewares/Third_Party/FreeRTOS/cmsis_os2.o
                0x0000000008007e38                osThreadNew
 .text.vApplicationGetIdleTaskMemory
                0x0000000008007f5c       0x34 ./Middlewares/Third_Party/FreeRTOS/cmsis_os2.o
                0x0000000008007f5c                vApplicationGetIdleTaskMemory
 .text.vApplicationGetTimerTaskMemory
                0x0000000008007f90       0x34 ./Middlewares/Third_Party/FreeRTOS/cmsis_os2.o
                0x0000000008007f90                vApplicationGetTimerTaskMemory
 .text.pvPortMalloc
                0x0000000008007fc4      0x198 ./Middlewares/Third_Party/FreeRTOS/heap_4.o
                0x0000000008007fc4                pvPortMalloc
 .text.vPortFree
                0x000000000800815c       0xc4 ./Middlewares/Third_Party/FreeRTOS/heap_4.o
                0x000000000800815c                vPortFree
 .text.prvHeapInit
                0x0000000008008220       0xc4 ./Middlewares/Third_Party/FreeRTOS/heap_4.o
 .text.prvInsertBlockIntoFreeList
                0x00000000080082e4       0xb4 ./Middlewares/Third_Party/FreeRTOS/heap_4.o
 .text.vListInitialise
                0x0000000008008398       0x40 ./Middlewares/Third_Party/FreeRTOS/list.o
                0x0000000008008398                vListInitialise
 .text.vListInitialiseItem
                0x00000000080083d8       0x1a ./Middlewares/Third_Party/FreeRTOS/list.o
                0x00000000080083d8                vListInitialiseItem
 .text.vListInsertEnd
                0x00000000080083f2       0x48 ./Middlewares/Third_Party/FreeRTOS/list.o
                0x00000000080083f2                vListInsertEnd
 .text.vListInsert
                0x000000000800843a       0x72 ./Middlewares/Third_Party/FreeRTOS/list.o
                0x000000000800843a                vListInsert
 .text.uxListRemove
                0x00000000080084ac       0x54 ./Middlewares/Third_Party/FreeRTOS/list.o
                0x00000000080084ac                uxListRemove
 .text.pxPortInitialiseStack
                0x0000000008008500       0x68 ./Middlewares/Third_Party/FreeRTOS/port.o
                0x0000000008008500                pxPortInitialiseStack
 .text.prvTaskExitError
                0x0000000008008568       0x58 ./Middlewares/Third_Party/FreeRTOS/port.o
 .text.SVC_Handler
                0x00000000080085c0       0x28 ./Middlewares/Third_Party/FreeRTOS/port.o
                0x00000000080085c0                SVC_Handler
 .text.prvPortStartFirstTask
                0x00000000080085e8       0x28 ./Middlewares/Third_Party/FreeRTOS/port.o
 .text.xPortStartScheduler
                0x0000000008008610      0x144 ./Middlewares/Third_Party/FreeRTOS/port.o
                0x0000000008008610                xPortStartScheduler
 .text.vPortEnterCritical
                0x0000000008008754       0x60 ./Middlewares/Third_Party/FreeRTOS/port.o
                0x0000000008008754                vPortEnterCritical
 .text.vPortExitCritical
                0x00000000080087b4       0x54 ./Middlewares/Third_Party/FreeRTOS/port.o
                0x00000000080087b4                vPortExitCritical
 *fill*         0x0000000008008808        0x8 
 .text.PendSV_Handler
                0x0000000008008810       0x68 ./Middlewares/Third_Party/FreeRTOS/port.o
                0x0000000008008810                PendSV_Handler
 .text.xPortSysTickHandler
                0x0000000008008878       0x44 ./Middlewares/Third_Party/FreeRTOS/port.o
                0x0000000008008878                xPortSysTickHandler
 .text.vPortSetupTimerInterrupt
                0x00000000080088bc       0x48 ./Middlewares/Third_Party/FreeRTOS/port.o
                0x00000000080088bc                vPortSetupTimerInterrupt
 .text.vPortEnableVFP
                0x0000000008008904       0x14 ./Middlewares/Third_Party/FreeRTOS/port.o
 .text.vPortValidateInterruptPriority
                0x0000000008008918       0x80 ./Middlewares/Third_Party/FreeRTOS/port.o
                0x0000000008008918                vPortValidateInterruptPriority
 .text.xQueueGenericReset
                0x0000000008008998       0xd0 ./Middlewares/Third_Party/FreeRTOS/queue.o
                0x0000000008008998                xQueueGenericReset
 .text.xQueueGenericCreateStatic
                0x0000000008008a68       0xf0 ./Middlewares/Third_Party/FreeRTOS/queue.o
                0x0000000008008a68                xQueueGenericCreateStatic
 .text.prvInitialiseNewQueue
                0x0000000008008b58       0x46 ./Middlewares/Third_Party/FreeRTOS/queue.o
 *fill*         0x0000000008008b9e        0x2 
 .text.xQueueGenericSend
                0x0000000008008ba0      0x1fc ./Middlewares/Third_Party/FreeRTOS/queue.o
                0x0000000008008ba0                xQueueGenericSend
 .text.xQueueGenericSendFromISR
                0x0000000008008d9c      0x136 ./Middlewares/Third_Party/FreeRTOS/queue.o
                0x0000000008008d9c                xQueueGenericSendFromISR
 *fill*         0x0000000008008ed2        0x2 
 .text.xQueueReceive
                0x0000000008008ed4      0x1c0 ./Middlewares/Third_Party/FreeRTOS/queue.o
                0x0000000008008ed4                xQueueReceive
 .text.prvCopyDataToQueue
                0x0000000008009094       0xd4 ./Middlewares/Third_Party/FreeRTOS/queue.o
 .text.prvCopyDataFromQueue
                0x0000000008009168       0x4c ./Middlewares/Third_Party/FreeRTOS/queue.o
 .text.prvUnlockQueue
                0x00000000080091b4       0xa4 ./Middlewares/Third_Party/FreeRTOS/queue.o
 .text.prvIsQueueEmpty
                0x0000000008009258       0x2c ./Middlewares/Third_Party/FreeRTOS/queue.o
 .text.prvIsQueueFull
                0x0000000008009284       0x30 ./Middlewares/Third_Party/FreeRTOS/queue.o
 .text.vQueueAddToRegistry
                0x00000000080092b4       0x54 ./Middlewares/Third_Party/FreeRTOS/queue.o
                0x00000000080092b4                vQueueAddToRegistry
 .text.vQueueWaitForMessageRestricted
                0x0000000008009308       0x68 ./Middlewares/Third_Party/FreeRTOS/queue.o
                0x0000000008009308                vQueueWaitForMessageRestricted
 .text.xTaskCreateStatic
                0x0000000008009370       0xba ./Middlewares/Third_Party/FreeRTOS/tasks.o
                0x0000000008009370                xTaskCreateStatic
 .text.xTaskCreate
                0x000000000800942a       0x8a ./Middlewares/Third_Party/FreeRTOS/tasks.o
                0x000000000800942a                xTaskCreate
 .text.prvInitialiseNewTask
                0x00000000080094b4      0x14c ./Middlewares/Third_Party/FreeRTOS/tasks.o
 .text.prvAddNewTaskToReadyList
                0x0000000008009600       0xe0 ./Middlewares/Third_Party/FreeRTOS/tasks.o
 .text.vTaskStartScheduler
                0x00000000080096e0       0xe0 ./Middlewares/Third_Party/FreeRTOS/tasks.o
                0x00000000080096e0                vTaskStartScheduler
 .text.vTaskSuspendAll
                0x00000000080097c0       0x1c ./Middlewares/Third_Party/FreeRTOS/tasks.o
                0x00000000080097c0                vTaskSuspendAll
 .text.xTaskResumeAll
                0x00000000080097dc      0x13c ./Middlewares/Third_Party/FreeRTOS/tasks.o
                0x00000000080097dc                xTaskResumeAll
 .text.xTaskGetTickCount
                0x0000000008009918       0x20 ./Middlewares/Third_Party/FreeRTOS/tasks.o
                0x0000000008009918                xTaskGetTickCount
 .text.xTaskIncrementTick
                0x0000000008009938      0x174 ./Middlewares/Third_Party/FreeRTOS/tasks.o
                0x0000000008009938                xTaskIncrementTick
 .text.vTaskSwitchContext
                0x0000000008009aac       0xc8 ./Middlewares/Third_Party/FreeRTOS/tasks.o
                0x0000000008009aac                vTaskSwitchContext
 .text.vTaskPlaceOnEventList
                0x0000000008009b74       0x48 ./Middlewares/Third_Party/FreeRTOS/tasks.o
                0x0000000008009b74                vTaskPlaceOnEventList
 .text.vTaskPlaceOnEventListRestricted
                0x0000000008009bbc       0x58 ./Middlewares/Third_Party/FreeRTOS/tasks.o
                0x0000000008009bbc                vTaskPlaceOnEventListRestricted
 .text.xTaskRemoveFromEventList
                0x0000000008009c14       0xc8 ./Middlewares/Third_Party/FreeRTOS/tasks.o
                0x0000000008009c14                xTaskRemoveFromEventList
 .text.vTaskInternalSetTimeOutState
                0x0000000008009cdc       0x2c ./Middlewares/Third_Party/FreeRTOS/tasks.o
                0x0000000008009cdc                vTaskInternalSetTimeOutState
 .text.xTaskCheckForTimeOut
                0x0000000008009d08       0xc4 ./Middlewares/Third_Party/FreeRTOS/tasks.o
                0x0000000008009d08                xTaskCheckForTimeOut
 .text.vTaskMissedYield
                0x0000000008009dcc       0x18 ./Middlewares/Third_Party/FreeRTOS/tasks.o
                0x0000000008009dcc                vTaskMissedYield
 .text.prvIdleTask
                0x0000000008009de4       0x30 ./Middlewares/Third_Party/FreeRTOS/tasks.o
 .text.prvInitialiseTaskLists
                0x0000000008009e14       0x80 ./Middlewares/Third_Party/FreeRTOS/tasks.o
 .text.prvCheckTasksWaitingTermination
                0x0000000008009e94       0x5c ./Middlewares/Third_Party/FreeRTOS/tasks.o
 .text.prvDeleteTCB
                0x0000000008009ef0       0x68 ./Middlewares/Third_Party/FreeRTOS/tasks.o
 .text.prvResetNextTaskUnblockTime
                0x0000000008009f58       0x40 ./Middlewares/Third_Party/FreeRTOS/tasks.o
 .text.xTaskGetSchedulerState
                0x0000000008009f98       0x3c ./Middlewares/Third_Party/FreeRTOS/tasks.o
                0x0000000008009f98                xTaskGetSchedulerState
 .text.xTaskPriorityDisinherit
                0x0000000008009fd4       0xdc ./Middlewares/Third_Party/FreeRTOS/tasks.o
                0x0000000008009fd4                xTaskPriorityDisinherit
 .text.prvAddCurrentTaskToDelayedList
                0x000000000800a0b0       0xa8 ./Middlewares/Third_Party/FreeRTOS/tasks.o
 .text.xTimerCreateTimerTask
                0x000000000800a158       0x90 ./Middlewares/Third_Party/FreeRTOS/timers.o
                0x000000000800a158                xTimerCreateTimerTask
 .text.xTimerGenericCommand
                0x000000000800a1e8       0x9c ./Middlewares/Third_Party/FreeRTOS/timers.o
                0x000000000800a1e8                xTimerGenericCommand
 .text.prvProcessExpiredTimer
                0x000000000800a284       0x98 ./Middlewares/Third_Party/FreeRTOS/timers.o
 .text.prvTimerTask
                0x000000000800a31c       0x24 ./Middlewares/Third_Party/FreeRTOS/timers.o
 .text.prvProcessTimerOrBlockTask
                0x000000000800a340       0x9c ./Middlewares/Third_Party/FreeRTOS/timers.o
 .text.prvGetNextExpireTime
                0x000000000800a3dc       0x48 ./Middlewares/Third_Party/FreeRTOS/timers.o
 .text.prvSampleTimeNow
                0x000000000800a424       0x40 ./Middlewares/Third_Party/FreeRTOS/timers.o
 .text.prvInsertTimerInActiveList
                0x000000000800a464       0x84 ./Middlewares/Third_Party/FreeRTOS/timers.o
 .text.prvProcessReceivedCommands
                0x000000000800a4e8      0x1c4 ./Middlewares/Third_Party/FreeRTOS/timers.o
 .text.prvSwitchTimerLists
                0x000000000800a6ac       0xc8 ./Middlewares/Third_Party/FreeRTOS/timers.o
 .text.prvCheckForValidListAndQueue
                0x000000000800a774       0x80 ./Middlewares/Third_Party/FreeRTOS/timers.o
 .text.__errno  0x000000000800a7f4        0xc c:/st/stm32cubeide_1.10.1/stm32cubeide/plugins/com.st.stm32cube.ide.mcu.externaltools.gnu-tools-for-stm32.10.3-2021.10.win32_1.0.0.202111181127/tools/bin/../lib/gcc/arm-none-eabi/10.3.1/../../../../arm-none-eabi/lib/thumb/v7e-m+dp/hard\libc_nano.a(lib_a-errno.o)
                0x000000000800a7f4                __errno
 .text.std      0x000000000800a800       0x48 c:/st/stm32cubeide_1.10.1/stm32cubeide/plugins/com.st.stm32cube.ide.mcu.externaltools.gnu-tools-for-stm32.10.3-2021.10.win32_1.0.0.202111181127/tools/bin/../lib/gcc/arm-none-eabi/10.3.1/../../../../arm-none-eabi/lib/thumb/v7e-m+dp/hard\libc_nano.a(lib_a-findfp.o)
 .text._cleanup_r
                0x000000000800a848        0xc c:/st/stm32cubeide_1.10.1/stm32cubeide/plugins/com.st.stm32cube.ide.mcu.externaltools.gnu-tools-for-stm32.10.3-2021.10.win32_1.0.0.202111181127/tools/bin/../lib/gcc/arm-none-eabi/10.3.1/../../../../arm-none-eabi/lib/thumb/v7e-m+dp/hard\libc_nano.a(lib_a-findfp.o)
                0x000000000800a848                _cleanup_r
 .text.__sfmoreglue
                0x000000000800a854       0x2c c:/st/stm32cubeide_1.10.1/stm32cubeide/plugins/com.st.stm32cube.ide.mcu.externaltools.gnu-tools-for-stm32.10.3-2021.10.win32_1.0.0.202111181127/tools/bin/../lib/gcc/arm-none-eabi/10.3.1/../../../../arm-none-eabi/lib/thumb/v7e-m+dp/hard\libc_nano.a(lib_a-findfp.o)
                0x000000000800a854                __sfmoreglue
 .text.__sfp_lock_acquire
                0x000000000800a880        0xc c:/st/stm32cubeide_1.10.1/stm32cubeide/plugins/com.st.stm32cube.ide.mcu.externaltools.gnu-tools-for-stm32.10.3-2021.10.win32_1.0.0.202111181127/tools/bin/../lib/gcc/arm-none-eabi/10.3.1/../../../../arm-none-eabi/lib/thumb/v7e-m+dp/hard\libc_nano.a(lib_a-findfp.o)
                0x000000000800a880                __sfp_lock_acquire
 .text.__sfp_lock_release
                0x000000000800a88c        0xc c:/st/stm32cubeide_1.10.1/stm32cubeide/plugins/com.st.stm32cube.ide.mcu.externaltools.gnu-tools-for-stm32.10.3-2021.10.win32_1.0.0.202111181127/tools/bin/../lib/gcc/arm-none-eabi/10.3.1/../../../../arm-none-eabi/lib/thumb/v7e-m+dp/hard\libc_nano.a(lib_a-findfp.o)
                0x000000000800a88c                __sfp_lock_release
 .text.__sinit_lock_acquire
                0x000000000800a898        0xc c:/st/stm32cubeide_1.10.1/stm32cubeide/plugins/com.st.stm32cube.ide.mcu.externaltools.gnu-tools-for-stm32.10.3-2021.10.win32_1.0.0.202111181127/tools/bin/../lib/gcc/arm-none-eabi/10.3.1/../../../../arm-none-eabi/lib/thumb/v7e-m+dp/hard\libc_nano.a(lib_a-findfp.o)
                0x000000000800a898                __sinit_lock_acquire
 .text.__sinit_lock_release
                0x000000000800a8a4        0xc c:/st/stm32cubeide_1.10.1/stm32cubeide/plugins/com.st.stm32cube.ide.mcu.externaltools.gnu-tools-for-stm32.10.3-2021.10.win32_1.0.0.202111181127/tools/bin/../lib/gcc/arm-none-eabi/10.3.1/../../../../arm-none-eabi/lib/thumb/v7e-m+dp/hard\libc_nano.a(lib_a-findfp.o)
                0x000000000800a8a4                __sinit_lock_release
 .text.__sinit  0x000000000800a8b0       0x70 c:/st/stm32cubeide_1.10.1/stm32cubeide/plugins/com.st.stm32cube.ide.mcu.externaltools.gnu-tools-for-stm32.10.3-2021.10.win32_1.0.0.202111181127/tools/bin/../lib/gcc/arm-none-eabi/10.3.1/../../../../arm-none-eabi/lib/thumb/v7e-m+dp/hard\libc_nano.a(lib_a-findfp.o)
                0x000000000800a8b0                __sinit
 .text.__sfp    0x000000000800a920       0x8c c:/st/stm32cubeide_1.10.1/stm32cubeide/plugins/com.st.stm32cube.ide.mcu.externaltools.gnu-tools-for-stm32.10.3-2021.10.win32_1.0.0.202111181127/tools/bin/../lib/gcc/arm-none-eabi/10.3.1/../../../../arm-none-eabi/lib/thumb/v7e-m+dp/hard\libc_nano.a(lib_a-findfp.o)
                0x000000000800a920                __sfp
 .text._fwalk_reent
                0x000000000800a9ac       0x3e c:/st/stm32cubeide_1.10.1/stm32cubeide/plugins/com.st.stm32cube.ide.mcu.externaltools.gnu-tools-for-stm32.10.3-2021.10.win32_1.0.0.202111181127/tools/bin/../lib/gcc/arm-none-eabi/10.3.1/../../../../arm-none-eabi/lib/thumb/v7e-m+dp/hard\libc_nano.a(lib_a-fwalk.o)
                0x000000000800a9ac                _fwalk_reent
 *fill*         0x000000000800a9ea        0x2 
 .text.__libc_init_array
                0x000000000800a9ec       0x48 c:/st/stm32cubeide_1.10.1/stm32cubeide/plugins/com.st.stm32cube.ide.mcu.externaltools.gnu-tools-for-stm32.10.3-2021.10.win32_1.0.0.202111181127/tools/bin/../lib/gcc/arm-none-eabi/10.3.1/../../../../arm-none-eabi/lib/thumb/v7e-m+dp/hard\libc_nano.a(lib_a-init.o)
                0x000000000800a9ec                __libc_init_array
 .text.__retarget_lock_init_recursive
                0x000000000800aa34        0x2 c:/st/stm32cubeide_1.10.1/stm32cubeide/plugins/com.st.stm32cube.ide.mcu.externaltools.gnu-tools-for-stm32.10.3-2021.10.win32_1.0.0.202111181127/tools/bin/../lib/gcc/arm-none-eabi/10.3.1/../../../../arm-none-eabi/lib/thumb/v7e-m+dp/hard\libc_nano.a(lib_a-lock.o)
                0x000000000800aa34                __retarget_lock_init_recursive
 .text.__retarget_lock_acquire_recursive
                0x000000000800aa36        0x2 c:/st/stm32cubeide_1.10.1/stm32cubeide/plugins/com.st.stm32cube.ide.mcu.externaltools.gnu-tools-for-stm32.10.3-2021.10.win32_1.0.0.202111181127/tools/bin/../lib/gcc/arm-none-eabi/10.3.1/../../../../arm-none-eabi/lib/thumb/v7e-m+dp/hard\libc_nano.a(lib_a-lock.o)
                0x000000000800aa36                __retarget_lock_acquire_recursive
 .text.__retarget_lock_release_recursive
                0x000000000800aa38        0x2 c:/st/stm32cubeide_1.10.1/stm32cubeide/plugins/com.st.stm32cube.ide.mcu.externaltools.gnu-tools-for-stm32.10.3-2021.10.win32_1.0.0.202111181127/tools/bin/../lib/gcc/arm-none-eabi/10.3.1/../../../../arm-none-eabi/lib/thumb/v7e-m+dp/hard\libc_nano.a(lib_a-lock.o)
                0x000000000800aa38                __retarget_lock_release_recursive
 .text.memcpy   0x000000000800aa3a       0x1c c:/st/stm32cubeide_1.10.1/stm32cubeide/plugins/com.st.stm32cube.ide.mcu.externaltools.gnu-tools-for-stm32.10.3-2021.10.win32_1.0.0.202111181127/tools/bin/../lib/gcc/arm-none-eabi/10.3.1/../../../../arm-none-eabi/lib/thumb/v7e-m+dp/hard\libc_nano.a(lib_a-memcpy-stub.o)
                0x000000000800aa3a                memcpy
 .text.memset   0x000000000800aa56       0x10 c:/st/stm32cubeide_1.10.1/stm32cubeide/plugins/com.st.stm32cube.ide.mcu.externaltools.gnu-tools-for-stm32.10.3-2021.10.win32_1.0.0.202111181127/tools/bin/../lib/gcc/arm-none-eabi/10.3.1/../../../../arm-none-eabi/lib/thumb/v7e-m+dp/hard\libc_nano.a(lib_a-memset.o)
                0x000000000800aa56                memset
 *fill*         0x000000000800aa66        0x2 
 .text.sbrk_aligned
                0x000000000800aa68       0x40 c:/st/stm32cubeide_1.10.1/stm32cubeide/plugins/com.st.stm32cube.ide.mcu.externaltools.gnu-tools-for-stm32.10.3-2021.10.win32_1.0.0.202111181127/tools/bin/../lib/gcc/arm-none-eabi/10.3.1/../../../../arm-none-eabi/lib/thumb/v7e-m+dp/hard\libc_nano.a(lib_a-nano-mallocr.o)
 .text._malloc_r
                0x000000000800aaa8       0xe8 c:/st/stm32cubeide_1.10.1/stm32cubeide/plugins/com.st.stm32cube.ide.mcu.externaltools.gnu-tools-for-stm32.10.3-2021.10.win32_1.0.0.202111181127/tools/bin/../lib/gcc/arm-none-eabi/10.3.1/../../../../arm-none-eabi/lib/thumb/v7e-m+dp/hard\libc_nano.a(lib_a-nano-mallocr.o)
                0x000000000800aaa8                _malloc_r
 .text.printf   0x000000000800ab90       0x30 c:/st/stm32cubeide_1.10.1/stm32cubeide/plugins/com.st.stm32cube.ide.mcu.externaltools.gnu-tools-for-stm32.10.3-2021.10.win32_1.0.0.202111181127/tools/bin/../lib/gcc/arm-none-eabi/10.3.1/../../../../arm-none-eabi/lib/thumb/v7e-m+dp/hard\libc_nano.a(lib_a-printf.o)
                0x000000000800ab90                iprintf
                0x000000000800ab90                printf
 .text.cleanup_glue
                0x000000000800abc0       0x1a c:/st/stm32cubeide_1.10.1/stm32cubeide/plugins/com.st.stm32cube.ide.mcu.externaltools.gnu-tools-for-stm32.10.3-2021.10.win32_1.0.0.202111181127/tools/bin/../lib/gcc/arm-none-eabi/10.3.1/../../../../arm-none-eabi/lib/thumb/v7e-m+dp/hard\libc_nano.a(lib_a-reent.o)
                0x000000000800abc0                cleanup_glue
 *fill*         0x000000000800abda        0x2 
 .text._reclaim_reent
                0x000000000800abdc       0xb8 c:/st/stm32cubeide_1.10.1/stm32cubeide/plugins/com.st.stm32cube.ide.mcu.externaltools.gnu-tools-for-stm32.10.3-2021.10.win32_1.0.0.202111181127/tools/bin/../lib/gcc/arm-none-eabi/10.3.1/../../../../arm-none-eabi/lib/thumb/v7e-m+dp/hard\libc_nano.a(lib_a-reent.o)
                0x000000000800abdc                _reclaim_reent
 .text._sbrk_r  0x000000000800ac94       0x20 c:/st/stm32cubeide_1.10.1/stm32cubeide/plugins/com.st.stm32cube.ide.mcu.externaltools.gnu-tools-for-stm32.10.3-2021.10.win32_1.0.0.202111181127/tools/bin/../lib/gcc/arm-none-eabi/10.3.1/../../../../arm-none-eabi/lib/thumb/v7e-m+dp/hard\libc_nano.a(lib_a-sbrkr.o)
                0x000000000800ac94                _sbrk_r
 .text.__sread  0x000000000800acb4       0x22 c:/st/stm32cubeide_1.10.1/stm32cubeide/plugins/com.st.stm32cube.ide.mcu.externaltools.gnu-tools-for-stm32.10.3-2021.10.win32_1.0.0.202111181127/tools/bin/../lib/gcc/arm-none-eabi/10.3.1/../../../../arm-none-eabi/lib/thumb/v7e-m+dp/hard\libc_nano.a(lib_a-stdio.o)
                0x000000000800acb4                __sread
 .text.__swrite
                0x000000000800acd6       0x38 c:/st/stm32cubeide_1.10.1/stm32cubeide/plugins/com.st.stm32cube.ide.mcu.externaltools.gnu-tools-for-stm32.10.3-2021.10.win32_1.0.0.202111181127/tools/bin/../lib/gcc/arm-none-eabi/10.3.1/../../../../arm-none-eabi/lib/thumb/v7e-m+dp/hard\libc_nano.a(lib_a-stdio.o)
                0x000000000800acd6                __swrite
 .text.__sseek  0x000000000800ad0e       0x24 c:/st/stm32cubeide_1.10.1/stm32cubeide/plugins/com.st.stm32cube.ide.mcu.externaltools.gnu-tools-for-stm32.10.3-2021.10.win32_1.0.0.202111181127/tools/bin/../lib/gcc/arm-none-eabi/10.3.1/../../../../arm-none-eabi/lib/thumb/v7e-m+dp/hard\libc_nano.a(lib_a-stdio.o)
                0x000000000800ad0e                __sseek
 .text.__sclose
                0x000000000800ad32        0x8 c:/st/stm32cubeide_1.10.1/stm32cubeide/plugins/com.st.stm32cube.ide.mcu.externaltools.gnu-tools-for-stm32.10.3-2021.10.win32_1.0.0.202111181127/tools/bin/../lib/gcc/arm-none-eabi/10.3.1/../../../../arm-none-eabi/lib/thumb/v7e-m+dp/hard\libc_nano.a(lib_a-stdio.o)
                0x000000000800ad32                __sclose
 *fill*         0x000000000800ad3a        0x2 
 .text._write_r
                0x000000000800ad3c       0x24 c:/st/stm32cubeide_1.10.1/stm32cubeide/plugins/com.st.stm32cube.ide.mcu.externaltools.gnu-tools-for-stm32.10.3-2021.10.win32_1.0.0.202111181127/tools/bin/../lib/gcc/arm-none-eabi/10.3.1/../../../../arm-none-eabi/lib/thumb/v7e-m+dp/hard\libc_nano.a(lib_a-writer.o)
                0x000000000800ad3c                _write_r
 .text._close_r
                0x000000000800ad60       0x20 c:/st/stm32cubeide_1.10.1/stm32cubeide/plugins/com.st.stm32cube.ide.mcu.externaltools.gnu-tools-for-stm32.10.3-2021.10.win32_1.0.0.202111181127/tools/bin/../lib/gcc/arm-none-eabi/10.3.1/../../../../arm-none-eabi/lib/thumb/v7e-m+dp/hard\libc_nano.a(lib_a-closer.o)
                0x000000000800ad60                _close_r
 .text.__sflush_r
                0x000000000800ad80      0x10c c:/st/stm32cubeide_1.10.1/stm32cubeide/plugins/com.st.stm32cube.ide.mcu.externaltools.gnu-tools-for-stm32.10.3-2021.10.win32_1.0.0.202111181127/tools/bin/../lib/gcc/arm-none-eabi/10.3.1/../../../../arm-none-eabi/lib/thumb/v7e-m+dp/hard\libc_nano.a(lib_a-fflush.o)
                0x000000000800ad80                __sflush_r
 .text._fflush_r
                0x000000000800ae8c       0x78 c:/st/stm32cubeide_1.10.1/stm32cubeide/plugins/com.st.stm32cube.ide.mcu.externaltools.gnu-tools-for-stm32.10.3-2021.10.win32_1.0.0.202111181127/tools/bin/../lib/gcc/arm-none-eabi/10.3.1/../../../../arm-none-eabi/lib/thumb/v7e-m+dp/hard\libc_nano.a(lib_a-fflush.o)
                0x000000000800ae8c                _fflush_r
 .text._lseek_r
                0x000000000800af04       0x24 c:/st/stm32cubeide_1.10.1/stm32cubeide/plugins/com.st.stm32cube.ide.mcu.externaltools.gnu-tools-for-stm32.10.3-2021.10.win32_1.0.0.202111181127/tools/bin/../lib/gcc/arm-none-eabi/10.3.1/../../../../arm-none-eabi/lib/thumb/v7e-m+dp/hard\libc_nano.a(lib_a-lseekr.o)
                0x000000000800af04                _lseek_r
 .text.__malloc_lock
                0x000000000800af28        0xc c:/st/stm32cubeide_1.10.1/stm32cubeide/plugins/com.st.stm32cube.ide.mcu.externaltools.gnu-tools-for-stm32.10.3-2021.10.win32_1.0.0.202111181127/tools/bin/../lib/gcc/arm-none-eabi/10.3.1/../../../../arm-none-eabi/lib/thumb/v7e-m+dp/hard\libc_nano.a(lib_a-mlock.o)
                0x000000000800af28                __malloc_lock
 .text.__malloc_unlock
                0x000000000800af34        0xc c:/st/stm32cubeide_1.10.1/stm32cubeide/plugins/com.st.stm32cube.ide.mcu.externaltools.gnu-tools-for-stm32.10.3-2021.10.win32_1.0.0.202111181127/tools/bin/../lib/gcc/arm-none-eabi/10.3.1/../../../../arm-none-eabi/lib/thumb/v7e-m+dp/hard\libc_nano.a(lib_a-mlock.o)
                0x000000000800af34                __malloc_unlock
 .text._free_r  0x000000000800af40       0x98 c:/st/stm32cubeide_1.10.1/stm32cubeide/plugins/com.st.stm32cube.ide.mcu.externaltools.gnu-tools-for-stm32.10.3-2021.10.win32_1.0.0.202111181127/tools/bin/../lib/gcc/arm-none-eabi/10.3.1/../../../../arm-none-eabi/lib/thumb/v7e-m+dp/hard\libc_nano.a(lib_a-nano-freer.o)
                0x000000000800af40                _free_r
 .text.__sfputc_r
                0x000000000800afd8       0x2e c:/st/stm32cubeide_1.10.1/stm32cubeide/plugins/com.st.stm32cube.ide.mcu.externaltools.gnu-tools-for-stm32.10.3-2021.10.win32_1.0.0.202111181127/tools/bin/../lib/gcc/arm-none-eabi/10.3.1/../../../../arm-none-eabi/lib/thumb/v7e-m+dp/hard\libc_nano.a(lib_a-nano-vfprintf.o)
 .text.__sfputs_r
                0x000000000800b006       0x24 c:/st/stm32cubeide_1.10.1/stm32cubeide/plugins/com.st.stm32cube.ide.mcu.externaltools.gnu-tools-for-stm32.10.3-2021.10.win32_1.0.0.202111181127/tools/bin/../lib/gcc/arm-none-eabi/10.3.1/../../../../arm-none-eabi/lib/thumb/v7e-m+dp/hard\libc_nano.a(lib_a-nano-vfprintf.o)
                0x000000000800b006                __sfputs_r
 *fill*         0x000000000800b02a        0x2 
 .text._vfprintf_r
                0x000000000800b02c      0x260 c:/st/stm32cubeide_1.10.1/stm32cubeide/plugins/com.st.stm32cube.ide.mcu.externaltools.gnu-tools-for-stm32.10.3-2021.10.win32_1.0.0.202111181127/tools/bin/../lib/gcc/arm-none-eabi/10.3.1/../../../../arm-none-eabi/lib/thumb/v7e-m+dp/hard\libc_nano.a(lib_a-nano-vfprintf.o)
                0x000000000800b02c                _vfprintf_r
                0x000000000800b02c                _vfiprintf_r
 .text._printf_common
                0x000000000800b28c       0xda c:/st/stm32cubeide_1.10.1/stm32cubeide/plugins/com.st.stm32cube.ide.mcu.externaltools.gnu-tools-for-stm32.10.3-2021.10.win32_1.0.0.202111181127/tools/bin/../lib/gcc/arm-none-eabi/10.3.1/../../../../arm-none-eabi/lib/thumb/v7e-m+dp/hard\libc_nano.a(lib_a-nano-vfprintf_i.o)
                0x000000000800b28c                _printf_common
 *fill*         0x000000000800b366        0x2 
 .text._printf_i
                0x000000000800b368      0x24c c:/st/stm32cubeide_1.10.1/stm32cubeide/plugins/com.st.stm32cube.ide.mcu.externaltools.gnu-tools-for-stm32.10.3-2021.10.win32_1.0.0.202111181127/tools/bin/../lib/gcc/arm-none-eabi/10.3.1/../../../../arm-none-eabi/lib/thumb/v7e-m+dp/hard\libc_nano.a(lib_a-nano-vfprintf_i.o)
                0x000000000800b368                _printf_i
 .text._read_r  0x000000000800b5b4       0x24 c:/st/stm32cubeide_1.10.1/stm32cubeide/plugins/com.st.stm32cube.ide.mcu.externaltools.gnu-tools-for-stm32.10.3-2021.10.win32_1.0.0.202111181127/tools/bin/../lib/gcc/arm-none-eabi/10.3.1/../../../../arm-none-eabi/lib/thumb/v7e-m+dp/hard\libc_nano.a(lib_a-readr.o)
                0x000000000800b5b4                _read_r
 .text.__swbuf_r
                0x000000000800b5d8       0xa4 c:/st/stm32cubeide_1.10.1/stm32cubeide/plugins/com.st.stm32cube.ide.mcu.externaltools.gnu-tools-for-stm32.10.3-2021.10.win32_1.0.0.202111181127/tools/bin/../lib/gcc/arm-none-eabi/10.3.1/../../../../arm-none-eabi/lib/thumb/v7e-m+dp/hard\libc_nano.a(lib_a-wbuf.o)
                0x000000000800b5d8                __swbuf_r
 .text.__swsetup_r
                0x000000000800b67c       0xdc c:/st/stm32cubeide_1.10.1/stm32cubeide/plugins/com.st.stm32cube.ide.mcu.externaltools.gnu-tools-for-stm32.10.3-2021.10.win32_1.0.0.202111181127/tools/bin/../lib/gcc/arm-none-eabi/10.3.1/../../../../arm-none-eabi/lib/thumb/v7e-m+dp/hard\libc_nano.a(lib_a-wsetup.o)
                0x000000000800b67c                __swsetup_r
 .text.__swhatbuf_r
                0x000000000800b758       0x4a c:/st/stm32cubeide_1.10.1/stm32cubeide/plugins/com.st.stm32cube.ide.mcu.externaltools.gnu-tools-for-stm32.10.3-2021.10.win32_1.0.0.202111181127/tools/bin/../lib/gcc/arm-none-eabi/10.3.1/../../../../arm-none-eabi/lib/thumb/v7e-m+dp/hard\libc_nano.a(lib_a-makebuf.o)
                0x000000000800b758                __swhatbuf_r
 *fill*         0x000000000800b7a2        0x2 
 .text.__smakebuf_r
                0x000000000800b7a4       0x80 c:/st/stm32cubeide_1.10.1/stm32cubeide/plugins/com.st.stm32cube.ide.mcu.externaltools.gnu-tools-for-stm32.10.3-2021.10.win32_1.0.0.202111181127/tools/bin/../lib/gcc/arm-none-eabi/10.3.1/../../../../arm-none-eabi/lib/thumb/v7e-m+dp/hard\libc_nano.a(lib_a-makebuf.o)
                0x000000000800b7a4                __smakebuf_r
 .text._fstat_r
                0x000000000800b824       0x24 c:/st/stm32cubeide_1.10.1/stm32cubeide/plugins/com.st.stm32cube.ide.mcu.externaltools.gnu-tools-for-stm32.10.3-2021.10.win32_1.0.0.202111181127/tools/bin/../lib/gcc/arm-none-eabi/10.3.1/../../../../arm-none-eabi/lib/thumb/v7e-m+dp/hard\libc_nano.a(lib_a-fstatr.o)
                0x000000000800b824                _fstat_r
 .text._isatty_r
                0x000000000800b848       0x20 c:/st/stm32cubeide_1.10.1/stm32cubeide/plugins/com.st.stm32cube.ide.mcu.externaltools.gnu-tools-for-stm32.10.3-2021.10.win32_1.0.0.202111181127/tools/bin/../lib/gcc/arm-none-eabi/10.3.1/../../../../arm-none-eabi/lib/thumb/v7e-m+dp/hard\libc_nano.a(lib_a-isattyr.o)
                0x000000000800b848                _isatty_r
 *(.glue_7)
 .glue_7        0x000000000800b868        0x0 linker stubs
 *(.glue_7t)
 .glue_7t       0x000000000800b868        0x0 linker stubs
 *(.eh_frame)
 .eh_frame      0x000000000800b868        0x0 c:/st/stm32cubeide_1.10.1/stm32cubeide/plugins/com.st.stm32cube.ide.mcu.externaltools.gnu-tools-for-stm32.10.3-2021.10.win32_1.0.0.202111181127/tools/bin/../lib/gcc/arm-none-eabi/10.3.1/thumb/v7e-m+dp/hard/crtbegin.o
 *(.init)
 .init          0x000000000800b868        0x4 c:/st/stm32cubeide_1.10.1/stm32cubeide/plugins/com.st.stm32cube.ide.mcu.externaltools.gnu-tools-for-stm32.10.3-2021.10.win32_1.0.0.202111181127/tools/bin/../lib/gcc/arm-none-eabi/10.3.1/thumb/v7e-m+dp/hard/crti.o
                0x000000000800b868                _init
 .init          0x000000000800b86c        0x8 c:/st/stm32cubeide_1.10.1/stm32cubeide/plugins/com.st.stm32cube.ide.mcu.externaltools.gnu-tools-for-stm32.10.3-2021.10.win32_1.0.0.202111181127/tools/bin/../lib/gcc/arm-none-eabi/10.3.1/thumb/v7e-m+dp/hard/crtn.o
 *(.fini)
 .fini          0x000000000800b874        0x4 c:/st/stm32cubeide_1.10.1/stm32cubeide/plugins/com.st.stm32cube.ide.mcu.externaltools.gnu-tools-for-stm32.10.3-2021.10.win32_1.0.0.202111181127/tools/bin/../lib/gcc/arm-none-eabi/10.3.1/thumb/v7e-m+dp/hard/crti.o
                0x000000000800b874                _fini
 .fini          0x000000000800b878        0x8 c:/st/stm32cubeide_1.10.1/stm32cubeide/plugins/com.st.stm32cube.ide.mcu.externaltools.gnu-tools-for-stm32.10.3-2021.10.win32_1.0.0.202111181127/tools/bin/../lib/gcc/arm-none-eabi/10.3.1/thumb/v7e-m+dp/hard/crtn.o
                0x000000000800b880                . = ALIGN (0x4)
                0x000000000800b880                _etext = .

.vfp11_veneer   0x000000000800b880        0x0
 .vfp11_veneer  0x000000000800b880        0x0 linker stubs

.v4_bx          0x000000000800b880        0x0
 .v4_bx         0x000000000800b880        0x0 linker stubs

.iplt           0x000000000800b880        0x0
 .iplt          0x000000000800b880        0x0 c:/st/stm32cubeide_1.10.1/stm32cubeide/plugins/com.st.stm32cube.ide.mcu.externaltools.gnu-tools-for-stm32.10.3-2021.10.win32_1.0.0.202111181127/tools/bin/../lib/gcc/arm-none-eabi/10.3.1/thumb/v7e-m+dp/hard/crtbegin.o

.rodata         0x000000000800b880      0x19c
                0x000000000800b880                . = ALIGN (0x4)
 *(.rodata)
 .rodata        0x000000000800b880       0x41 ./Core/Src/main.o
 *fill*         0x000000000800b8c1        0x3 
 .rodata        0x000000000800b8c4       0x4c ./Drivers/STM32H7xx_HAL_Driver/stm32h7xx_hal_fdcan.o
 .rodata        0x000000000800b910        0x5 ./Middlewares/Third_Party/FreeRTOS/tasks.o
 *fill*         0x000000000800b915        0x3 
 .rodata        0x000000000800b918        0xd ./Middlewares/Third_Party/FreeRTOS/timers.o
 *(.rodata*)
 *fill*         0x000000000800b925        0x3 
 .rodata.D1CorePrescTable
                0x000000000800b928       0x10 ./Common/Src/system_stm32h7xx_dualcore_boot_cm4_cm7.o
                0x000000000800b928                D1CorePrescTable
 .rodata.defaultTask_attributes
                0x000000000800b938       0x24 ./Core/Src/main.o
                0x000000000800b938                defaultTask_attributes
 .rodata.UARTPrescTable
                0x000000000800b95c       0x18 ./Drivers/STM32H7xx_HAL_Driver/stm32h7xx_hal_uart.o
                0x000000000800b95c                UARTPrescTable
 .rodata.numerator.1
                0x000000000800b974        0x8 ./Drivers/STM32H7xx_HAL_Driver/stm32h7xx_hal_uart_ex.o
 .rodata.denominator.0
                0x000000000800b97c        0x8 ./Drivers/STM32H7xx_HAL_Driver/stm32h7xx_hal_uart_ex.o
 .rodata.__sf_fake_stderr
                0x000000000800b984       0x20 c:/st/stm32cubeide_1.10.1/stm32cubeide/plugins/com.st.stm32cube.ide.mcu.externaltools.gnu-tools-for-stm32.10.3-2021.10.win32_1.0.0.202111181127/tools/bin/../lib/gcc/arm-none-eabi/10.3.1/../../../../arm-none-eabi/lib/thumb/v7e-m+dp/hard\libc_nano.a(lib_a-findfp.o)
                0x000000000800b984                __sf_fake_stderr
 .rodata.__sf_fake_stdin
                0x000000000800b9a4       0x20 c:/st/stm32cubeide_1.10.1/stm32cubeide/plugins/com.st.stm32cube.ide.mcu.externaltools.gnu-tools-for-stm32.10.3-2021.10.win32_1.0.0.202111181127/tools/bin/../lib/gcc/arm-none-eabi/10.3.1/../../../../arm-none-eabi/lib/thumb/v7e-m+dp/hard\libc_nano.a(lib_a-findfp.o)
                0x000000000800b9a4                __sf_fake_stdin
 .rodata.__sf_fake_stdout
                0x000000000800b9c4       0x20 c:/st/stm32cubeide_1.10.1/stm32cubeide/plugins/com.st.stm32cube.ide.mcu.externaltools.gnu-tools-for-stm32.10.3-2021.10.win32_1.0.0.202111181127/tools/bin/../lib/gcc/arm-none-eabi/10.3.1/../../../../arm-none-eabi/lib/thumb/v7e-m+dp/hard\libc_nano.a(lib_a-findfp.o)
                0x000000000800b9c4                __sf_fake_stdout
 .rodata._global_impure_ptr
                0x000000000800b9e4        0x4 c:/st/stm32cubeide_1.10.1/stm32cubeide/plugins/com.st.stm32cube.ide.mcu.externaltools.gnu-tools-for-stm32.10.3-2021.10.win32_1.0.0.202111181127/tools/bin/../lib/gcc/arm-none-eabi/10.3.1/../../../../arm-none-eabi/lib/thumb/v7e-m+dp/hard\libc_nano.a(lib_a-impure.o)
                0x000000000800b9e4                _global_impure_ptr
 .rodata._vfprintf_r.str1.1
                0x000000000800b9e8       0x11 c:/st/stm32cubeide_1.10.1/stm32cubeide/plugins/com.st.stm32cube.ide.mcu.externaltools.gnu-tools-for-stm32.10.3-2021.10.win32_1.0.0.202111181127/tools/bin/../lib/gcc/arm-none-eabi/10.3.1/../../../../arm-none-eabi/lib/thumb/v7e-m+dp/hard\libc_nano.a(lib_a-nano-vfprintf.o)
 .rodata._printf_i.str1.1
                0x000000000800b9f9       0x22 c:/st/stm32cubeide_1.10.1/stm32cubeide/plugins/com.st.stm32cube.ide.mcu.externaltools.gnu-tools-for-stm32.10.3-2021.10.win32_1.0.0.202111181127/tools/bin/../lib/gcc/arm-none-eabi/10.3.1/../../../../arm-none-eabi/lib/thumb/v7e-m+dp/hard\libc_nano.a(lib_a-nano-vfprintf_i.o)
                0x000000000800ba1c                . = ALIGN (0x4)
 *fill*         0x000000000800ba1b        0x1 

.ARM.extab      0x000000000800ba1c        0x0
                0x000000000800ba1c                . = ALIGN (0x4)
 *(.ARM.extab* .gnu.linkonce.armextab.*)
                0x000000000800ba1c                . = ALIGN (0x4)

.ARM            0x000000000800ba1c        0x8
                0x000000000800ba1c                . = ALIGN (0x4)
                0x000000000800ba1c                __exidx_start = .
 *(.ARM.exidx*)
 .ARM.exidx     0x000000000800ba1c        0x8 c:/st/stm32cubeide_1.10.1/stm32cubeide/plugins/com.st.stm32cube.ide.mcu.externaltools.gnu-tools-for-stm32.10.3-2021.10.win32_1.0.0.202111181127/tools/bin/../lib/gcc/arm-none-eabi/10.3.1/thumb/v7e-m+dp/hard\libgcc.a(_udivmoddi4.o)
                0x000000000800ba24                __exidx_end = .
                0x000000000800ba24                . = ALIGN (0x4)

.rel.dyn        0x000000000800ba24        0x0
 .rel.iplt      0x000000000800ba24        0x0 c:/st/stm32cubeide_1.10.1/stm32cubeide/plugins/com.st.stm32cube.ide.mcu.externaltools.gnu-tools-for-stm32.10.3-2021.10.win32_1.0.0.202111181127/tools/bin/../lib/gcc/arm-none-eabi/10.3.1/thumb/v7e-m+dp/hard/crtbegin.o

.preinit_array  0x000000000800ba24        0x0
                0x000000000800ba24                . = ALIGN (0x4)
                0x000000000800ba24                PROVIDE (__preinit_array_start = .)
 *(.preinit_array*)
                0x000000000800ba24                PROVIDE (__preinit_array_end = .)
                0x000000000800ba24                . = ALIGN (0x4)

.init_array     0x000000000800ba24        0x4
                0x000000000800ba24                . = ALIGN (0x4)
                0x000000000800ba24                PROVIDE (__init_array_start = .)
 *(SORT_BY_NAME(.init_array.*))
 *(.init_array*)
 .init_array    0x000000000800ba24        0x4 c:/st/stm32cubeide_1.10.1/stm32cubeide/plugins/com.st.stm32cube.ide.mcu.externaltools.gnu-tools-for-stm32.10.3-2021.10.win32_1.0.0.202111181127/tools/bin/../lib/gcc/arm-none-eabi/10.3.1/thumb/v7e-m+dp/hard/crtbegin.o
                0x000000000800ba28                PROVIDE (__init_array_end = .)
                0x000000000800ba28                . = ALIGN (0x4)

.fini_array     0x000000000800ba28        0x4
                0x000000000800ba28                . = ALIGN (0x4)
                [!provide]                        PROVIDE (__fini_array_start = .)
 *(SORT_BY_NAME(.fini_array.*))
 *(.fini_array*)
 .fini_array    0x000000000800ba28        0x4 c:/st/stm32cubeide_1.10.1/stm32cubeide/plugins/com.st.stm32cube.ide.mcu.externaltools.gnu-tools-for-stm32.10.3-2021.10.win32_1.0.0.202111181127/tools/bin/../lib/gcc/arm-none-eabi/10.3.1/thumb/v7e-m+dp/hard/crtbegin.o
                [!provide]                        PROVIDE (__fini_array_end = .)
                0x000000000800ba2c                . = ALIGN (0x4)
                0x000000000800ba2c                _sidata = LOADADDR (.data)

.data           0x0000000024000000       0x78 load address 0x000000000800ba2c
                0x0000000024000000                . = ALIGN (0x4)
                0x0000000024000000                _sdata = .
 *(.data)
 *(.data*)
 .data.SystemCoreClock
                0x0000000024000000        0x4 ./Common/Src/system_stm32h7xx_dualcore_boot_cm4_cm7.o
                0x0000000024000000                SystemCoreClock
 .data.SystemD2Clock
                0x0000000024000004        0x4 ./Common/Src/system_stm32h7xx_dualcore_boot_cm4_cm7.o
                0x0000000024000004                SystemD2Clock
 .data.uwTickPrio
                0x0000000024000008        0x4 ./Drivers/STM32H7xx_HAL_Driver/stm32h7xx_hal.o
                0x0000000024000008                uwTickPrio
 .data.uwTickFreq
                0x000000002400000c        0x1 ./Drivers/STM32H7xx_HAL_Driver/stm32h7xx_hal.o
                0x000000002400000c                uwTickFreq
 *fill*         0x000000002400000d        0x3 
 .data.uxCriticalNesting
                0x0000000024000010        0x4 ./Middlewares/Third_Party/FreeRTOS/port.o
 .data._impure_ptr
                0x0000000024000014        0x4 c:/st/stm32cubeide_1.10.1/stm32cubeide/plugins/com.st.stm32cube.ide.mcu.externaltools.gnu-tools-for-stm32.10.3-2021.10.win32_1.0.0.202111181127/tools/bin/../lib/gcc/arm-none-eabi/10.3.1/../../../../arm-none-eabi/lib/thumb/v7e-m+dp/hard\libc_nano.a(lib_a-impure.o)
                0x0000000024000014                _impure_ptr
 .data.impure_data
                0x0000000024000018       0x60 c:/st/stm32cubeide_1.10.1/stm32cubeide/plugins/com.st.stm32cube.ide.mcu.externaltools.gnu-tools-for-stm32.10.3-2021.10.win32_1.0.0.202111181127/tools/bin/../lib/gcc/arm-none-eabi/10.3.1/../../../../arm-none-eabi/lib/thumb/v7e-m+dp/hard\libc_nano.a(lib_a-impure.o)
 *(.RamFunc)
 *(.RamFunc*)
                0x0000000024000078                . = ALIGN (0x4)
                0x0000000024000078                _edata = .

.igot.plt       0x0000000024000078        0x0 load address 0x000000000800baa4
 .igot.plt      0x0000000024000078        0x0 c:/st/stm32cubeide_1.10.1/stm32cubeide/plugins/com.st.stm32cube.ide.mcu.externaltools.gnu-tools-for-stm32.10.3-2021.10.win32_1.0.0.202111181127/tools/bin/../lib/gcc/arm-none-eabi/10.3.1/thumb/v7e-m+dp/hard/crtbegin.o
                0x0000000024000078                . = ALIGN (0x4)

.bss            0x0000000024000078     0x4c98 load address 0x000000000800baa4
                0x0000000024000078                _sbss = .
                0x0000000024000078                __bss_start__ = _sbss
 *(.bss)
 .bss           0x0000000024000078       0x1c c:/st/stm32cubeide_1.10.1/stm32cubeide/plugins/com.st.stm32cube.ide.mcu.externaltools.gnu-tools-for-stm32.10.3-2021.10.win32_1.0.0.202111181127/tools/bin/../lib/gcc/arm-none-eabi/10.3.1/thumb/v7e-m+dp/hard/crtbegin.o
 *(.bss*)
 .bss.hfdcan1   0x0000000024000094       0xa0 ./Core/Src/main.o
                0x0000000024000094                hfdcan1
 .bss.hspi4     0x0000000024000134       0x88 ./Core/Src/main.o
                0x0000000024000134                hspi4
 .bss.htim1     0x00000000240001bc       0x4c ./Core/Src/main.o
                0x00000000240001bc                htim1
 .bss.huart3    0x0000000024000208       0x90 ./Core/Src/main.o
                0x0000000024000208                huart3
 .bss.defaultTaskHandle
                0x0000000024000298        0x4 ./Core/Src/main.o
                0x0000000024000298                defaultTaskHandle
 .bss.htim7     0x000000002400029c       0x4c ./Core/Src/stm32h7xx_hal_timebase_tim.o
                0x000000002400029c                htim7
 .bss.__sbrk_heap_end
                0x00000000240002e8        0x4 ./Core/Src/sysmem.o
 .bss.uwTick    0x00000000240002ec        0x4 ./Drivers/STM32H7xx_HAL_Driver/stm32h7xx_hal.o
                0x00000000240002ec                uwTick
 .bss.KernelState
                0x00000000240002f0        0x4 ./Middlewares/Third_Party/FreeRTOS/cmsis_os2.o
 .bss.Idle_TCB.3
                0x00000000240002f4       0xbc ./Middlewares/Third_Party/FreeRTOS/cmsis_os2.o
 .bss.Idle_Stack.2
                0x00000000240003b0      0x200 ./Middlewares/Third_Party/FreeRTOS/cmsis_os2.o
 .bss.Timer_TCB.1
                0x00000000240005b0       0xbc ./Middlewares/Third_Party/FreeRTOS/cmsis_os2.o
 .bss.Timer_Stack.0
                0x000000002400066c      0x400 ./Middlewares/Third_Party/FreeRTOS/cmsis_os2.o
 .bss.ucHeap    0x0000000024000a6c     0x3c00 ./Middlewares/Third_Party/FreeRTOS/heap_4.o
 .bss.xStart    0x000000002400466c        0x8 ./Middlewares/Third_Party/FreeRTOS/heap_4.o
 .bss.pxEnd     0x0000000024004674        0x4 ./Middlewares/Third_Party/FreeRTOS/heap_4.o
 .bss.xFreeBytesRemaining
                0x0000000024004678        0x4 ./Middlewares/Third_Party/FreeRTOS/heap_4.o
 .bss.xMinimumEverFreeBytesRemaining
                0x000000002400467c        0x4 ./Middlewares/Third_Party/FreeRTOS/heap_4.o
 .bss.xNumberOfSuccessfulAllocations
                0x0000000024004680        0x4 ./Middlewares/Third_Party/FreeRTOS/heap_4.o
 .bss.xNumberOfSuccessfulFrees
                0x0000000024004684        0x4 ./Middlewares/Third_Party/FreeRTOS/heap_4.o
 .bss.xBlockAllocatedBit
                0x0000000024004688        0x4 ./Middlewares/Third_Party/FreeRTOS/heap_4.o
 .bss.ucMaxSysCallPriority
                0x000000002400468c        0x1 ./Middlewares/Third_Party/FreeRTOS/port.o
 *fill*         0x000000002400468d        0x3 
 .bss.ulMaxPRIGROUPValue
                0x0000000024004690        0x4 ./Middlewares/Third_Party/FreeRTOS/port.o
 .bss.xQueueRegistry
                0x0000000024004694       0x40 ./Middlewares/Third_Party/FreeRTOS/queue.o
                0x0000000024004694                xQueueRegistry
 .bss.pxCurrentTCB
                0x00000000240046d4        0x4 ./Middlewares/Third_Party/FreeRTOS/tasks.o
                0x00000000240046d4                pxCurrentTCB
 .bss.pxReadyTasksLists
                0x00000000240046d8      0x460 ./Middlewares/Third_Party/FreeRTOS/tasks.o
 .bss.xDelayedTaskList1
                0x0000000024004b38       0x14 ./Middlewares/Third_Party/FreeRTOS/tasks.o
 .bss.xDelayedTaskList2
                0x0000000024004b4c       0x14 ./Middlewares/Third_Party/FreeRTOS/tasks.o
 .bss.pxDelayedTaskList
                0x0000000024004b60        0x4 ./Middlewares/Third_Party/FreeRTOS/tasks.o
 .bss.pxOverflowDelayedTaskList
                0x0000000024004b64        0x4 ./Middlewares/Third_Party/FreeRTOS/tasks.o
 .bss.xPendingReadyList
                0x0000000024004b68       0x14 ./Middlewares/Third_Party/FreeRTOS/tasks.o
 .bss.xTasksWaitingTermination
                0x0000000024004b7c       0x14 ./Middlewares/Third_Party/FreeRTOS/tasks.o
 .bss.uxDeletedTasksWaitingCleanUp
                0x0000000024004b90        0x4 ./Middlewares/Third_Party/FreeRTOS/tasks.o
 .bss.xSuspendedTaskList
                0x0000000024004b94       0x14 ./Middlewares/Third_Party/FreeRTOS/tasks.o
 .bss.uxCurrentNumberOfTasks
                0x0000000024004ba8        0x4 ./Middlewares/Third_Party/FreeRTOS/tasks.o
 .bss.xTickCount
                0x0000000024004bac        0x4 ./Middlewares/Third_Party/FreeRTOS/tasks.o
 .bss.uxTopReadyPriority
                0x0000000024004bb0        0x4 ./Middlewares/Third_Party/FreeRTOS/tasks.o
 .bss.xSchedulerRunning
                0x0000000024004bb4        0x4 ./Middlewares/Third_Party/FreeRTOS/tasks.o
 .bss.xPendedTicks
                0x0000000024004bb8        0x4 ./Middlewares/Third_Party/FreeRTOS/tasks.o
 .bss.xYieldPending
                0x0000000024004bbc        0x4 ./Middlewares/Third_Party/FreeRTOS/tasks.o
 .bss.xNumOfOverflows
                0x0000000024004bc0        0x4 ./Middlewares/Third_Party/FreeRTOS/tasks.o
 .bss.uxTaskNumber
                0x0000000024004bc4        0x4 ./Middlewares/Third_Party/FreeRTOS/tasks.o
 .bss.xNextTaskUnblockTime
                0x0000000024004bc8        0x4 ./Middlewares/Third_Party/FreeRTOS/tasks.o
 .bss.xIdleTaskHandle
                0x0000000024004bcc        0x4 ./Middlewares/Third_Party/FreeRTOS/tasks.o
 .bss.uxSchedulerSuspended
                0x0000000024004bd0        0x4 ./Middlewares/Third_Party/FreeRTOS/tasks.o
 .bss.xActiveTimerList1
                0x0000000024004bd4       0x14 ./Middlewares/Third_Party/FreeRTOS/timers.o
 .bss.xActiveTimerList2
                0x0000000024004be8       0x14 ./Middlewares/Third_Party/FreeRTOS/timers.o
 .bss.pxCurrentTimerList
                0x0000000024004bfc        0x4 ./Middlewares/Third_Party/FreeRTOS/timers.o
 .bss.pxOverflowTimerList
                0x0000000024004c00        0x4 ./Middlewares/Third_Party/FreeRTOS/timers.o
 .bss.xTimerQueue
                0x0000000024004c04        0x4 ./Middlewares/Third_Party/FreeRTOS/timers.o
 .bss.xTimerTaskHandle
                0x0000000024004c08        0x4 ./Middlewares/Third_Party/FreeRTOS/timers.o
 .bss.xLastTime.2
                0x0000000024004c0c        0x4 ./Middlewares/Third_Party/FreeRTOS/timers.o
 .bss.ucStaticTimerQueueStorage.1
                0x0000000024004c10       0xa0 ./Middlewares/Third_Party/FreeRTOS/timers.o
 .bss.xStaticTimerQueue.0
                0x0000000024004cb0       0x50 ./Middlewares/Third_Party/FreeRTOS/timers.o
 .bss.__lock___malloc_recursive_mutex
                0x0000000024004d00        0x1 c:/st/stm32cubeide_1.10.1/stm32cubeide/plugins/com.st.stm32cube.ide.mcu.externaltools.gnu-tools-for-stm32.10.3-2021.10.win32_1.0.0.202111181127/tools/bin/../lib/gcc/arm-none-eabi/10.3.1/../../../../arm-none-eabi/lib/thumb/v7e-m+dp/hard\libc_nano.a(lib_a-lock.o)
                0x0000000024004d00                __lock___malloc_recursive_mutex
 .bss.__lock___sfp_recursive_mutex
                0x0000000024004d01        0x1 c:/st/stm32cubeide_1.10.1/stm32cubeide/plugins/com.st.stm32cube.ide.mcu.externaltools.gnu-tools-for-stm32.10.3-2021.10.win32_1.0.0.202111181127/tools/bin/../lib/gcc/arm-none-eabi/10.3.1/../../../../arm-none-eabi/lib/thumb/v7e-m+dp/hard\libc_nano.a(lib_a-lock.o)
                0x0000000024004d01                __lock___sfp_recursive_mutex
 .bss.__lock___sinit_recursive_mutex
                0x0000000024004d02        0x1 c:/st/stm32cubeide_1.10.1/stm32cubeide/plugins/com.st.stm32cube.ide.mcu.externaltools.gnu-tools-for-stm32.10.3-2021.10.win32_1.0.0.202111181127/tools/bin/../lib/gcc/arm-none-eabi/10.3.1/../../../../arm-none-eabi/lib/thumb/v7e-m+dp/hard\libc_nano.a(lib_a-lock.o)
                0x0000000024004d02                __lock___sinit_recursive_mutex
 *fill*         0x0000000024004d03        0x1 
 .bss.__malloc_free_list
                0x0000000024004d04        0x4 c:/st/stm32cubeide_1.10.1/stm32cubeide/plugins/com.st.stm32cube.ide.mcu.externaltools.gnu-tools-for-stm32.10.3-2021.10.win32_1.0.0.202111181127/tools/bin/../lib/gcc/arm-none-eabi/10.3.1/../../../../arm-none-eabi/lib/thumb/v7e-m+dp/hard\libc_nano.a(lib_a-nano-mallocr.o)
                0x0000000024004d04                __malloc_free_list
 .bss.__malloc_sbrk_start
                0x0000000024004d08        0x4 c:/st/stm32cubeide_1.10.1/stm32cubeide/plugins/com.st.stm32cube.ide.mcu.externaltools.gnu-tools-for-stm32.10.3-2021.10.win32_1.0.0.202111181127/tools/bin/../lib/gcc/arm-none-eabi/10.3.1/../../../../arm-none-eabi/lib/thumb/v7e-m+dp/hard\libc_nano.a(lib_a-nano-mallocr.o)
                0x0000000024004d08                __malloc_sbrk_start
 .bss.errno     0x0000000024004d0c        0x4 c:/st/stm32cubeide_1.10.1/stm32cubeide/plugins/com.st.stm32cube.ide.mcu.externaltools.gnu-tools-for-stm32.10.3-2021.10.win32_1.0.0.202111181127/tools/bin/../lib/gcc/arm-none-eabi/10.3.1/../../../../arm-none-eabi/lib/thumb/v7e-m+dp/hard\libc_nano.a(lib_a-reent.o)
                0x0000000024004d0c                errno
 *(COMMON)
                0x0000000024004d10                . = ALIGN (0x4)
                0x0000000024004d10                _ebss = .
                0x0000000024004d10                __bss_end__ = _ebss

._user_heap_stack
                0x0000000024004d10      0x600 load address 0x000000000800baa4
                0x0000000024004d10                . = ALIGN (0x8)
                [!provide]                        PROVIDE (end = .)
                0x0000000024004d10                PROVIDE (_end = .)
                0x0000000024004f10                . = (. + _Min_Heap_Size)
 *fill*         0x0000000024004d10      0x200 
                0x0000000024005310                . = (. + _Min_Stack_Size)
 *fill*         0x0000000024004f10      0x400 
                0x0000000024005310                . = ALIGN (0x8)

/DISCARD/
 libc.a(*)
 libm.a(*)
 libgcc.a(*)

.ARM.attributes
                0x0000000000000000       0x2e
 *(.ARM.attributes)
 .ARM.attributes
                0x0000000000000000       0x1e c:/st/stm32cubeide_1.10.1/stm32cubeide/plugins/com.st.stm32cube.ide.mcu.externaltools.gnu-tools-for-stm32.10.3-2021.10.win32_1.0.0.202111181127/tools/bin/../lib/gcc/arm-none-eabi/10.3.1/thumb/v7e-m+dp/hard/crti.o
 .ARM.attributes
                0x000000000000001e       0x32 c:/st/stm32cubeide_1.10.1/stm32cubeide/plugins/com.st.stm32cube.ide.mcu.externaltools.gnu-tools-for-stm32.10.3-2021.10.win32_1.0.0.202111181127/tools/bin/../lib/gcc/arm-none-eabi/10.3.1/thumb/v7e-m+dp/hard/crtbegin.o
 .ARM.attributes
                0x0000000000000050       0x32 ./Common/Src/system_stm32h7xx_dualcore_boot_cm4_cm7.o
 .ARM.attributes
                0x0000000000000082       0x32 ./Core/Src/main.o
 .ARM.attributes
                0x00000000000000b4       0x32 ./Core/Src/myprintf.o
 .ARM.attributes
                0x00000000000000e6       0x32 ./Core/Src/stm32h7xx_hal_msp.o
 .ARM.attributes
                0x0000000000000118       0x32 ./Core/Src/stm32h7xx_hal_timebase_tim.o
 .ARM.attributes
                0x000000000000014a       0x32 ./Core/Src/stm32h7xx_it.o
 .ARM.attributes
                0x000000000000017c       0x32 ./Core/Src/syscalls.o
 .ARM.attributes
                0x00000000000001ae       0x32 ./Core/Src/sysmem.o
 .ARM.attributes
                0x00000000000001e0       0x21 ./Core/Startup/startup_stm32h745zitx.o
 .ARM.attributes
                0x0000000000000201       0x32 ./Drivers/STM32H7xx_HAL_Driver/stm32h7xx_hal.o
 .ARM.attributes
                0x0000000000000233       0x32 ./Drivers/STM32H7xx_HAL_Driver/stm32h7xx_hal_cortex.o
 .ARM.attributes
                0x0000000000000265       0x32 ./Drivers/STM32H7xx_HAL_Driver/stm32h7xx_hal_fdcan.o
 .ARM.attributes
                0x0000000000000297       0x32 ./Drivers/STM32H7xx_HAL_Driver/stm32h7xx_hal_gpio.o
 .ARM.attributes
                0x00000000000002c9       0x32 ./Drivers/STM32H7xx_HAL_Driver/stm32h7xx_hal_hsem.o
 .ARM.attributes
                0x00000000000002fb       0x32 ./Drivers/STM32H7xx_HAL_Driver/stm32h7xx_hal_pwr_ex.o
 .ARM.attributes
                0x000000000000032d       0x32 ./Drivers/STM32H7xx_HAL_Driver/stm32h7xx_hal_rcc.o
 .ARM.attributes
                0x000000000000035f       0x32 ./Drivers/STM32H7xx_HAL_Driver/stm32h7xx_hal_rcc_ex.o
 .ARM.attributes
                0x0000000000000391       0x32 ./Drivers/STM32H7xx_HAL_Driver/stm32h7xx_hal_spi.o
 .ARM.attributes
                0x00000000000003c3       0x32 ./Drivers/STM32H7xx_HAL_Driver/stm32h7xx_hal_tim.o
 .ARM.attributes
                0x00000000000003f5       0x32 ./Drivers/STM32H7xx_HAL_Driver/stm32h7xx_hal_tim_ex.o
 .ARM.attributes
                0x0000000000000427       0x32 ./Drivers/STM32H7xx_HAL_Driver/stm32h7xx_hal_uart.o
 .ARM.attributes
                0x0000000000000459       0x32 ./Drivers/STM32H7xx_HAL_Driver/stm32h7xx_hal_uart_ex.o
 .ARM.attributes
                0x000000000000048b       0x32 ./Middlewares/Third_Party/FreeRTOS/cmsis_os2.o
 .ARM.attributes
                0x00000000000004bd       0x32 ./Middlewares/Third_Party/FreeRTOS/heap_4.o
 .ARM.attributes
                0x00000000000004ef       0x32 ./Middlewares/Third_Party/FreeRTOS/list.o
 .ARM.attributes
                0x0000000000000521       0x32 ./Middlewares/Third_Party/FreeRTOS/port.o
 .ARM.attributes
                0x0000000000000553       0x32 ./Middlewares/Third_Party/FreeRTOS/queue.o
 .ARM.attributes
                0x0000000000000585       0x32 ./Middlewares/Third_Party/FreeRTOS/tasks.o
 .ARM.attributes
                0x00000000000005b7       0x32 ./Middlewares/Third_Party/FreeRTOS/timers.o
 .ARM.attributes
                0x00000000000005e9       0x32 c:/st/stm32cubeide_1.10.1/stm32cubeide/plugins/com.st.stm32cube.ide.mcu.externaltools.gnu-tools-for-stm32.10.3-2021.10.win32_1.0.0.202111181127/tools/bin/../lib/gcc/arm-none-eabi/10.3.1/../../../../arm-none-eabi/lib/thumb/v7e-m+dp/hard\libc_nano.a(lib_a-errno.o)
 .ARM.attributes
                0x000000000000061b       0x32 c:/st/stm32cubeide_1.10.1/stm32cubeide/plugins/com.st.stm32cube.ide.mcu.externaltools.gnu-tools-for-stm32.10.3-2021.10.win32_1.0.0.202111181127/tools/bin/../lib/gcc/arm-none-eabi/10.3.1/../../../../arm-none-eabi/lib/thumb/v7e-m+dp/hard\libc_nano.a(lib_a-findfp.o)
 .ARM.attributes
                0x000000000000064d       0x32 c:/st/stm32cubeide_1.10.1/stm32cubeide/plugins/com.st.stm32cube.ide.mcu.externaltools.gnu-tools-for-stm32.10.3-2021.10.win32_1.0.0.202111181127/tools/bin/../lib/gcc/arm-none-eabi/10.3.1/../../../../arm-none-eabi/lib/thumb/v7e-m+dp/hard\libc_nano.a(lib_a-fwalk.o)
 .ARM.attributes
                0x000000000000067f       0x32 c:/st/stm32cubeide_1.10.1/stm32cubeide/plugins/com.st.stm32cube.ide.mcu.externaltools.gnu-tools-for-stm32.10.3-2021.10.win32_1.0.0.202111181127/tools/bin/../lib/gcc/arm-none-eabi/10.3.1/../../../../arm-none-eabi/lib/thumb/v7e-m+dp/hard\libc_nano.a(lib_a-impure.o)
 .ARM.attributes